04-18 12:24:57.158  1278  3558 D BatteryService: Sending ACTION_BATTERY_CHANGED. scale:100, info:{.chargerAcOnline = true, .chargerUsbOnline = false, .chargerWirelessOnline = false, .maxChargingCurrent = 1400000, .maxChargingVoltage = 9000000, .batteryStatus = FULL, .batteryHealth = GOOD, .batteryPresent = true, .batteryLevel = 100, .batteryVoltage = 4349, .batteryTemperature = 210, .batteryCurrent = 7, .batteryCycleCount = 5, .batteryFullCharge = 3092385, .batteryChargeCounter = 3022693, .batteryTechnology = Li-ion}, EXTRA_WIRELESS_CHARGER_DISABLE = false
04-18 12:24:59.739  1061  1184 E storaged: getDiskStats failed with result NOT_SUPPORTED and size 0
04-18 12:25:33.864  1278  3558 D BatteryService: Processing new values: info={.chargerAcOnline = true, .chargerUsbOnline = false, .chargerWirelessOnline = false, .maxChargingCurrent = 1400000, .maxChargingVoltage = 9000000, .batteryStatus = FULL, .batteryHealth = GOOD, .batteryPresent = true, .batteryLevel = 100, .batteryVoltage = 4349, .batteryTemperature = 210, .batteryCurrent = 7, .batteryCycleCount = 5, .batteryFullCharge = 3092385, .batteryChargeCounter = 3022611, .batteryTechnology = Li-ion}, mBatteryLevelCritical=false, mPlugType=1
04-18 12:25:33.864  1278  3558 I BatteryService: shutdownIfLowCurrentLocked batteryLevel = 100 , hasChargingCurrent = false(isPowered=true,batteryCurrent=7,hardware=qcom) , hitShutdownVoltage = true(batteryVoltage=4349,mBatteryMinVoltage=-1) , isSystemReady = true
04-18 12:25:33.864  1278  1333 D BatteryStatsImpl: resetWhenChargingLongTime resetTime=25200000 ,mchargingUPTime=1384006 , (resetTime-(uptime-mchargingUPTime))=18910985 ,onBattery=false
04-18 12:25:33.865  1278  3558 D BatteryService: Sending ACTION_BATTERY_CHANGED. scale:100, info:{.chargerAcOnline = true, .chargerUsbOnline = false, .chargerWirelessOnline = false, .maxChargingCurrent = 1400000, .maxChargingVoltage = 9000000, .batteryStatus = FULL, .batteryHealth = GOOD, .batteryPresent = true, .batteryLevel = 100, .batteryVoltage = 4349, .batteryTemperature = 210, .batteryCurrent = 7, .batteryCycleCount = 5, .batteryFullCharge = 3092385, .batteryChargeCounter = 3022611, .batteryTechnology = Li-ion}, EXTRA_WIRELESS_CHARGER_DISABLE = false
04-18 12:25:57.535  1278  3558 D BatteryService: Processing new values: info={.chargerAcOnline = true, .chargerUsbOnline = false, .chargerWirelessOnline = false, .maxChargingCurrent = 1400000, .maxChargingVoltage = 9000000, .batteryStatus = FULL, .batteryHealth = GOOD, .batteryPresent = true, .batteryLevel = 100, .batteryVoltage = 4350, .batteryTemperature = 210, .batteryCurrent = 7, .batteryCycleCount = 5, .batteryFullCharge = 3092385, .batteryChargeCounter = 3022561, .batteryTechnology = Li-ion}, mBatteryLevelCritical=false, mPlugType=1
04-18 12:25:57.536  1278  3558 I BatteryService: shutdownIfLowCurrentLocked batteryLevel = 100 , hasChargingCurrent = false(isPowered=true,batteryCurrent=7,hardware=qcom) , hitShutdownVoltage = true(batteryVoltage=4350,mBatteryMinVoltage=-1) , isSystemReady = true
04-18 12:25:57.536  1278  1333 D BatteryStatsImpl: resetWhenChargingLongTime resetTime=25200000 ,mchargingUPTime=1384006 , (resetTime-(uptime-mchargingUPTime))=18908713 ,onBattery=false
04-18 12:25:57.536  1278  3558 D BatteryService: Sending ACTION_BATTERY_CHANGED. scale:100, info:{.chargerAcOnline = true, .chargerUsbOnline = false, .chargerWirelessOnline = false, .maxChargingCurrent = 1400000, .maxChargingVoltage = 9000000, .batteryStatus = FULL, .batteryHealth = GOOD, .batteryPresent = true, .batteryLevel = 100, .batteryVoltage = 4350, .batteryTemperature = 210, .batteryCurrent = 7, .batteryCycleCount = 5, .batteryFullCharge = 3092385, .batteryChargeCounter = 3022561, .batteryTechnology = Li-ion}, EXTRA_WIRELESS_CHARGER_DISABLE = false
04-18 12:26:39.078  1278  3558 D BatteryService: Processing new values: info={.chargerAcOnline = true, .chargerUsbOnline = false, .chargerWirelessOnline = false, .maxChargingCurrent = 1400000, .maxChargingVoltage = 9000000, .batteryStatus = FULL, .batteryHealth = GOOD, .batteryPresent = true, .batteryLevel = 100, .batteryVoltage = 4350, .batteryTemperature = 210, .batteryCurrent = 7, .batteryCycleCount = 5, .batteryFullCharge = 3092385, .batteryChargeCounter = 3022471, .batteryTechnology = Li-ion}, mBatteryLevelCritical=false, mPlugType=1
04-18 12:26:39.079  1278  3558 I BatteryService: shutdownIfLowCurrentLocked batteryLevel = 100 , hasChargingCurrent = false(isPowered=true,batteryCurrent=7,hardware=qcom) , hitShutdownVoltage = true(batteryVoltage=4350,mBatteryMinVoltage=-1) , isSystemReady = true
04-18 12:26:39.079  1278  3558 D BatteryService: Sending ACTION_BATTERY_CHANGED. scale:100, info:{.chargerAcOnline = true, .chargerUsbOnline = false, .chargerWirelessOnline = false, .maxChargingCurrent = 1400000, .maxChargingVoltage = 9000000, .batteryStatus = FULL, .batteryHealth = GOOD, .batteryPresent = true, .batteryLevel = 100, .batteryVoltage = 4350, .batteryTemperature = 210, .batteryCurrent = 7, .batteryCycleCount = 5, .batteryFullCharge = 3092385, .batteryChargeCounter = 3022471, .batteryTechnology = Li-ion}, EXTRA_WIRELESS_CHARGER_DISABLE = false
04-18 12:26:39.080  1278  1333 D BatteryStatsImpl: resetWhenChargingLongTime resetTime=25200000 ,mchargingUPTime=1384006 , (resetTime-(uptime-mchargingUPTime))=18905052 ,onBattery=false
04-18 12:26:57.579  1278  3558 D BatteryService: Processing new values: info={.chargerAcOnline = true, .chargerUsbOnline = false, .chargerWirelessOnline = false, .maxChargingCurrent = 1400000, .maxChargingVoltage = 9000000, .batteryStatus = FULL, .batteryHealth = GOOD, .batteryPresent = true, .batteryLevel = 100, .batteryVoltage = 4350, .batteryTemperature = 210, .batteryCurrent = 7, .batteryCycleCount = 5, .batteryFullCharge = 3092385, .batteryChargeCounter = 3022431, .batteryTechnology = Li-ion}, mBatteryLevelCritical=false, mPlugType=1
04-18 12:26:57.579  1278  3558 I BatteryService: shutdownIfLowCurrentLocked batteryLevel = 100 , hasChargingCurrent = false(isPowered=true,batteryCurrent=7,hardware=qcom) , hitShutdownVoltage = true(batteryVoltage=4350,mBatteryMinVoltage=-1) , isSystemReady = true
04-18 12:26:57.580  1278  1333 D BatteryStatsImpl: resetWhenChargingLongTime resetTime=25200000 ,mchargingUPTime=1384006 , (resetTime-(uptime-mchargingUPTime))=18900835 ,onBattery=false
04-18 12:26:57.580  1278  3558 D BatteryService: Sending ACTION_BATTERY_CHANGED. scale:100, info:{.chargerAcOnline = true, .chargerUsbOnline = false, .chargerWirelessOnline = false, .maxChargingCurrent = 1400000, .maxChargingVoltage = 9000000, .batteryStatus = FULL, .batteryHealth = GOOD, .batteryPresent = true, .batteryLevel = 100, .batteryVoltage = 4350, .batteryTemperature = 210, .batteryCurrent = 7, .batteryCycleCount = 5, .batteryFullCharge = 3092385, .batteryChargeCounter = 3022431, .batteryTechnology = Li-ion}, EXTRA_WIRELESS_CHARGER_DISABLE = false
04-18 12:27:44.356  1278  3558 D BatteryService: Processing new values: info={.chargerAcOnline = true, .chargerUsbOnline = false, .chargerWirelessOnline = false, .maxChargingCurrent = 1400000, .maxChargingVoltage = 9000000, .batteryStatus = FULL, .batteryHealth = GOOD, .batteryPresent = true, .batteryLevel = 100, .batteryVoltage = 4350, .batteryTemperature = 210, .batteryCurrent = 7, .batteryCycleCount = 5, .batteryFullCharge = 3092385, .batteryChargeCounter = 3022329, .batteryTechnology = Li-ion}, mBatteryLevelCritical=false, mPlugType=1
04-18 12:27:44.357  1278  3558 I BatteryService: shutdownIfLowCurrentLocked batteryLevel = 100 , hasChargingCurrent = false(isPowered=true,batteryCurrent=7,hardware=qcom) , hitShutdownVoltage = true(batteryVoltage=4350,mBatteryMinVoltage=-1) , isSystemReady = true
04-18 12:27:44.357  1278  1333 D BatteryStatsImpl: resetWhenChargingLongTime resetTime=25200000 ,mchargingUPTime=1384006 , (resetTime-(uptime-mchargingUPTime))=18896384 ,onBattery=false
04-18 12:27:44.358  1278  3558 D BatteryService: Sending ACTION_BATTERY_CHANGED. scale:100, info:{.chargerAcOnline = true, .chargerUsbOnline = false, .chargerWirelessOnline = false, .maxChargingCurrent = 1400000, .maxChargingVoltage = 9000000, .batteryStatus = FULL, .batteryHealth = GOOD, .batteryPresent = true, .batteryLevel = 100, .batteryVoltage = 4350, .batteryTemperature = 210, .batteryCurrent = 7, .batteryCycleCount = 5, .batteryFullCharge = 3092385, .batteryChargeCounter = 3022329, .batteryTechnology = Li-ion}, EXTRA_WIRELESS_CHARGER_DISABLE = false
04-18 12:27:57.526  1278  3558 D BatteryService: Processing new values: info={.chargerAcOnline = true, .chargerUsbOnline = false, .chargerWirelessOnline = false, .maxChargingCurrent = 1400000, .maxChargingVoltage = 9000000, .batteryStatus = FULL, .batteryHealth = GOOD, .batteryPresent = true, .batteryLevel = 100, .batteryVoltage = 4350, .batteryTemperature = 210, .batteryCurrent = 7, .batteryCycleCount = 5, .batteryFullCharge = 3092385, .batteryChargeCounter = 3022297, .batteryTechnology = Li-ion}, mBatteryLevelCritical=false, mPlugType=1
04-18 12:27:57.526  1278  3558 I BatteryService: shutdownIfLowCurrentLocked batteryLevel = 100 , hasChargingCurrent = false(isPowered=true,batteryCurrent=7,hardware=qcom) , hitShutdownVoltage = true(batteryVoltage=4350,mBatteryMinVoltage=-1) , isSystemReady = true
04-18 12:27:57.526  1278  1333 D BatteryStatsImpl: resetWhenChargingLongTime resetTime=25200000 ,mchargingUPTime=1384006 , (resetTime-(uptime-mchargingUPTime))=18895807 ,onBattery=false
04-18 12:27:57.526  1278  3558 D BatteryService: Sending ACTION_BATTERY_CHANGED. scale:100, info:{.chargerAcOnline = true, .chargerUsbOnline = false, .chargerWirelessOnline = false, .maxChargingCurrent = 1400000, .maxChargingVoltage = 9000000, .batteryStatus = FULL, .batteryHealth = GOOD, .batteryPresent = true, .batteryLevel = 100, .batteryVoltage = 4350, .batteryTemperature = 210, .batteryCurrent = 7, .batteryCycleCount = 5, .batteryFullCharge = 3092385, .batteryChargeCounter = 3022297, .batteryTechnology = Li-ion}, EXTRA_WIRELESS_CHARGER_DISABLE = false
04-18 12:28:48.223  1278  3558 D BatteryService: Processing new values: info={.chargerAcOnline = true, .chargerUsbOnline = false, .chargerWirelessOnline = false, .maxChargingCurrent = 1400000, .maxChargingVoltage = 9000000, .batteryStatus = FULL, .batteryHealth = GOOD, .batteryPresent = true, .batteryLevel = 100, .batteryVoltage = 4350, .batteryTemperature = 210, .batteryCurrent = 7, .batteryCycleCount = 5, .batteryFullCharge = 3092385, .batteryChargeCounter = 3022190, .batteryTechnology = Li-ion}, mBatteryLevelCritical=false, mPlugType=1
04-18 12:28:48.223  1278  3558 I BatteryService: shutdownIfLowCurrentLocked batteryLevel = 100 , hasChargingCurrent = false(isPowered=true,batteryCurrent=7,hardware=qcom) , hitShutdownVoltage = true(batteryVoltage=4350,mBatteryMinVoltage=-1) , isSystemReady = true
04-18 12:28:48.224  1278  1333 D BatteryStatsImpl: resetWhenChargingLongTime resetTime=25200000 ,mchargingUPTime=1384006 , (resetTime-(uptime-mchargingUPTime))=18891854 ,onBattery=false
04-18 12:28:48.224  1278  3558 D BatteryService: Sending ACTION_BATTERY_CHANGED. scale:100, info:{.chargerAcOnline = true, .chargerUsbOnline = false, .chargerWirelessOnline = false, .maxChargingCurrent = 1400000, .maxChargingVoltage = 9000000, .batteryStatus = FULL, .batteryHealth = GOOD, .batteryPresent = true, .batteryLevel = 100, .batteryVoltage = 4350, .batteryTemperature = 210, .batteryCurrent = 7, .batteryCycleCount = 5, .batteryFullCharge = 3092385, .batteryChargeCounter = 3022190, .batteryTechnology = Li-ion}, EXTRA_WIRELESS_CHARGER_DISABLE = false
04-18 12:28:57.558  1278  3558 D BatteryService: Processing new values: info={.chargerAcOnline = true, .chargerUsbOnline = false, .chargerWirelessOnline = false, .maxChargingCurrent = 1400000, .maxChargingVoltage = 9000000, .batteryStatus = FULL, .batteryHealth = GOOD, .batteryPresent = true, .batteryLevel = 100, .batteryVoltage = 4350, .batteryTemperature = 210, .batteryCurrent = 7, .batteryCycleCount = 5, .batteryFullCharge = 3092385, .batteryChargeCounter = 3022168, .batteryTechnology = Li-ion}, mBatteryLevelCritical=false, mPlugType=1
04-18 12:28:57.558  1278  3558 I BatteryService: shutdownIfLowCurrentLocked batteryLevel = 100 , hasChargingCurrent = false(isPowered=true,batteryCurrent=7,hardware=qcom) , hitShutdownVoltage = true(batteryVoltage=4350,mBatteryMinVoltage=-1) , isSystemReady = true
04-18 12:28:57.559  1278  3558 D BatteryService: Sending ACTION_BATTERY_CHANGED. scale:100, info:{.chargerAcOnline = true, .chargerUsbOnline = false, .chargerWirelessOnline = false, .maxChargingCurrent = 1400000, .maxChargingVoltage = 9000000, .batteryStatus = FULL, .batteryHealth = GOOD, .batteryPresent = true, .batteryLevel = 100, .batteryVoltage = 4350, .batteryTemperature = 210, .batteryCurrent = 7, .batteryCycleCount = 5, .batteryFullCharge = 3092385, .batteryChargeCounter = 3022168, .batteryTechnology = Li-ion}, EXTRA_WIRELESS_CHARGER_DISABLE = false
04-18 12:28:57.559  1278  1333 D BatteryStatsImpl: resetWhenChargingLongTime resetTime=25200000 ,mchargingUPTime=1384006 , (resetTime-(uptime-mchargingUPTime))=18890038 ,onBattery=false
04-18 12:29:53.484  1278  3558 D BatteryService: Processing new values: info={.chargerAcOnline = true, .chargerUsbOnline = false, .chargerWirelessOnline = false, .maxChargingCurrent = 1400000, .maxChargingVoltage = 9000000, .batteryStatus = FULL, .batteryHealth = GOOD, .batteryPresent = true, .batteryLevel = 100, .batteryVoltage = 4349, .batteryTemperature = 210, .batteryCurrent = 7, .batteryCycleCount = 5, .batteryFullCharge = 3092385, .batteryChargeCounter = 3022048, .batteryTechnology = Li-ion}, mBatteryLevelCritical=false, mPlugType=1
04-18 12:29:53.484  1278  3558 I BatteryService: shutdownIfLowCurrentLocked batteryLevel = 100 , hasChargingCurrent = false(isPowered=true,batteryCurrent=7,hardware=qcom) , hitShutdownVoltage = true(batteryVoltage=4349,mBatteryMinVoltage=-1) , isSystemReady = true
04-18 12:29:53.485  1278  3558 D BatteryService: Sending ACTION_BATTERY_CHANGED. scale:100, info:{.chargerAcOnline = true, .chargerUsbOnline = false, .chargerWirelessOnline = false, .maxChargingCurrent = 1400000, .maxChargingVoltage = 9000000, .batteryStatus = FULL, .batteryHealth = GOOD, .batteryPresent = true, .batteryLevel = 100, .batteryVoltage = 4349, .batteryTemperature = 210, .batteryCurrent = 7, .batteryCycleCount = 5, .batteryFullCharge = 3092385, .batteryChargeCounter = 3022048, .batteryTechnology = Li-ion}, EXTRA_WIRELESS_CHARGER_DISABLE = false
04-18 12:29:53.485  1278  1333 D BatteryStatsImpl: resetWhenChargingLongTime resetTime=25200000 ,mchargingUPTime=1384006 , (resetTime-(uptime-mchargingUPTime))=18881865 ,onBattery=false
04-18 12:29:57.568  1278  3558 D BatteryService: Processing new values: info={.chargerAcOnline = true, .chargerUsbOnline = false, .chargerWirelessOnline = false, .maxChargingCurrent = 1400000, .maxChargingVoltage = 9000000, .batteryStatus = FULL, .batteryHealth = GOOD, .batteryPresent = true, .batteryLevel = 100, .batteryVoltage = 4350, .batteryTemperature = 210, .batteryCurrent = 7, .batteryCycleCount = 5, .batteryFullCharge = 3092385, .batteryChargeCounter = 3022039, .batteryTechnology = Li-ion}, mBatteryLevelCritical=false, mPlugType=1
04-18 12:29:57.569  1278  3558 I BatteryService: shutdownIfLowCurrentLocked batteryLevel = 100 , hasChargingCurrent = false(isPowered=true,batteryCurrent=7,hardware=qcom) , hitShutdownVoltage = true(batteryVoltage=4350,mBatteryMinVoltage=-1) , isSystemReady = true
04-18 12:29:57.569  1278  1333 D BatteryStatsImpl: resetWhenChargingLongTime resetTime=25200000 ,mchargingUPTime=1384006 , (resetTime-(uptime-mchargingUPTime))=18881242 ,onBattery=false
04-18 12:29:57.569  1278  3558 D BatteryService: Sending ACTION_BATTERY_CHANGED. scale:100, info:{.chargerAcOnline = true, .chargerUsbOnline = false, .chargerWirelessOnline = false, .maxChargingCurrent = 1400000, .maxChargingVoltage = 9000000, .batteryStatus = FULL, .batteryHealth = GOOD, .batteryPresent = true, .batteryLevel = 100, .batteryVoltage = 4350, .batteryTemperature = 210, .batteryCurrent = 7, .batteryCycleCount = 5, .batteryFullCharge = 3092385, .batteryChargeCounter = 3022039, .batteryTechnology = Li-ion}, EXTRA_WIRELESS_CHARGER_DISABLE = false
04-18 12:30:57.327  1278  3558 D BatteryService: Processing new values: info={.chargerAcOnline = true, .chargerUsbOnline = false, .chargerWirelessOnline = false, .maxChargingCurrent = 1400000, .maxChargingVoltage = 9000000, .batteryStatus = FULL, .batteryHealth = GOOD, .batteryPresent = true, .batteryLevel = 100, .batteryVoltage = 4349, .batteryTemperature = 210, .batteryCurrent = 7, .batteryCycleCount = 5, .batteryFullCharge = 3092385, .batteryChargeCounter = 3021909, .batteryTechnology = Li-ion}, mBatteryLevelCritical=false, mPlugType=1
04-18 12:30:57.328  1278  3558 I BatteryService: shutdownIfLowCurrentLocked batteryLevel = 100 , hasChargingCurrent = false(isPowered=true,batteryCurrent=7,hardware=qcom) , hitShutdownVoltage = true(batteryVoltage=4349,mBatteryMinVoltage=-1) , isSystemReady = true
04-18 12:30:57.328  1278  1333 D BatteryStatsImpl: resetWhenChargingLongTime resetTime=25200000 ,mchargingUPTime=1384006 , (resetTime-(uptime-mchargingUPTime))=18875058 ,onBattery=false
04-18 12:30:57.328  1278  3558 D BatteryService: Sending ACTION_BATTERY_CHANGED. scale:100, info:{.chargerAcOnline = true, .chargerUsbOnline = false, .chargerWirelessOnline = false, .maxChargingCurrent = 1400000, .maxChargingVoltage = 9000000, .batteryStatus = FULL, .batteryHealth = GOOD, .batteryPresent = true, .batteryLevel = 100, .batteryVoltage = 4349, .batteryTemperature = 210, .batteryCurrent = 7, .batteryCycleCount = 5, .batteryFullCharge = 3092385, .batteryChargeCounter = 3021909, .batteryTechnology = Li-ion}, EXTRA_WIRELESS_CHARGER_DISABLE = false
04-18 12:30:57.354  1278  3558 D BatteryService: Processing new values: info={.chargerAcOnline = true, .chargerUsbOnline = false, .chargerWirelessOnline = false, .maxChargingCurrent = 1400000, .maxChargingVoltage = 9000000, .batteryStatus = FULL, .batteryHealth = GOOD, .batteryPresent = true, .batteryLevel = 100, .batteryVoltage = 4349, .batteryTemperature = 210, .batteryCurrent = 7, .batteryCycleCount = 5, .batteryFullCharge = 3092385, .batteryChargeCounter = 3021909, .batteryTechnology = Li-ion}, mBatteryLevelCritical=false, mPlugType=1
04-18 12:30:57.354  1278  3558 I BatteryService: shutdownIfLowCurrentLocked batteryLevel = 100 , hasChargingCurrent = false(isPowered=true,batteryCurrent=7,hardware=qcom) , hitShutdownVoltage = true(batteryVoltage=4349,mBatteryMinVoltage=-1) , isSystemReady = true
04-18 12:30:57.354  1278  1333 D BatteryStatsImpl: resetWhenChargingLongTime resetTime=25200000 ,mchargingUPTime=1384006 , (resetTime-(uptime-mchargingUPTime))=18875032 ,onBattery=false
04-18 12:31:11.140  1278  1278 D ZenModeAppConfig: updateConfigXml(): config size: 1, pkg size: 1
04-18 12:31:11.140  1278  1278 D ZenModeAppConfig: writeConfigToXml(),config: ZenModeAppConfig[,user=0,allowAlarm=false,allowCalls=true,allowRepeatCallers=false,allowMessages=false,allowCallsFrom=contacts,allowMessagesFrom=contacts,allowReminders=false,allowEvents=false,allowSwipeFingerPrint=false,allowSwipeNaviBar=false,allowAutoBrightness=false,allowSwipeFingerNaviBar=true,allowVisualDisturbances=false], pkgNames: null
04-18 12:31:13.967  1278  1278 W Looper  : Slow delivery took 436ms main h=com.android.server.notification.NotificationManagerService$WorkerHandler c=com.android.server.notification.NotificationManagerService$PostNotificationRunnable@fda5583 m=0
04-18 12:31:13.970  1278  1278 W Looper  : Drained
04-18 12:31:57.582  1278  3558 D BatteryService: Processing new values: info={.chargerAcOnline = true, .chargerUsbOnline = false, .chargerWirelessOnline = false, .maxChargingCurrent = 1400000, .maxChargingVoltage = 9000000, .batteryStatus = FULL, .batteryHealth = GOOD, .batteryPresent = true, .batteryLevel = 100, .batteryVoltage = 4350, .batteryTemperature = 210, .batteryCurrent = 7, .batteryCycleCount = 5, .batteryFullCharge = 3092385, .batteryChargeCounter = 3021778, .batteryTechnology = Li-ion}, mBatteryLevelCritical=false, mPlugType=1
04-18 12:31:57.583  1278  3558 I BatteryService: shutdownIfLowCurrentLocked batteryLevel = 100 , hasChargingCurrent = false(isPowered=true,batteryCurrent=7,hardware=qcom) , hitShutdownVoltage = true(batteryVoltage=4350,mBatteryMinVoltage=-1) , isSystemReady = true
04-18 12:31:57.583  1278  3558 D BatteryService: Sending ACTION_BATTERY_CHANGED. scale:100, info:{.chargerAcOnline = true, .chargerUsbOnline = false, .chargerWirelessOnline = false, .maxChargingCurrent = 1400000, .maxChargingVoltage = 9000000, .batteryStatus = FULL, .batteryHealth = GOOD, .batteryPresent = true, .batteryLevel = 100, .batteryVoltage = 4350, .batteryTemperature = 210, .batteryCurrent = 7, .batteryCycleCount = 5, .batteryFullCharge = 3092385, .batteryChargeCounter = 3021778, .batteryTechnology = Li-ion}, EXTRA_WIRELESS_CHARGER_DISABLE = false
04-18 12:31:57.584  1278  1333 D BatteryStatsImpl: resetWhenChargingLongTime resetTime=25200000 ,mchargingUPTime=1384006 , (resetTime-(uptime-mchargingUPTime))=18864543 ,onBattery=false
04-18 12:32:02.616  1278  3558 D BatteryService: Processing new values: info={.chargerAcOnline = true, .chargerUsbOnline = false, .chargerWirelessOnline = false, .maxChargingCurrent = 1400000, .maxChargingVoltage = 9000000, .batteryStatus = FULL, .batteryHealth = GOOD, .batteryPresent = true, .batteryLevel = 100, .batteryVoltage = 4350, .batteryTemperature = 210, .batteryCurrent = 7, .batteryCycleCount = 5, .batteryFullCharge = 3092385, .batteryChargeCounter = 3021769, .batteryTechnology = Li-ion}, mBatteryLevelCritical=false, mPlugType=1
04-18 12:32:02.616  1278  3558 I BatteryService: shutdownIfLowCurrentLocked batteryLevel = 100 , hasChargingCurrent = false(isPowered=true,batteryCurrent=7,hardware=qcom) , hitShutdownVoltage = true(batteryVoltage=4350,mBatteryMinVoltage=-1) , isSystemReady = true
04-18 12:32:02.616  1278  3558 D BatteryService: Sending ACTION_BATTERY_CHANGED. scale:100, info:{.chargerAcOnline = true, .chargerUsbOnline = false, .chargerWirelessOnline = false, .maxChargingCurrent = 1400000, .maxChargingVoltage = 9000000, .batteryStatus = FULL, .batteryHealth = GOOD, .batteryPresent = true, .batteryLevel = 100, .batteryVoltage = 4350, .batteryTemperature = 210, .batteryCurrent = 7, .batteryCycleCount = 5, .batteryFullCharge = 3092385, .batteryChargeCounter = 3021769, .batteryTechnology = Li-ion}, EXTRA_WIRELESS_CHARGER_DISABLE = false
04-18 12:32:02.616  1278  1333 D BatteryStatsImpl: resetWhenChargingLongTime resetTime=25200000 ,mchargingUPTime=1384006 , (resetTime-(uptime-mchargingUPTime))=18863163 ,onBattery=false
04-18 12:32:57.157  1278  3558 D BatteryService: Processing new values: info={.chargerAcOnline = true, .chargerUsbOnline = false, .chargerWirelessOnline = false, .maxChargingCurrent = 1400000, .maxChargingVoltage = 9000000, .batteryStatus = FULL, .batteryHealth = GOOD, .batteryPresent = true, .batteryLevel = 100, .batteryVoltage = 4349, .batteryTemperature = 210, .batteryCurrent = 7, .batteryCycleCount = 5, .batteryFullCharge = 3092385, .batteryChargeCounter = 3021650, .batteryTechnology = Li-ion}, mBatteryLevelCritical=false, mPlugType=1
04-18 12:32:57.158  1278  3558 I BatteryService: shutdownIfLowCurrentLocked batteryLevel = 100 , hasChargingCurrent = false(isPowered=true,batteryCurrent=7,hardware=qcom) , hitShutdownVoltage = true(batteryVoltage=4349,mBatteryMinVoltage=-1) , isSystemReady = true
04-18 12:32:57.158  1278  3558 D BatteryService: Sending ACTION_BATTERY_CHANGED. scale:100, info:{.chargerAcOnline = true, .chargerUsbOnline = false, .chargerWirelessOnline = false, .maxChargingCurrent = 1400000, .maxChargingVoltage = 9000000, .batteryStatus = FULL, .batteryHealth = GOOD, .batteryPresent = true, .batteryLevel = 100, .batteryVoltage = 4349, .batteryTemperature = 210, .batteryCurrent = 7, .batteryCycleCount = 5, .batteryFullCharge = 3092385, .batteryChargeCounter = 3021650, .batteryTechnology = Li-ion}, EXTRA_WIRELESS_CHARGER_DISABLE = false
04-18 12:32:57.158  1278  1333 D BatteryStatsImpl: resetWhenChargingLongTime resetTime=25200000 ,mchargingUPTime=1384006 , (resetTime-(uptime-mchargingUPTime))=18858137 ,onBattery=false
04-18 12:33:07.373  1061  1184 E storaged: getDiskStats failed with result NOT_SUPPORTED and size 0
04-18 12:33:07.904  1278  3558 D BatteryService: Processing new values: info={.chargerAcOnline = true, .chargerUsbOnline = false, .chargerWirelessOnline = false, .maxChargingCurrent = 1400000, .maxChargingVoltage = 9000000, .batteryStatus = FULL, .batteryHealth = GOOD, .batteryPresent = true, .batteryLevel = 100, .batteryVoltage = 4349, .batteryTemperature = 210, .batteryCurrent = 7, .batteryCycleCount = 5, .batteryFullCharge = 3092385, .batteryChargeCounter = 3021628, .batteryTechnology = Li-ion}, mBatteryLevelCritical=false, mPlugType=1
04-18 12:33:07.905  1278  3558 I BatteryService: shutdownIfLowCurrentLocked batteryLevel = 100 , hasChargingCurrent = false(isPowered=true,batteryCurrent=7,hardware=qcom) , hitShutdownVoltage = true(batteryVoltage=4349,mBatteryMinVoltage=-1) , isSystemReady = true
04-18 12:33:07.905  1278  3558 D BatteryService: Sending ACTION_BATTERY_CHANGED. scale:100, info:{.chargerAcOnline = true, .chargerUsbOnline = false, .chargerWirelessOnline = false, .maxChargingCurrent = 1400000, .maxChargingVoltage = 9000000, .batteryStatus = FULL, .batteryHealth = GOOD, .batteryPresent = true, .batteryLevel = 100, .batteryVoltage = 4349, .batteryTemperature = 210, .batteryCurrent = 7, .batteryCycleCount = 5, .batteryFullCharge = 3092385, .batteryChargeCounter = 3021628, .batteryTechnology = Li-ion}, EXTRA_WIRELESS_CHARGER_DISABLE = false
04-18 12:33:07.905  1278  1333 D BatteryStatsImpl: resetWhenChargingLongTime resetTime=25200000 ,mchargingUPTime=1384006 , (resetTime-(uptime-mchargingUPTime))=18854137 ,onBattery=false
04-18 12:33:57.156  1278  3558 D BatteryService: Processing new values: info={.chargerAcOnline = true, .chargerUsbOnline = false, .chargerWirelessOnline = false, .maxChargingCurrent = 1400000, .maxChargingVoltage = 9000000, .batteryStatus = FULL, .batteryHealth = GOOD, .batteryPresent = true, .batteryLevel = 100, .batteryVoltage = 4349, .batteryTemperature = 210, .batteryCurrent = 6, .batteryCycleCount = 5, .batteryFullCharge = 3092385, .batteryChargeCounter = 3021522, .batteryTechnology = Li-ion}, mBatteryLevelCritical=false, mPlugType=1
04-18 12:33:57.157  1278  3558 I BatteryService: shutdownIfLowCurrentLocked batteryLevel = 100 , hasChargingCurrent = false(isPowered=true,batteryCurrent=6,hardware=qcom) , hitShutdownVoltage = true(batteryVoltage=4349,mBatteryMinVoltage=-1) , isSystemReady = true
04-18 12:33:57.157  1278  1333 D BatteryStatsImpl: resetWhenChargingLongTime resetTime=25200000 ,mchargingUPTime=1384006 , (resetTime-(uptime-mchargingUPTime))=18847839 ,onBattery=false
04-18 12:33:57.157  1278  3558 D BatteryService: Sending ACTION_BATTERY_CHANGED. scale:100, info:{.chargerAcOnline = true, .chargerUsbOnline = false, .chargerWirelessOnline = false, .maxChargingCurrent = 1400000, .maxChargingVoltage = 9000000, .batteryStatus = FULL, .batteryHealth = GOOD, .batteryPresent = true, .batteryLevel = 100, .batteryVoltage = 4349, .batteryTemperature = 210, .batteryCurrent = 6, .batteryCycleCount = 5, .batteryFullCharge = 3092385, .batteryChargeCounter = 3021522, .batteryTechnology = Li-ion}, EXTRA_WIRELESS_CHARGER_DISABLE = false
04-18 12:34:11.373  1278  3558 D BatteryService: Processing new values: info={.chargerAcOnline = true, .chargerUsbOnline = false, .chargerWirelessOnline = false, .maxChargingCurrent = 1400000, .maxChargingVoltage = 9000000, .batteryStatus = FULL, .batteryHealth = GOOD, .batteryPresent = true, .batteryLevel = 100, .batteryVoltage = 4349, .batteryTemperature = 210, .batteryCurrent = 6, .batteryCycleCount = 5, .batteryFullCharge = 3092385, .batteryChargeCounter = 3021491, .batteryTechnology = Li-ion}, mBatteryLevelCritical=false, mPlugType=1
04-18 12:34:11.374  1278  3558 I BatteryService: shutdownIfLowCurrentLocked batteryLevel = 100 , hasChargingCurrent = false(isPowered=true,batteryCurrent=6,hardware=qcom) , hitShutdownVoltage = true(batteryVoltage=4349,mBatteryMinVoltage=-1) , isSystemReady = true
04-18 12:34:11.374  1278  1333 D BatteryStatsImpl: resetWhenChargingLongTime resetTime=25200000 ,mchargingUPTime=1384006 , (resetTime-(uptime-mchargingUPTime))=18846735 ,onBattery=false
04-18 12:34:11.374  1278  3558 D BatteryService: Sending ACTION_BATTERY_CHANGED. scale:100, info:{.chargerAcOnline = true, .chargerUsbOnline = false, .chargerWirelessOnline = false, .maxChargingCurrent = 1400000, .maxChargingVoltage = 9000000, .batteryStatus = FULL, .batteryHealth = GOOD, .batteryPresent = true, .batteryLevel = 100, .batteryVoltage = 4349, .batteryTemperature = 210, .batteryCurrent = 6, .batteryCycleCount = 5, .batteryFullCharge = 3092385, .batteryChargeCounter = 3021491, .batteryTechnology = Li-ion}, EXTRA_WIRELESS_CHARGER_DISABLE = false
04-18 12:34:57.562  1278  3558 D BatteryService: Processing new values: info={.chargerAcOnline = true, .chargerUsbOnline = false, .chargerWirelessOnline = false, .maxChargingCurrent = 1400000, .maxChargingVoltage = 9000000, .batteryStatus = FULL, .batteryHealth = GOOD, .batteryPresent = true, .batteryLevel = 100, .batteryVoltage = 4350, .batteryTemperature = 210, .batteryCurrent = 7, .batteryCycleCount = 5, .batteryFullCharge = 3092385, .batteryChargeCounter = 3021389, .batteryTechnology = Li-ion}, mBatteryLevelCritical=false, mPlugType=1
04-18 12:34:57.563  1278  3558 I BatteryService: shutdownIfLowCurrentLocked batteryLevel = 100 , hasChargingCurrent = false(isPowered=true,batteryCurrent=7,hardware=qcom) , hitShutdownVoltage = true(batteryVoltage=4350,mBatteryMinVoltage=-1) , isSystemReady = true
04-18 12:34:57.563  1278  3558 D BatteryService: Sending ACTION_BATTERY_CHANGED. scale:100, info:{.chargerAcOnline = true, .chargerUsbOnline = false, .chargerWirelessOnline = false, .maxChargingCurrent = 1400000, .maxChargingVoltage = 9000000, .batteryStatus = FULL, .batteryHealth = GOOD, .batteryPresent = true, .batteryLevel = 100, .batteryVoltage = 4350, .batteryTemperature = 210, .batteryCurrent = 7, .batteryCycleCount = 5, .batteryFullCharge = 3092385, .batteryChargeCounter = 3021389, .batteryTechnology = Li-ion}, EXTRA_WIRELESS_CHARGER_DISABLE = false
04-18 12:34:57.563  1278  1333 D BatteryStatsImpl: resetWhenChargingLongTime resetTime=25200000 ,mchargingUPTime=1384006 , (resetTime-(uptime-mchargingUPTime))=18840749 ,onBattery=false
04-18 12:35:17.008  1278  3558 D BatteryService: Processing new values: info={.chargerAcOnline = true, .chargerUsbOnline = false, .chargerWirelessOnline = false, .maxChargingCurrent = 1400000, .maxChargingVoltage = 9000000, .batteryStatus = FULL, .batteryHealth = GOOD, .batteryPresent = true, .batteryLevel = 100, .batteryVoltage = 4350, .batteryTemperature = 210, .batteryCurrent = 7, .batteryCycleCount = 5, .batteryFullCharge = 3092385, .batteryChargeCounter = 3021349, .batteryTechnology = Li-ion}, mBatteryLevelCritical=false, mPlugType=1
04-18 12:35:17.009  1278  3558 I BatteryService: shutdownIfLowCurrentLocked batteryLevel = 100 , hasChargingCurrent = false(isPowered=true,batteryCurrent=7,hardware=qcom) , hitShutdownVoltage = true(batteryVoltage=4350,mBatteryMinVoltage=-1) , isSystemReady = true
04-18 12:35:17.009  1278  3558 D BatteryService: Sending ACTION_BATTERY_CHANGED. scale:100, info:{.chargerAcOnline = true, .chargerUsbOnline = false, .chargerWirelessOnline = false, .maxChargingCurrent = 1400000, .maxChargingVoltage = 9000000, .batteryStatus = FULL, .batteryHealth = GOOD, .batteryPresent = true, .batteryLevel = 100, .batteryVoltage = 4350, .batteryTemperature = 210, .batteryCurrent = 7, .batteryCycleCount = 5, .batteryFullCharge = 3092385, .batteryChargeCounter = 3021349, .batteryTechnology = Li-ion}, EXTRA_WIRELESS_CHARGER_DISABLE = false
04-18 12:35:17.010  1278  1333 D BatteryStatsImpl: resetWhenChargingLongTime resetTime=25200000 ,mchargingUPTime=1384006 , (resetTime-(uptime-mchargingUPTime))=18834407 ,onBattery=false
04-18 12:35:57.156  1278  3558 D BatteryService: Processing new values: info={.chargerAcOnline = true, .chargerUsbOnline = false, .chargerWirelessOnline = false, .maxChargingCurrent = 1400000, .maxChargingVoltage = 9000000, .batteryStatus = FULL, .batteryHealth = GOOD, .batteryPresent = true, .batteryLevel = 100, .batteryVoltage = 4348, .batteryTemperature = 210, .batteryCurrent = 7, .batteryCycleCount = 5, .batteryFullCharge = 3092385, .batteryChargeCounter = 3021261, .batteryTechnology = Li-ion}, mBatteryLevelCritical=false, mPlugType=1
04-18 12:35:57.157  1278  3558 I BatteryService: shutdownIfLowCurrentLocked batteryLevel = 100 , hasChargingCurrent = false(isPowered=true,batteryCurrent=7,hardware=qcom) , hitShutdownVoltage = true(batteryVoltage=4348,mBatteryMinVoltage=-1) , isSystemReady = true
04-18 12:35:57.157  1278  3558 D BatteryService: Sending ACTION_BATTERY_CHANGED. scale:100, info:{.chargerAcOnline = true, .chargerUsbOnline = false, .chargerWirelessOnline = false, .maxChargingCurrent = 1400000, .maxChargingVoltage = 9000000, .batteryStatus = FULL, .batteryHealth = GOOD, .batteryPresent = true, .batteryLevel = 100, .batteryVoltage = 4348, .batteryTemperature = 210, .batteryCurrent = 7, .batteryCycleCount = 5, .batteryFullCharge = 3092385, .batteryChargeCounter = 3021261, .batteryTechnology = Li-ion}, EXTRA_WIRELESS_CHARGER_DISABLE = false
04-18 12:35:57.157  1278  1333 D BatteryStatsImpl: resetWhenChargingLongTime resetTime=25200000 ,mchargingUPTime=1384006 , (resetTime-(uptime-mchargingUPTime))=18828521 ,onBattery=false
04-18 12:36:20.843  1278  3558 D BatteryService: Processing new values: info={.chargerAcOnline = true, .chargerUsbOnline = false, .chargerWirelessOnline = false, .maxChargingCurrent = 1400000, .maxChargingVoltage = 9000000, .batteryStatus = FULL, .batteryHealth = GOOD, .batteryPresent = true, .batteryLevel = 100, .batteryVoltage = 4350, .batteryTemperature = 210, .batteryCurrent = 7, .batteryCycleCount = 5, .batteryFullCharge = 3092385, .batteryChargeCounter = 3021211, .batteryTechnology = Li-ion}, mBatteryLevelCritical=false, mPlugType=1
04-18 12:36:20.843  1278  3558 I BatteryService: shutdownIfLowCurrentLocked batteryLevel = 100 , hasChargingCurrent = false(isPowered=true,batteryCurrent=7,hardware=qcom) , hitShutdownVoltage = true(batteryVoltage=4350,mBatteryMinVoltage=-1) , isSystemReady = true
04-18 12:36:20.843  1278  3558 D BatteryService: Sending ACTION_BATTERY_CHANGED. scale:100, info:{.chargerAcOnline = true, .chargerUsbOnline = false, .chargerWirelessOnline = false, .maxChargingCurrent = 1400000, .maxChargingVoltage = 9000000, .batteryStatus = FULL, .batteryHealth = GOOD, .batteryPresent = true, .batteryLevel = 100, .batteryVoltage = 4350, .batteryTemperature = 210, .batteryCurrent = 7, .batteryCycleCount = 5, .batteryFullCharge = 3092385, .batteryChargeCounter = 3021211, .batteryTechnology = Li-ion}, EXTRA_WIRELESS_CHARGER_DISABLE = false
04-18 12:36:20.843  1278  1333 D BatteryStatsImpl: resetWhenChargingLongTime resetTime=25200000 ,mchargingUPTime=1384006 , (resetTime-(uptime-mchargingUPTime))=18822119 ,onBattery=false
04-18 12:36:57.156  1278  3558 D BatteryService: Processing new values: info={.chargerAcOnline = true, .chargerUsbOnline = false, .chargerWirelessOnline = false, .maxChargingCurrent = 1400000, .maxChargingVoltage = 9000000, .batteryStatus = FULL, .batteryHealth = GOOD, .batteryPresent = true, .batteryLevel = 100, .batteryVoltage = 4348, .batteryTemperature = 210, .batteryCurrent = 6, .batteryCycleCount = 5, .batteryFullCharge = 3092385, .batteryChargeCounter = 3021128, .batteryTechnology = Li-ion}, mBatteryLevelCritical=false, mPlugType=1
04-18 12:36:57.157  1278  3558 I BatteryService: shutdownIfLowCurrentLocked batteryLevel = 100 , hasChargingCurrent = false(isPowered=true,batteryCurrent=6,hardware=qcom) , hitShutdownVoltage = true(batteryVoltage=4348,mBatteryMinVoltage=-1) , isSystemReady = true
04-18 12:36:57.157  1278  3558 D BatteryService: Sending ACTION_BATTERY_CHANGED. scale:100, info:{.chargerAcOnline = true, .chargerUsbOnline = false, .chargerWirelessOnline = false, .maxChargingCurrent = 1400000, .maxChargingVoltage = 9000000, .batteryStatus = FULL, .batteryHealth = GOOD, .batteryPresent = true, .batteryLevel = 100, .batteryVoltage = 4348, .batteryTemperature = 210, .batteryCurrent = 6, .batteryCycleCount = 5, .batteryFullCharge = 3092385, .batteryChargeCounter = 3021128, .batteryTechnology = Li-ion}, EXTRA_WIRELESS_CHARGER_DISABLE = false
04-18 12:36:57.157  1278  1333 D BatteryStatsImpl: resetWhenChargingLongTime resetTime=25200000 ,mchargingUPTime=1384006 , (resetTime-(uptime-mchargingUPTime))=18818587 ,onBattery=false
04-18 12:37:26.121  1278  3558 D BatteryService: Processing new values: info={.chargerAcOnline = true, .chargerUsbOnline = false, .chargerWirelessOnline = false, .maxChargingCurrent = 1400000, .maxChargingVoltage = 9000000, .batteryStatus = FULL, .batteryHealth = GOOD, .batteryPresent = true, .batteryLevel = 100, .batteryVoltage = 4349, .batteryTemperature = 210, .batteryCurrent = 7, .batteryCycleCount = 5, .batteryFullCharge = 3092385, .batteryChargeCounter = 3021067, .batteryTechnology = Li-ion}, mBatteryLevelCritical=false, mPlugType=1
04-18 12:37:26.121  1278  3558 I BatteryService: shutdownIfLowCurrentLocked batteryLevel = 100 , hasChargingCurrent = false(isPowered=true,batteryCurrent=7,hardware=qcom) , hitShutdownVoltage = true(batteryVoltage=4349,mBatteryMinVoltage=-1) , isSystemReady = true
04-18 12:37:26.122  1278  3558 D BatteryService: Sending ACTION_BATTERY_CHANGED. scale:100, info:{.chargerAcOnline = true, .chargerUsbOnline = false, .chargerWirelessOnline = false, .maxChargingCurrent = 1400000, .maxChargingVoltage = 9000000, .batteryStatus = FULL, .batteryHealth = GOOD, .batteryPresent = true, .batteryLevel = 100, .batteryVoltage = 4349, .batteryTemperature = 210, .batteryCurrent = 7, .batteryCycleCount = 5, .batteryFullCharge = 3092385, .batteryChargeCounter = 3021067, .batteryTechnology = Li-ion}, EXTRA_WIRELESS_CHARGER_DISABLE = false
04-18 12:37:26.122  1278  1333 D BatteryStatsImpl: resetWhenChargingLongTime resetTime=25200000 ,mchargingUPTime=1384006 , (resetTime-(uptime-mchargingUPTime))=18812533 ,onBattery=false
04-18 12:37:57.156  1278  3558 D BatteryService: Processing new values: info={.chargerAcOnline = true, .chargerUsbOnline = false, .chargerWirelessOnline = false, .maxChargingCurrent = 1400000, .maxChargingVoltage = 9000000, .batteryStatus = FULL, .batteryHealth = GOOD, .batteryPresent = true, .batteryLevel = 100, .batteryVoltage = 4348, .batteryTemperature = 210, .batteryCurrent = 7, .batteryCycleCount = 5, .batteryFullCharge = 3092385, .batteryChargeCounter = 3020998, .batteryTechnology = Li-ion}, mBatteryLevelCritical=false, mPlugType=1
04-18 12:37:57.157  1278  3558 I BatteryService: shutdownIfLowCurrentLocked batteryLevel = 100 , hasChargingCurrent = false(isPowered=true,batteryCurrent=7,hardware=qcom) , hitShutdownVoltage = true(batteryVoltage=4348,mBatteryMinVoltage=-1) , isSystemReady = true
04-18 12:37:57.157  1278  3558 D BatteryService: Sending ACTION_BATTERY_CHANGED. scale:100, info:{.chargerAcOnline = true, .chargerUsbOnline = false, .chargerWirelessOnline = false, .maxChargingCurrent = 1400000, .maxChargingVoltage = 9000000, .batteryStatus = FULL, .batteryHealth = GOOD, .batteryPresent = true, .batteryLevel = 100, .batteryVoltage = 4348, .batteryTemperature = 210, .batteryCurrent = 7, .batteryCycleCount = 5, .batteryFullCharge = 3092385, .batteryChargeCounter = 3020998, .batteryTechnology = Li-ion}, EXTRA_WIRELESS_CHARGER_DISABLE = false
04-18 12:37:57.157  1278  1333 D BatteryStatsImpl: resetWhenChargingLongTime resetTime=25200000 ,mchargingUPTime=1384006 , (resetTime-(uptime-mchargingUPTime))=18805087 ,onBattery=false
04-18 12:38:31.388  1278  3558 D BatteryService: Processing new values: info={.chargerAcOnline = true, .chargerUsbOnline = false, .chargerWirelessOnline = false, .maxChargingCurrent = 1400000, .maxChargingVoltage = 9000000, .batteryStatus = FULL, .batteryHealth = GOOD, .batteryPresent = true, .batteryLevel = 100, .batteryVoltage = 4349, .batteryTemperature = 210, .batteryCurrent = 7, .batteryCycleCount = 5, .batteryFullCharge = 3092385, .batteryChargeCounter = 3020925, .batteryTechnology = Li-ion}, mBatteryLevelCritical=false, mPlugType=1
04-18 12:38:31.389  1278  3558 I BatteryService: shutdownIfLowCurrentLocked batteryLevel = 100 , hasChargingCurrent = false(isPowered=true,batteryCurrent=7,hardware=qcom) , hitShutdownVoltage = true(batteryVoltage=4349,mBatteryMinVoltage=-1) , isSystemReady = true
04-18 12:38:31.389  1278  1333 D BatteryStatsImpl: resetWhenChargingLongTime resetTime=25200000 ,mchargingUPTime=1384006 , (resetTime-(uptime-mchargingUPTime))=18799156 ,onBattery=false
04-18 12:38:31.389  1278  3558 D BatteryService: Sending ACTION_BATTERY_CHANGED. scale:100, info:{.chargerAcOnline = true, .chargerUsbOnline = false, .chargerWirelessOnline = false, .maxChargingCurrent = 1400000, .maxChargingVoltage = 9000000, .batteryStatus = FULL, .batteryHealth = GOOD, .batteryPresent = true, .batteryLevel = 100, .batteryVoltage = 4349, .batteryTemperature = 210, .batteryCurrent = 7, .batteryCycleCount = 5, .batteryFullCharge = 3092385, .batteryChargeCounter = 3020925, .batteryTechnology = Li-ion}, EXTRA_WIRELESS_CHARGER_DISABLE = false
04-18 12:38:57.156  1278  3558 D BatteryService: Processing new values: info={.chargerAcOnline = true, .chargerUsbOnline = false, .chargerWirelessOnline = false, .maxChargingCurrent = 1400000, .maxChargingVoltage = 9000000, .batteryStatus = FULL, .batteryHealth = GOOD, .batteryPresent = true, .batteryLevel = 100, .batteryVoltage = 4349, .batteryTemperature = 210, .batteryCurrent = 7, .batteryCycleCount = 5, .batteryFullCharge = 3092385, .batteryChargeCounter = 3020867, .batteryTechnology = Li-ion}, mBatteryLevelCritical=false, mPlugType=1
04-18 12:38:57.157  1278  3558 I BatteryService: shutdownIfLowCurrentLocked batteryLevel = 100 , hasChargingCurrent = false(isPowered=true,batteryCurrent=7,hardware=qcom) , hitShutdownVoltage = true(batteryVoltage=4349,mBatteryMinVoltage=-1) , isSystemReady = true
04-18 12:38:57.157  1278  3558 D BatteryService: Sending ACTION_BATTERY_CHANGED. scale:100, info:{.chargerAcOnline = true, .chargerUsbOnline = false, .chargerWirelessOnline = false, .maxChargingCurrent = 1400000, .maxChargingVoltage = 9000000, .batteryStatus = FULL, .batteryHealth = GOOD, .batteryPresent = true, .batteryLevel = 100, .batteryVoltage = 4349, .batteryTemperature = 210, .batteryCurrent = 7, .batteryCycleCount = 5, .batteryFullCharge = 3092385, .batteryChargeCounter = 3020867, .batteryTechnology = Li-ion}, EXTRA_WIRELESS_CHARGER_DISABLE = false
04-18 12:38:57.158  1278  1333 D BatteryStatsImpl: resetWhenChargingLongTime resetTime=25200000 ,mchargingUPTime=1384006 , (resetTime-(uptime-mchargingUPTime))=18795387 ,onBattery=false
04-18 12:39:12.685  1061  1184 E storaged: getDiskStats failed with result NOT_SUPPORTED and size 0
04-18 12:39:35.226  1278  3558 D BatteryService: Processing new values: info={.chargerAcOnline = true, .chargerUsbOnline = false, .chargerWirelessOnline = false, .maxChargingCurrent = 1400000, .maxChargingVoltage = 9000000, .batteryStatus = FULL, .batteryHealth = GOOD, .batteryPresent = true, .batteryLevel = 100, .batteryVoltage = 4350, .batteryTemperature = 210, .batteryCurrent = 7, .batteryCycleCount = 5, .batteryFullCharge = 3092385, .batteryChargeCounter = 3020784, .batteryTechnology = Li-ion}, mBatteryLevelCritical=false, mPlugType=1
04-18 12:39:35.227  1278  3558 I BatteryService: shutdownIfLowCurrentLocked batteryLevel = 100 , hasChargingCurrent = false(isPowered=true,batteryCurrent=7,hardware=qcom) , hitShutdownVoltage = true(batteryVoltage=4350,mBatteryMinVoltage=-1) , isSystemReady = true
04-18 12:39:35.227  1278  3558 D BatteryService: Sending ACTION_BATTERY_CHANGED. scale:100, info:{.chargerAcOnline = true, .chargerUsbOnline = false, .chargerWirelessOnline = false, .maxChargingCurrent = 1400000, .maxChargingVoltage = 9000000, .batteryStatus = FULL, .batteryHealth = GOOD, .batteryPresent = true, .batteryLevel = 100, .batteryVoltage = 4350, .batteryTemperature = 210, .batteryCurrent = 7, .batteryCycleCount = 5, .batteryFullCharge = 3092385, .batteryChargeCounter = 3020784, .batteryTechnology = Li-ion}, EXTRA_WIRELESS_CHARGER_DISABLE = false
04-18 12:39:35.228  1278  1333 D BatteryStatsImpl: resetWhenChargingLongTime resetTime=25200000 ,mchargingUPTime=1384006 , (resetTime-(uptime-mchargingUPTime))=18790762 ,onBattery=false
04-18 12:39:57.161  1278  3558 D BatteryService: Processing new values: info={.chargerAcOnline = true, .chargerUsbOnline = false, .chargerWirelessOnline = false, .maxChargingCurrent = 1400000, .maxChargingVoltage = 9000000, .batteryStatus = FULL, .batteryHealth = GOOD, .batteryPresent = true, .batteryLevel = 100, .batteryVoltage = 4348, .batteryTemperature = 210, .batteryCurrent = 7, .batteryCycleCount = 5, .batteryFullCharge = 3092385, .batteryChargeCounter = 3020734, .batteryTechnology = Li-ion}, mBatteryLevelCritical=false, mPlugType=1
04-18 12:39:57.162  1278  3558 I BatteryService: shutdownIfLowCurrentLocked batteryLevel = 100 , hasChargingCurrent = false(isPowered=true,batteryCurrent=7,hardware=qcom) , hitShutdownVoltage = true(batteryVoltage=4348,mBatteryMinVoltage=-1) , isSystemReady = true
04-18 12:39:57.163  1278  3558 D BatteryService: Sending ACTION_BATTERY_CHANGED. scale:100, info:{.chargerAcOnline = true, .chargerUsbOnline = false, .chargerWirelessOnline = false, .maxChargingCurrent = 1400000, .maxChargingVoltage = 9000000, .batteryStatus = FULL, .batteryHealth = GOOD, .batteryPresent = true, .batteryLevel = 100, .batteryVoltage = 4348, .batteryTemperature = 210, .batteryCurrent = 7, .batteryCycleCount = 5, .batteryFullCharge = 3092385, .batteryChargeCounter = 3020734, .batteryTechnology = Li-ion}, EXTRA_WIRELESS_CHARGER_DISABLE = false
04-18 12:39:57.163  1278  1333 D BatteryStatsImpl: resetWhenChargingLongTime resetTime=25200000 ,mchargingUPTime=1384006 , (resetTime-(uptime-mchargingUPTime))=18788941 ,onBattery=false
04-18 12:40:40.520  1278  3558 D BatteryService: Processing new values: info={.chargerAcOnline = true, .chargerUsbOnline = false, .chargerWirelessOnline = false, .maxChargingCurrent = 1400000, .maxChargingVoltage = 9000000, .batteryStatus = FULL, .batteryHealth = GOOD, .batteryPresent = true, .batteryLevel = 100, .batteryVoltage = 4350, .batteryTemperature = 210, .batteryCurrent = 7, .batteryCycleCount = 5, .batteryFullCharge = 3092385, .batteryChargeCounter = 3020642, .batteryTechnology = Li-ion}, mBatteryLevelCritical=false, mPlugType=1
04-18 12:40:40.520  1278  3558 I BatteryService: shutdownIfLowCurrentLocked batteryLevel = 100 , hasChargingCurrent = false(isPowered=true,batteryCurrent=7,hardware=qcom) , hitShutdownVoltage = true(batteryVoltage=4350,mBatteryMinVoltage=-1) , isSystemReady = true
04-18 12:40:40.520  1278  1333 D BatteryStatsImpl: resetWhenChargingLongTime resetTime=25200000 ,mchargingUPTime=1384006 , (resetTime-(uptime-mchargingUPTime))=18778372 ,onBattery=false
04-18 12:40:40.520  1278  3558 D BatteryService: Sending ACTION_BATTERY_CHANGED. scale:100, info:{.chargerAcOnline = true, .chargerUsbOnline = false, .chargerWirelessOnline = false, .maxChargingCurrent = 1400000, .maxChargingVoltage = 9000000, .batteryStatus = FULL, .batteryHealth = GOOD, .batteryPresent = true, .batteryLevel = 100, .batteryVoltage = 4350, .batteryTemperature = 210, .batteryCurrent = 7, .batteryCycleCount = 5, .batteryFullCharge = 3092385, .batteryChargeCounter = 3020642, .batteryTechnology = Li-ion}, EXTRA_WIRELESS_CHARGER_DISABLE = false
04-18 12:40:57.551  1278  3558 D BatteryService: Processing new values: info={.chargerAcOnline = true, .chargerUsbOnline = false, .chargerWirelessOnline = false, .maxChargingCurrent = 1400000, .maxChargingVoltage = 9000000, .batteryStatus = FULL, .batteryHealth = GOOD, .batteryPresent = true, .batteryLevel = 100, .batteryVoltage = 4350, .batteryTemperature = 210, .batteryCurrent = 7, .batteryCycleCount = 5, .batteryFullCharge = 3092385, .batteryChargeCounter = 3020603, .batteryTechnology = Li-ion}, mBatteryLevelCritical=false, mPlugType=1
04-18 12:40:57.552  1278  3558 I BatteryService: shutdownIfLowCurrentLocked batteryLevel = 100 , hasChargingCurrent = false(isPowered=true,batteryCurrent=7,hardware=qcom) , hitShutdownVoltage = true(batteryVoltage=4350,mBatteryMinVoltage=-1) , isSystemReady = true
04-18 12:40:57.552  1278  1333 D BatteryStatsImpl: resetWhenChargingLongTime resetTime=25200000 ,mchargingUPTime=1384006 , (resetTime-(uptime-mchargingUPTime))=18776603 ,onBattery=false
04-18 12:40:57.552  1278  3558 D BatteryService: Sending ACTION_BATTERY_CHANGED. scale:100, info:{.chargerAcOnline = true, .chargerUsbOnline = false, .chargerWirelessOnline = false, .maxChargingCurrent = 1400000, .maxChargingVoltage = 9000000, .batteryStatus = FULL, .batteryHealth = GOOD, .batteryPresent = true, .batteryLevel = 100, .batteryVoltage = 4350, .batteryTemperature = 210, .batteryCurrent = 7, .batteryCycleCount = 5, .batteryFullCharge = 3092385, .batteryChargeCounter = 3020603, .batteryTechnology = Li-ion}, EXTRA_WIRELESS_CHARGER_DISABLE = false
04-18 12:41:03.433  1278  1278 V BackupManagerConstants: getFullBackupIntervalMilliseconds(...) returns 86400000
04-18 12:41:03.433  1278  2777 I WatchlistLoggingHandler: No need to aggregate record yet.
04-18 12:41:03.433  1278  2777 I WatchlistLoggingHandler: Milliseconds spent on tryAggregateRecords(): 0
04-18 12:41:03.434  1278  1278 V BackupManagerConstants: getKeyValueBackupIntervalMilliseconds(...) returns 14400000
04-18 12:41:03.434  1278  1278 I BackupManagerService: Beginning scheduled full backup operation
