04-18 12:09:57.160  1278  3558 D BatteryService: Sending ACTION_BATTERY_CHANGED. scale:100, info:{.chargerAcOnline = true, .chargerUsbOnline = false, .chargerWirelessOnline = false, .maxChargingCurrent = 1400000, .maxChargingVoltage = 9000000, .batteryStatus = FULL, .batteryHealth = GOOD, .batteryPresent = true, .batteryLevel = 100, .batteryVoltage = 4349, .batteryTemperature = 210, .batteryCurrent = 7, .batteryCycleCount = 5, .batteryFullCharge = 3092385, .batteryChargeCounter = 3024647, .batteryTechnology = Li-ion}, EXTRA_WIRELESS_CHARGER_DISABLE = false
04-18 12:10:28.415  1278  3558 D BatteryService: Processing new values: info={.chargerAcOnline = true, .chargerUsbOnline = false, .chargerWirelessOnline = false, .maxChargingCurrent = 1400000, .maxChargingVoltage = 9000000, .batteryStatus = FULL, .batteryHealth = GOOD, .batteryPresent = true, .batteryLevel = 100, .batteryVoltage = 4350, .batteryTemperature = 210, .batteryCurrent = 7, .batteryCycleCount = 5, .batteryFullCharge = 3092385, .batteryChargeCounter = 3024581, .batteryTechnology = Li-ion}, mBatteryLevelCritical=false, mPlugType=1
04-18 12:10:28.416  1278  3558 I BatteryService: shutdownIfLowCurrentLocked batteryLevel = 100 , hasChargingCurrent = false(isPowered=true,batteryCurrent=7,hardware=qcom) , hitShutdownVoltage = true(batteryVoltage=4350,mBatteryMinVoltage=-1) , isSystemReady = true
04-18 12:10:28.416  1278  1333 D BatteryStatsImpl: resetWhenChargingLongTime resetTime=25200000 ,mchargingUPTime=1384006 , (resetTime-(uptime-mchargingUPTime))=19048199 ,onBattery=false
04-18 12:10:28.416  1278  3558 D BatteryService: Sending ACTION_BATTERY_CHANGED. scale:100, info:{.chargerAcOnline = true, .chargerUsbOnline = false, .chargerWirelessOnline = false, .maxChargingCurrent = 1400000, .maxChargingVoltage = 9000000, .batteryStatus = FULL, .batteryHealth = GOOD, .batteryPresent = true, .batteryLevel = 100, .batteryVoltage = 4350, .batteryTemperature = 210, .batteryCurrent = 7, .batteryCycleCount = 5, .batteryFullCharge = 3092385, .batteryChargeCounter = 3024581, .batteryTechnology = Li-ion}, EXTRA_WIRELESS_CHARGER_DISABLE = false
04-18 12:10:57.532  1278  3558 D BatteryService: Processing new values: info={.chargerAcOnline = true, .chargerUsbOnline = false, .chargerWirelessOnline = false, .maxChargingCurrent = 1400000, .maxChargingVoltage = 9000000, .batteryStatus = FULL, .batteryHealth = GOOD, .batteryPresent = true, .batteryLevel = 100, .batteryVoltage = 4350, .batteryTemperature = 210, .batteryCurrent = 7, .batteryCycleCount = 5, .batteryFullCharge = 3092385, .batteryChargeCounter = 3024515, .batteryTechnology = Li-ion}, mBatteryLevelCritical=false, mPlugType=1
04-18 12:10:57.532  1278  3558 I BatteryService: shutdownIfLowCurrentLocked batteryLevel = 100 , hasChargingCurrent = false(isPowered=true,batteryCurrent=7,hardware=qcom) , hitShutdownVoltage = true(batteryVoltage=4350,mBatteryMinVoltage=-1) , isSystemReady = true
04-18 12:10:57.532  1278  3558 D BatteryService: Sending ACTION_BATTERY_CHANGED. scale:100, info:{.chargerAcOnline = true, .chargerUsbOnline = false, .chargerWirelessOnline = false, .maxChargingCurrent = 1400000, .maxChargingVoltage = 9000000, .batteryStatus = FULL, .batteryHealth = GOOD, .batteryPresent = true, .batteryLevel = 100, .batteryVoltage = 4350, .batteryTemperature = 210, .batteryCurrent = 7, .batteryCycleCount = 5, .batteryFullCharge = 3092385, .batteryChargeCounter = 3024515, .batteryTechnology = Li-ion}, EXTRA_WIRELESS_CHARGER_DISABLE = false
04-18 12:10:57.532  1278  1333 D BatteryStatsImpl: resetWhenChargingLongTime resetTime=25200000 ,mchargingUPTime=1384006 , (resetTime-(uptime-mchargingUPTime))=19043794 ,onBattery=false
04-18 12:11:33.750  1278  3558 D BatteryService: Processing new values: info={.chargerAcOnline = true, .chargerUsbOnline = false, .chargerWirelessOnline = false, .maxChargingCurrent = 1400000, .maxChargingVoltage = 9000000, .batteryStatus = FULL, .batteryHealth = GOOD, .batteryPresent = true, .batteryLevel = 100, .batteryVoltage = 4350, .batteryTemperature = 210, .batteryCurrent = 7, .batteryCycleCount = 5, .batteryFullCharge = 3092385, .batteryChargeCounter = 3024438, .batteryTechnology = Li-ion}, mBatteryLevelCritical=false, mPlugType=1
04-18 12:11:33.751  1278  3558 I BatteryService: shutdownIfLowCurrentLocked batteryLevel = 100 , hasChargingCurrent = false(isPowered=true,batteryCurrent=7,hardware=qcom) , hitShutdownVoltage = true(batteryVoltage=4350,mBatteryMinVoltage=-1) , isSystemReady = true
04-18 12:11:33.751  1278  1333 D BatteryStatsImpl: resetWhenChargingLongTime resetTime=25200000 ,mchargingUPTime=1384006 , (resetTime-(uptime-mchargingUPTime))=19039985 ,onBattery=false
04-18 12:11:33.751  1278  3558 D BatteryService: Sending ACTION_BATTERY_CHANGED. scale:100, info:{.chargerAcOnline = true, .chargerUsbOnline = false, .chargerWirelessOnline = false, .maxChargingCurrent = 1400000, .maxChargingVoltage = 9000000, .batteryStatus = FULL, .batteryHealth = GOOD, .batteryPresent = true, .batteryLevel = 100, .batteryVoltage = 4350, .batteryTemperature = 210, .batteryCurrent = 7, .batteryCycleCount = 5, .batteryFullCharge = 3092385, .batteryChargeCounter = 3024438, .batteryTechnology = Li-ion}, EXTRA_WIRELESS_CHARGER_DISABLE = false
04-18 12:11:57.548  1278  3558 D BatteryService: Processing new values: info={.chargerAcOnline = true, .chargerUsbOnline = false, .chargerWirelessOnline = false, .maxChargingCurrent = 1400000, .maxChargingVoltage = 9000000, .batteryStatus = FULL, .batteryHealth = GOOD, .batteryPresent = true, .batteryLevel = 100, .batteryVoltage = 4350, .batteryTemperature = 210, .batteryCurrent = 7, .batteryCycleCount = 5, .batteryFullCharge = 3092385, .batteryChargeCounter = 3024385, .batteryTechnology = Li-ion}, mBatteryLevelCritical=false, mPlugType=1
04-18 12:11:57.548  1278  3558 I BatteryService: shutdownIfLowCurrentLocked batteryLevel = 100 , hasChargingCurrent = false(isPowered=true,batteryCurrent=7,hardware=qcom) , hitShutdownVoltage = true(batteryVoltage=4350,mBatteryMinVoltage=-1) , isSystemReady = true
04-18 12:11:57.549  1278  3558 D BatteryService: Sending ACTION_BATTERY_CHANGED. scale:100, info:{.chargerAcOnline = true, .chargerUsbOnline = false, .chargerWirelessOnline = false, .maxChargingCurrent = 1400000, .maxChargingVoltage = 9000000, .batteryStatus = FULL, .batteryHealth = GOOD, .batteryPresent = true, .batteryLevel = 100, .batteryVoltage = 4350, .batteryTemperature = 210, .batteryCurrent = 7, .batteryCycleCount = 5, .batteryFullCharge = 3092385, .batteryChargeCounter = 3024385, .batteryTechnology = Li-ion}, EXTRA_WIRELESS_CHARGER_DISABLE = false
04-18 12:11:57.549  1278  1333 D BatteryStatsImpl: resetWhenChargingLongTime resetTime=25200000 ,mchargingUPTime=1384006 , (resetTime-(uptime-mchargingUPTime))=19035039 ,onBattery=false
04-18 12:11:57.906  1061  1184 E storaged: getDiskStats failed with result NOT_SUPPORTED and size 0
04-18 12:12:39.048  1278  3558 D BatteryService: Processing new values: info={.chargerAcOnline = true, .chargerUsbOnline = false, .chargerWirelessOnline = false, .maxChargingCurrent = 1400000, .maxChargingVoltage = 9000000, .batteryStatus = FULL, .batteryHealth = GOOD, .batteryPresent = true, .batteryLevel = 100, .batteryVoltage = 4350, .batteryTemperature = 210, .batteryCurrent = 7, .batteryCycleCount = 5, .batteryFullCharge = 3092385, .batteryChargeCounter = 3024296, .batteryTechnology = Li-ion}, mBatteryLevelCritical=false, mPlugType=1
04-18 12:12:39.049  1278  3558 I BatteryService: shutdownIfLowCurrentLocked batteryLevel = 100 , hasChargingCurrent = false(isPowered=true,batteryCurrent=7,hardware=qcom) , hitShutdownVoltage = true(batteryVoltage=4350,mBatteryMinVoltage=-1) , isSystemReady = true
04-18 12:12:39.049  1278  3558 D BatteryService: Sending ACTION_BATTERY_CHANGED. scale:100, info:{.chargerAcOnline = true, .chargerUsbOnline = false, .chargerWirelessOnline = false, .maxChargingCurrent = 1400000, .maxChargingVoltage = 9000000, .batteryStatus = FULL, .batteryHealth = GOOD, .batteryPresent = true, .batteryLevel = 100, .batteryVoltage = 4350, .batteryTemperature = 210, .batteryCurrent = 7, .batteryCycleCount = 5, .batteryFullCharge = 3092385, .batteryChargeCounter = 3024296, .batteryTechnology = Li-ion}, EXTRA_WIRELESS_CHARGER_DISABLE = false
04-18 12:12:39.049  1278  1333 D BatteryStatsImpl: resetWhenChargingLongTime resetTime=25200000 ,mchargingUPTime=1384006 , (resetTime-(uptime-mchargingUPTime))=19027000 ,onBattery=false
04-18 12:12:57.546  1278  3558 D BatteryService: Processing new values: info={.chargerAcOnline = true, .chargerUsbOnline = false, .chargerWirelessOnline = false, .maxChargingCurrent = 1400000, .maxChargingVoltage = 9000000, .batteryStatus = FULL, .batteryHealth = GOOD, .batteryPresent = true, .batteryLevel = 100, .batteryVoltage = 4350, .batteryTemperature = 210, .batteryCurrent = 7, .batteryCycleCount = 5, .batteryFullCharge = 3092385, .batteryChargeCounter = 3024255, .batteryTechnology = Li-ion}, mBatteryLevelCritical=false, mPlugType=1
04-18 12:12:57.547  1278  3558 I BatteryService: shutdownIfLowCurrentLocked batteryLevel = 100 , hasChargingCurrent = false(isPowered=true,batteryCurrent=7,hardware=qcom) , hitShutdownVoltage = true(batteryVoltage=4350,mBatteryMinVoltage=-1) , isSystemReady = true
04-18 12:12:57.547  1278  1333 D BatteryStatsImpl: resetWhenChargingLongTime resetTime=25200000 ,mchargingUPTime=1384006 , (resetTime-(uptime-mchargingUPTime))=19024467 ,onBattery=false
04-18 12:12:57.547  1278  3558 D BatteryService: Sending ACTION_BATTERY_CHANGED. scale:100, info:{.chargerAcOnline = true, .chargerUsbOnline = false, .chargerWirelessOnline = false, .maxChargingCurrent = 1400000, .maxChargingVoltage = 9000000, .batteryStatus = FULL, .batteryHealth = GOOD, .batteryPresent = true, .batteryLevel = 100, .batteryVoltage = 4350, .batteryTemperature = 210, .batteryCurrent = 7, .batteryCycleCount = 5, .batteryFullCharge = 3092385, .batteryChargeCounter = 3024255, .batteryTechnology = Li-ion}, EXTRA_WIRELESS_CHARGER_DISABLE = false
04-18 12:13:42.889  1278  3558 D BatteryService: Processing new values: info={.chargerAcOnline = true, .chargerUsbOnline = false, .chargerWirelessOnline = false, .maxChargingCurrent = 1400000, .maxChargingVoltage = 9000000, .batteryStatus = FULL, .batteryHealth = GOOD, .batteryPresent = true, .batteryLevel = 100, .batteryVoltage = 4350, .batteryTemperature = 210, .batteryCurrent = 7, .batteryCycleCount = 5, .batteryFullCharge = 3092385, .batteryChargeCounter = 3024156, .batteryTechnology = Li-ion}, mBatteryLevelCritical=false, mPlugType=1
04-18 12:13:42.890  1278  3558 I BatteryService: shutdownIfLowCurrentLocked batteryLevel = 100 , hasChargingCurrent = false(isPowered=true,batteryCurrent=7,hardware=qcom) , hitShutdownVoltage = true(batteryVoltage=4350,mBatteryMinVoltage=-1) , isSystemReady = true
04-18 12:13:42.890  1278  3558 D BatteryService: Sending ACTION_BATTERY_CHANGED. scale:100, info:{.chargerAcOnline = true, .chargerUsbOnline = false, .chargerWirelessOnline = false, .maxChargingCurrent = 1400000, .maxChargingVoltage = 9000000, .batteryStatus = FULL, .batteryHealth = GOOD, .batteryPresent = true, .batteryLevel = 100, .batteryVoltage = 4350, .batteryTemperature = 210, .batteryCurrent = 7, .batteryCycleCount = 5, .batteryFullCharge = 3092385, .batteryChargeCounter = 3024156, .batteryTechnology = Li-ion}, EXTRA_WIRELESS_CHARGER_DISABLE = false
04-18 12:13:42.891  1278  1333 D BatteryStatsImpl: resetWhenChargingLongTime resetTime=25200000 ,mchargingUPTime=1384006 , (resetTime-(uptime-mchargingUPTime))=19019151 ,onBattery=false
04-18 12:13:57.179  1278  3558 D BatteryService: Processing new values: info={.chargerAcOnline = true, .chargerUsbOnline = false, .chargerWirelessOnline = false, .maxChargingCurrent = 1400000, .maxChargingVoltage = 9000000, .batteryStatus = FULL, .batteryHealth = GOOD, .batteryPresent = true, .batteryLevel = 100, .batteryVoltage = 4349, .batteryTemperature = 210, .batteryCurrent = 7, .batteryCycleCount = 5, .batteryFullCharge = 3092385, .batteryChargeCounter = 3024124, .batteryTechnology = Li-ion}, mBatteryLevelCritical=false, mPlugType=1
04-18 12:13:57.180  1278  3558 I BatteryService: shutdownIfLowCurrentLocked batteryLevel = 100 , hasChargingCurrent = false(isPowered=true,batteryCurrent=7,hardware=qcom) , hitShutdownVoltage = true(batteryVoltage=4349,mBatteryMinVoltage=-1) , isSystemReady = true
04-18 12:13:57.180  1278  1333 D BatteryStatsImpl: resetWhenChargingLongTime resetTime=25200000 ,mchargingUPTime=1384006 , (resetTime-(uptime-mchargingUPTime))=19017757 ,onBattery=false
04-18 12:13:57.180  1278  3558 D BatteryService: Sending ACTION_BATTERY_CHANGED. scale:100, info:{.chargerAcOnline = true, .chargerUsbOnline = false, .chargerWirelessOnline = false, .maxChargingCurrent = 1400000, .maxChargingVoltage = 9000000, .batteryStatus = FULL, .batteryHealth = GOOD, .batteryPresent = true, .batteryLevel = 100, .batteryVoltage = 4349, .batteryTemperature = 210, .batteryCurrent = 7, .batteryCycleCount = 5, .batteryFullCharge = 3092385, .batteryChargeCounter = 3024124, .batteryTechnology = Li-ion}, EXTRA_WIRELESS_CHARGER_DISABLE = false
04-18 12:14:48.168  1278  3558 D BatteryService: Processing new values: info={.chargerAcOnline = true, .chargerUsbOnline = false, .chargerWirelessOnline = false, .maxChargingCurrent = 1400000, .maxChargingVoltage = 9000000, .batteryStatus = FULL, .batteryHealth = GOOD, .batteryPresent = true, .batteryLevel = 100, .batteryVoltage = 4350, .batteryTemperature = 210, .batteryCurrent = 7, .batteryCycleCount = 5, .batteryFullCharge = 3092385, .batteryChargeCounter = 3024013, .batteryTechnology = Li-ion}, mBatteryLevelCritical=false, mPlugType=1
04-18 12:14:48.168  1278  3558 I BatteryService: shutdownIfLowCurrentLocked batteryLevel = 100 , hasChargingCurrent = false(isPowered=true,batteryCurrent=7,hardware=qcom) , hitShutdownVoltage = true(batteryVoltage=4350,mBatteryMinVoltage=-1) , isSystemReady = true
04-18 12:14:48.169  1278  1333 D BatteryStatsImpl: resetWhenChargingLongTime resetTime=25200000 ,mchargingUPTime=1384006 , (resetTime-(uptime-mchargingUPTime))=19011544 ,onBattery=false
04-18 12:14:48.169  1278  3558 D BatteryService: Sending ACTION_BATTERY_CHANGED. scale:100, info:{.chargerAcOnline = true, .chargerUsbOnline = false, .chargerWirelessOnline = false, .maxChargingCurrent = 1400000, .maxChargingVoltage = 9000000, .batteryStatus = FULL, .batteryHealth = GOOD, .batteryPresent = true, .batteryLevel = 100, .batteryVoltage = 4350, .batteryTemperature = 210, .batteryCurrent = 7, .batteryCycleCount = 5, .batteryFullCharge = 3092385, .batteryChargeCounter = 3024013, .batteryTechnology = Li-ion}, EXTRA_WIRELESS_CHARGER_DISABLE = false
04-18 12:14:57.563  1278  3558 D BatteryService: Processing new values: info={.chargerAcOnline = true, .chargerUsbOnline = false, .chargerWirelessOnline = false, .maxChargingCurrent = 1400000, .maxChargingVoltage = 9000000, .batteryStatus = FULL, .batteryHealth = GOOD, .batteryPresent = true, .batteryLevel = 100, .batteryVoltage = 4350, .batteryTemperature = 210, .batteryCurrent = 7, .batteryCycleCount = 5, .batteryFullCharge = 3092385, .batteryChargeCounter = 3023991, .batteryTechnology = Li-ion}, mBatteryLevelCritical=false, mPlugType=1
04-18 12:14:57.564  1278  3558 I BatteryService: shutdownIfLowCurrentLocked batteryLevel = 100 , hasChargingCurrent = false(isPowered=true,batteryCurrent=7,hardware=qcom) , hitShutdownVoltage = true(batteryVoltage=4350,mBatteryMinVoltage=-1) , isSystemReady = true
04-18 12:14:57.564  1278  1333 D BatteryStatsImpl: resetWhenChargingLongTime resetTime=25200000 ,mchargingUPTime=1384006 , (resetTime-(uptime-mchargingUPTime))=19009067 ,onBattery=false
04-18 12:14:57.564  1278  3558 D BatteryService: Sending ACTION_BATTERY_CHANGED. scale:100, info:{.chargerAcOnline = true, .chargerUsbOnline = false, .chargerWirelessOnline = false, .maxChargingCurrent = 1400000, .maxChargingVoltage = 9000000, .batteryStatus = FULL, .batteryHealth = GOOD, .batteryPresent = true, .batteryLevel = 100, .batteryVoltage = 4350, .batteryTemperature = 210, .batteryCurrent = 7, .batteryCycleCount = 5, .batteryFullCharge = 3092385, .batteryChargeCounter = 3023991, .batteryTechnology = Li-ion}, EXTRA_WIRELESS_CHARGER_DISABLE = false
04-18 12:15:52.016  1278  3558 D BatteryService: Processing new values: info={.chargerAcOnline = true, .chargerUsbOnline = false, .chargerWirelessOnline = false, .maxChargingCurrent = 1400000, .maxChargingVoltage = 9000000, .batteryStatus = FULL, .batteryHealth = GOOD, .batteryPresent = true, .batteryLevel = 100, .batteryVoltage = 4350, .batteryTemperature = 210, .batteryCurrent = 7, .batteryCycleCount = 5, .batteryFullCharge = 3092385, .batteryChargeCounter = 3023875, .batteryTechnology = Li-ion}, mBatteryLevelCritical=false, mPlugType=1
04-18 12:15:52.016  1278  3558 I BatteryService: shutdownIfLowCurrentLocked batteryLevel = 100 , hasChargingCurrent = false(isPowered=true,batteryCurrent=7,hardware=qcom) , hitShutdownVoltage = true(batteryVoltage=4350,mBatteryMinVoltage=-1) , isSystemReady = true
04-18 12:15:52.017  1278  1333 D BatteryStatsImpl: resetWhenChargingLongTime resetTime=25200000 ,mchargingUPTime=1384006 , (resetTime-(uptime-mchargingUPTime))=19000604 ,onBattery=false
04-18 12:15:52.017  1278  3558 D BatteryService: Sending ACTION_BATTERY_CHANGED. scale:100, info:{.chargerAcOnline = true, .chargerUsbOnline = false, .chargerWirelessOnline = false, .maxChargingCurrent = 1400000, .maxChargingVoltage = 9000000, .batteryStatus = FULL, .batteryHealth = GOOD, .batteryPresent = true, .batteryLevel = 100, .batteryVoltage = 4350, .batteryTemperature = 210, .batteryCurrent = 7, .batteryCycleCount = 5, .batteryFullCharge = 3092385, .batteryChargeCounter = 3023875, .batteryTechnology = Li-ion}, EXTRA_WIRELESS_CHARGER_DISABLE = false
04-18 12:15:57.533  1278  3558 D BatteryService: Processing new values: info={.chargerAcOnline = true, .chargerUsbOnline = false, .chargerWirelessOnline = false, .maxChargingCurrent = 1400000, .maxChargingVoltage = 9000000, .batteryStatus = FULL, .batteryHealth = GOOD, .batteryPresent = true, .batteryLevel = 100, .batteryVoltage = 4350, .batteryTemperature = 210, .batteryCurrent = 7, .batteryCycleCount = 5, .batteryFullCharge = 3092385, .batteryChargeCounter = 3023862, .batteryTechnology = Li-ion}, mBatteryLevelCritical=false, mPlugType=1
04-18 12:15:57.533  1278  3558 I BatteryService: shutdownIfLowCurrentLocked batteryLevel = 100 , hasChargingCurrent = false(isPowered=true,batteryCurrent=7,hardware=qcom) , hitShutdownVoltage = true(batteryVoltage=4350,mBatteryMinVoltage=-1) , isSystemReady = true
04-18 12:15:57.534  1278  1333 D BatteryStatsImpl: resetWhenChargingLongTime resetTime=25200000 ,mchargingUPTime=1384006 , (resetTime-(uptime-mchargingUPTime))=18999996 ,onBattery=false
04-18 12:15:57.534  1278  3558 D BatteryService: Sending ACTION_BATTERY_CHANGED. scale:100, info:{.chargerAcOnline = true, .chargerUsbOnline = false, .chargerWirelessOnline = false, .maxChargingCurrent = 1400000, .maxChargingVoltage = 9000000, .batteryStatus = FULL, .batteryHealth = GOOD, .batteryPresent = true, .batteryLevel = 100, .batteryVoltage = 4350, .batteryTemperature = 210, .batteryCurrent = 7, .batteryCycleCount = 5, .batteryFullCharge = 3092385, .batteryChargeCounter = 3023862, .batteryTechnology = Li-ion}, EXTRA_WIRELESS_CHARGER_DISABLE = false
04-18 12:15:58.057  1278  1278 D ZenModeAppConfig: updateConfigXml(): config size: 1, pkg size: 1
04-18 12:15:58.057  1278  1278 D ZenModeAppConfig: writeConfigToXml(),config: ZenModeAppConfig[,user=0,allowAlarm=false,allowCalls=true,allowRepeatCallers=false,allowMessages=false,allowCallsFrom=contacts,allowMessagesFrom=contacts,allowReminders=false,allowEvents=false,allowSwipeFingerPrint=false,allowSwipeNaviBar=false,allowAutoBrightness=false,allowSwipeFingerNaviBar=true,allowVisualDisturbances=false], pkgNames: null
04-18 12:15:58.745  1278  1278 W Looper  : Slow dispatch took 510ms main h=com.android.server.notification.NotificationManagerService$WorkerHandler c=com.android.server.notification.NotificationManagerService$NotificationListeners$2@86496f9 m=0
04-18 12:15:58.747  1278  1278 W Looper  : Slow delivery took 513ms main h=com.android.server.notification.NotificationManagerService$WorkerHandler c=com.android.server.notification.NotificationManagerService$NotificationListeners$2@66a563e m=0
04-18 12:16:02.597  1278  1278 W Looper  : Drained
04-18 12:16:57.156  1278  3558 D BatteryService: Processing new values: info={.chargerAcOnline = true, .chargerUsbOnline = false, .chargerWirelessOnline = false, .maxChargingCurrent = 1400000, .maxChargingVoltage = 9000000, .batteryStatus = FULL, .batteryHealth = GOOD, .batteryPresent = true, .batteryLevel = 100, .batteryVoltage = 4350, .batteryTemperature = 210, .batteryCurrent = 7, .batteryCycleCount = 5, .batteryFullCharge = 3092385, .batteryChargeCounter = 3023732, .batteryTechnology = Li-ion}, mBatteryLevelCritical=false, mPlugType=1
04-18 12:16:57.157  1278  3558 I BatteryService: shutdownIfLowCurrentLocked batteryLevel = 100 , hasChargingCurrent = false(isPowered=true,batteryCurrent=7,hardware=qcom) , hitShutdownVoltage = true(batteryVoltage=4350,mBatteryMinVoltage=-1) , isSystemReady = true
04-18 12:16:57.157  1278  3558 D BatteryService: Sending ACTION_BATTERY_CHANGED. scale:100, info:{.chargerAcOnline = true, .chargerUsbOnline = false, .chargerWirelessOnline = false, .maxChargingCurrent = 1400000, .maxChargingVoltage = 9000000, .batteryStatus = FULL, .batteryHealth = GOOD, .batteryPresent = true, .batteryLevel = 100, .batteryVoltage = 4350, .batteryTemperature = 210, .batteryCurrent = 7, .batteryCycleCount = 5, .batteryFullCharge = 3092385, .batteryChargeCounter = 3023732, .batteryTechnology = Li-ion}, EXTRA_WIRELESS_CHARGER_DISABLE = false
04-18 12:16:57.158  1278  1333 D BatteryStatsImpl: resetWhenChargingLongTime resetTime=25200000 ,mchargingUPTime=1384006 , (resetTime-(uptime-mchargingUPTime))=18992920 ,onBattery=false
04-18 12:16:57.300  1278  3558 D BatteryService: Processing new values: info={.chargerAcOnline = true, .chargerUsbOnline = false, .chargerWirelessOnline = false, .maxChargingCurrent = 1400000, .maxChargingVoltage = 9000000, .batteryStatus = FULL, .batteryHealth = GOOD, .batteryPresent = true, .batteryLevel = 100, .batteryVoltage = 4350, .batteryTemperature = 210, .batteryCurrent = 7, .batteryCycleCount = 5, .batteryFullCharge = 3092385, .batteryChargeCounter = 3023732, .batteryTechnology = Li-ion}, mBatteryLevelCritical=false, mPlugType=1
04-18 12:16:57.300  1278  3558 I BatteryService: shutdownIfLowCurrentLocked batteryLevel = 100 , hasChargingCurrent = false(isPowered=true,batteryCurrent=7,hardware=qcom) , hitShutdownVoltage = true(batteryVoltage=4350,mBatteryMinVoltage=-1) , isSystemReady = true
04-18 12:16:57.301  1278  1333 D BatteryStatsImpl: resetWhenChargingLongTime resetTime=25200000 ,mchargingUPTime=1384006 , (resetTime-(uptime-mchargingUPTime))=18992777 ,onBattery=false
04-18 12:17:57.559  1278  3558 D BatteryService: Processing new values: info={.chargerAcOnline = true, .chargerUsbOnline = false, .chargerWirelessOnline = false, .maxChargingCurrent = 1400000, .maxChargingVoltage = 9000000, .batteryStatus = FULL, .batteryHealth = GOOD, .batteryPresent = true, .batteryLevel = 100, .batteryVoltage = 4350, .batteryTemperature = 210, .batteryCurrent = 7, .batteryCycleCount = 5, .batteryFullCharge = 3092385, .batteryChargeCounter = 3023600, .batteryTechnology = Li-ion}, mBatteryLevelCritical=false, mPlugType=1
04-18 12:17:57.559  1278  3558 I BatteryService: shutdownIfLowCurrentLocked batteryLevel = 100 , hasChargingCurrent = false(isPowered=true,batteryCurrent=7,hardware=qcom) , hitShutdownVoltage = true(batteryVoltage=4350,mBatteryMinVoltage=-1) , isSystemReady = true
04-18 12:17:57.560  1278  1333 D BatteryStatsImpl: resetWhenChargingLongTime resetTime=25200000 ,mchargingUPTime=1384006 , (resetTime-(uptime-mchargingUPTime))=18986515 ,onBattery=false
04-18 12:17:57.560  1278  3558 D BatteryService: Sending ACTION_BATTERY_CHANGED. scale:100, info:{.chargerAcOnline = true, .chargerUsbOnline = false, .chargerWirelessOnline = false, .maxChargingCurrent = 1400000, .maxChargingVoltage = 9000000, .batteryStatus = FULL, .batteryHealth = GOOD, .batteryPresent = true, .batteryLevel = 100, .batteryVoltage = 4350, .batteryTemperature = 210, .batteryCurrent = 7, .batteryCycleCount = 5, .batteryFullCharge = 3092385, .batteryChargeCounter = 3023600, .batteryTechnology = Li-ion}, EXTRA_WIRELESS_CHARGER_DISABLE = false
04-18 12:18:02.571  1278  3558 D BatteryService: Processing new values: info={.chargerAcOnline = true, .chargerUsbOnline = false, .chargerWirelessOnline = false, .maxChargingCurrent = 1400000, .maxChargingVoltage = 9000000, .batteryStatus = FULL, .batteryHealth = GOOD, .batteryPresent = true, .batteryLevel = 100, .batteryVoltage = 4350, .batteryTemperature = 210, .batteryCurrent = 7, .batteryCycleCount = 5, .batteryFullCharge = 3092385, .batteryChargeCounter = 3023591, .batteryTechnology = Li-ion}, mBatteryLevelCritical=false, mPlugType=1
04-18 12:18:02.572  1278  3558 I BatteryService: shutdownIfLowCurrentLocked batteryLevel = 100 , hasChargingCurrent = false(isPowered=true,batteryCurrent=7,hardware=qcom) , hitShutdownVoltage = true(batteryVoltage=4350,mBatteryMinVoltage=-1) , isSystemReady = true
04-18 12:18:02.572  1278  1333 D BatteryStatsImpl: resetWhenChargingLongTime resetTime=25200000 ,mchargingUPTime=1384006 , (resetTime-(uptime-mchargingUPTime))=18984302 ,onBattery=false
04-18 12:18:02.572  1278  3558 D BatteryService: Sending ACTION_BATTERY_CHANGED. scale:100, info:{.chargerAcOnline = true, .chargerUsbOnline = false, .chargerWirelessOnline = false, .maxChargingCurrent = 1400000, .maxChargingVoltage = 9000000, .batteryStatus = FULL, .batteryHealth = GOOD, .batteryPresent = true, .batteryLevel = 100, .batteryVoltage = 4350, .batteryTemperature = 210, .batteryCurrent = 7, .batteryCycleCount = 5, .batteryFullCharge = 3092385, .batteryChargeCounter = 3023591, .batteryTechnology = Li-ion}, EXTRA_WIRELESS_CHARGER_DISABLE = false
04-18 12:18:57.580  1278  3558 D BatteryService: Processing new values: info={.chargerAcOnline = true, .chargerUsbOnline = false, .chargerWirelessOnline = false, .maxChargingCurrent = 1400000, .maxChargingVoltage = 9000000, .batteryStatus = FULL, .batteryHealth = GOOD, .batteryPresent = true, .batteryLevel = 100, .batteryVoltage = 4350, .batteryTemperature = 210, .batteryCurrent = 7, .batteryCycleCount = 5, .batteryFullCharge = 3092385, .batteryChargeCounter = 3023471, .batteryTechnology = Li-ion}, mBatteryLevelCritical=false, mPlugType=1
04-18 12:18:57.580  1278  3558 I BatteryService: shutdownIfLowCurrentLocked batteryLevel = 100 , hasChargingCurrent = false(isPowered=true,batteryCurrent=7,hardware=qcom) , hitShutdownVoltage = true(batteryVoltage=4350,mBatteryMinVoltage=-1) , isSystemReady = true
04-18 12:18:57.580  1278  1333 D BatteryStatsImpl: resetWhenChargingLongTime resetTime=25200000 ,mchargingUPTime=1384006 , (resetTime-(uptime-mchargingUPTime))=18977690 ,onBattery=false
04-18 12:18:57.581  1278  3558 D BatteryService: Sending ACTION_BATTERY_CHANGED. scale:100, info:{.chargerAcOnline = true, .chargerUsbOnline = false, .chargerWirelessOnline = false, .maxChargingCurrent = 1400000, .maxChargingVoltage = 9000000, .batteryStatus = FULL, .batteryHealth = GOOD, .batteryPresent = true, .batteryLevel = 100, .batteryVoltage = 4350, .batteryTemperature = 210, .batteryCurrent = 7, .batteryCycleCount = 5, .batteryFullCharge = 3092385, .batteryChargeCounter = 3023471, .batteryTechnology = Li-ion}, EXTRA_WIRELESS_CHARGER_DISABLE = false
04-18 12:19:06.397  1278  3558 D BatteryService: Processing new values: info={.chargerAcOnline = true, .chargerUsbOnline = false, .chargerWirelessOnline = false, .maxChargingCurrent = 1400000, .maxChargingVoltage = 9000000, .batteryStatus = FULL, .batteryHealth = GOOD, .batteryPresent = true, .batteryLevel = 100, .batteryVoltage = 4350, .batteryTemperature = 210, .batteryCurrent = 7, .batteryCycleCount = 5, .batteryFullCharge = 3092385, .batteryChargeCounter = 3023452, .batteryTechnology = Li-ion}, mBatteryLevelCritical=false, mPlugType=1
04-18 12:19:06.397  1278  3558 I BatteryService: shutdownIfLowCurrentLocked batteryLevel = 100 , hasChargingCurrent = false(isPowered=true,batteryCurrent=7,hardware=qcom) , hitShutdownVoltage = true(batteryVoltage=4350,mBatteryMinVoltage=-1) , isSystemReady = true
04-18 12:19:06.397  1278  1333 D BatteryStatsImpl: resetWhenChargingLongTime resetTime=25200000 ,mchargingUPTime=1384006 , (resetTime-(uptime-mchargingUPTime))=18976413 ,onBattery=false
04-18 12:19:06.398  1278  3558 D BatteryService: Sending ACTION_BATTERY_CHANGED. scale:100, info:{.chargerAcOnline = true, .chargerUsbOnline = false, .chargerWirelessOnline = false, .maxChargingCurrent = 1400000, .maxChargingVoltage = 9000000, .batteryStatus = FULL, .batteryHealth = GOOD, .batteryPresent = true, .batteryLevel = 100, .batteryVoltage = 4350, .batteryTemperature = 210, .batteryCurrent = 7, .batteryCycleCount = 5, .batteryFullCharge = 3092385, .batteryChargeCounter = 3023452, .batteryTechnology = Li-ion}, EXTRA_WIRELESS_CHARGER_DISABLE = false
04-18 12:19:29.835  1061  1184 E storaged: getDiskStats failed with result NOT_SUPPORTED and size 0
04-18 12:19:57.543  1278  3558 D BatteryService: Processing new values: info={.chargerAcOnline = true, .chargerUsbOnline = false, .chargerWirelessOnline = false, .maxChargingCurrent = 1400000, .maxChargingVoltage = 9000000, .batteryStatus = FULL, .batteryHealth = GOOD, .batteryPresent = true, .batteryLevel = 100, .batteryVoltage = 4350, .batteryTemperature = 210, .batteryCurrent = 7, .batteryCycleCount = 5, .batteryFullCharge = 3092385, .batteryChargeCounter = 3023339, .batteryTechnology = Li-ion}, mBatteryLevelCritical=false, mPlugType=1
04-18 12:19:57.544  1278  3558 I BatteryService: shutdownIfLowCurrentLocked batteryLevel = 100 , hasChargingCurrent = false(isPowered=true,batteryCurrent=7,hardware=qcom) , hitShutdownVoltage = true(batteryVoltage=4350,mBatteryMinVoltage=-1) , isSystemReady = true
04-18 12:19:57.544  1278  1333 D BatteryStatsImpl: resetWhenChargingLongTime resetTime=25200000 ,mchargingUPTime=1384006 , (resetTime-(uptime-mchargingUPTime))=18970980 ,onBattery=false
04-18 12:19:57.544  1278  3558 D BatteryService: Sending ACTION_BATTERY_CHANGED. scale:100, info:{.chargerAcOnline = true, .chargerUsbOnline = false, .chargerWirelessOnline = false, .maxChargingCurrent = 1400000, .maxChargingVoltage = 9000000, .batteryStatus = FULL, .batteryHealth = GOOD, .batteryPresent = true, .batteryLevel = 100, .batteryVoltage = 4350, .batteryTemperature = 210, .batteryCurrent = 7, .batteryCycleCount = 5, .batteryFullCharge = 3092385, .batteryChargeCounter = 3023339, .batteryTechnology = Li-ion}, EXTRA_WIRELESS_CHARGER_DISABLE = false
04-18 12:20:11.680  1278  3558 D BatteryService: Processing new values: info={.chargerAcOnline = true, .chargerUsbOnline = false, .chargerWirelessOnline = false, .maxChargingCurrent = 1400000, .maxChargingVoltage = 9000000, .batteryStatus = FULL, .batteryHealth = GOOD, .batteryPresent = true, .batteryLevel = 100, .batteryVoltage = 4350, .batteryTemperature = 210, .batteryCurrent = 7, .batteryCycleCount = 5, .batteryFullCharge = 3092385, .batteryChargeCounter = 3023310, .batteryTechnology = Li-ion}, mBatteryLevelCritical=false, mPlugType=1
04-18 12:20:11.681  1278  3558 I BatteryService: shutdownIfLowCurrentLocked batteryLevel = 100 , hasChargingCurrent = false(isPowered=true,batteryCurrent=7,hardware=qcom) , hitShutdownVoltage = true(batteryVoltage=4350,mBatteryMinVoltage=-1) , isSystemReady = true
04-18 12:20:11.681  1278  1333 D BatteryStatsImpl: resetWhenChargingLongTime resetTime=25200000 ,mchargingUPTime=1384006 , (resetTime-(uptime-mchargingUPTime))=18968354 ,onBattery=false
04-18 12:20:11.681  1278  3558 D BatteryService: Sending ACTION_BATTERY_CHANGED. scale:100, info:{.chargerAcOnline = true, .chargerUsbOnline = false, .chargerWirelessOnline = false, .maxChargingCurrent = 1400000, .maxChargingVoltage = 9000000, .batteryStatus = FULL, .batteryHealth = GOOD, .batteryPresent = true, .batteryLevel = 100, .batteryVoltage = 4350, .batteryTemperature = 210, .batteryCurrent = 7, .batteryCycleCount = 5, .batteryFullCharge = 3092385, .batteryChargeCounter = 3023310, .batteryTechnology = Li-ion}, EXTRA_WIRELESS_CHARGER_DISABLE = false
04-18 12:20:57.592  1278  3558 D BatteryService: Processing new values: info={.chargerAcOnline = true, .chargerUsbOnline = false, .chargerWirelessOnline = false, .maxChargingCurrent = 1400000, .maxChargingVoltage = 9000000, .batteryStatus = FULL, .batteryHealth = GOOD, .batteryPresent = true, .batteryLevel = 100, .batteryVoltage = 4350, .batteryTemperature = 210, .batteryCurrent = 7, .batteryCycleCount = 5, .batteryFullCharge = 3092385, .batteryChargeCounter = 3023209, .batteryTechnology = Li-ion}, mBatteryLevelCritical=false, mPlugType=1
04-18 12:20:57.593  1278  3558 I BatteryService: shutdownIfLowCurrentLocked batteryLevel = 100 , hasChargingCurrent = false(isPowered=true,batteryCurrent=7,hardware=qcom) , hitShutdownVoltage = true(batteryVoltage=4350,mBatteryMinVoltage=-1) , isSystemReady = true
04-18 12:20:57.593  1278  1333 D BatteryStatsImpl: resetWhenChargingLongTime resetTime=25200000 ,mchargingUPTime=1384006 , (resetTime-(uptime-mchargingUPTime))=18963936 ,onBattery=false
04-18 12:20:57.593  1278  3558 D BatteryService: Sending ACTION_BATTERY_CHANGED. scale:100, info:{.chargerAcOnline = true, .chargerUsbOnline = false, .chargerWirelessOnline = false, .maxChargingCurrent = 1400000, .maxChargingVoltage = 9000000, .batteryStatus = FULL, .batteryHealth = GOOD, .batteryPresent = true, .batteryLevel = 100, .batteryVoltage = 4350, .batteryTemperature = 210, .batteryCurrent = 7, .batteryCycleCount = 5, .batteryFullCharge = 3092385, .batteryChargeCounter = 3023209, .batteryTechnology = Li-ion}, EXTRA_WIRELESS_CHARGER_DISABLE = false
04-18 12:21:11.635  1278  1278 V BackupManagerConstants: getFullBackupIntervalMilliseconds(...) returns 86400000
04-18 12:21:11.635  1278  1278 V BackupManagerConstants: getKeyValueBackupIntervalMilliseconds(...) returns 14400000
04-18 12:21:11.635  1278  1278 I BackupManagerService: Beginning scheduled full backup operation
04-18 12:21:11.638  1278  1278 I BackupManagerService: Full backup time but com.google.android.as is busy; deferring to 2019-04-18 14:41:19
04-18 12:21:11.638  1278  1278 I BackupManagerService: Nothing pending full backup; rescheduling +983157
04-18 12:21:11.711  1278  4204 V BackupManagerConstants: getFullBackupRequiredNetworkType(...) returns 2
04-18 12:21:11.711  1278  4204 V BackupManagerConstants: getFullBackupRequireCharging(...) returns true
04-18 12:21:15.524  1278  3558 D BatteryService: Processing new values: info={.chargerAcOnline = true, .chargerUsbOnline = false, .chargerWirelessOnline = false, .maxChargingCurrent = 1400000, .maxChargingVoltage = 9000000, .batteryStatus = FULL, .batteryHealth = GOOD, .batteryPresent = true, .batteryLevel = 100, .batteryVoltage = 4350, .batteryTemperature = 210, .batteryCurrent = 7, .batteryCycleCount = 5, .batteryFullCharge = 3092385, .batteryChargeCounter = 3023171, .batteryTechnology = Li-ion}, mBatteryLevelCritical=false, mPlugType=1
04-18 12:21:15.525  1278  3558 I BatteryService: shutdownIfLowCurrentLocked batteryLevel = 100 , hasChargingCurrent = false(isPowered=true,batteryCurrent=7,hardware=qcom) , hitShutdownVoltage = true(batteryVoltage=4350,mBatteryMinVoltage=-1) , isSystemReady = true
04-18 12:21:15.525  1278  1333 D BatteryStatsImpl: resetWhenChargingLongTime resetTime=25200000 ,mchargingUPTime=1384006 , (resetTime-(uptime-mchargingUPTime))=18957574 ,onBattery=false
04-18 12:21:15.525  1278  3558 D BatteryService: Sending ACTION_BATTERY_CHANGED. scale:100, info:{.chargerAcOnline = true, .chargerUsbOnline = false, .chargerWirelessOnline = false, .maxChargingCurrent = 1400000, .maxChargingVoltage = 9000000, .batteryStatus = FULL, .batteryHealth = GOOD, .batteryPresent = true, .batteryLevel = 100, .batteryVoltage = 4350, .batteryTemperature = 210, .batteryCurrent = 7, .batteryCycleCount = 5, .batteryFullCharge = 3092385, .batteryChargeCounter = 3023171, .batteryTechnology = Li-ion}, EXTRA_WIRELESS_CHARGER_DISABLE = false
04-18 12:21:27.745  1278  4246 I ActivityManager: Killing 24320:com.google.android.contacts/u0a141 (adj 904): empty for 1800s
04-18 12:21:27.747  1278  4246 I ActivityManager: Killing 24298:com.google.android.googlequicksearchbox/u0a89 (adj 904): empty for 1801s
04-18 12:21:57.528  1278  3558 D BatteryService: Processing new values: info={.chargerAcOnline = true, .chargerUsbOnline = false, .chargerWirelessOnline = false, .maxChargingCurrent = 1400000, .maxChargingVoltage = 9000000, .batteryStatus = FULL, .batteryHealth = GOOD, .batteryPresent = true, .batteryLevel = 100, .batteryVoltage = 4350, .batteryTemperature = 210, .batteryCurrent = 7, .batteryCycleCount = 5, .batteryFullCharge = 3092385, .batteryChargeCounter = 3023080, .batteryTechnology = Li-ion}, mBatteryLevelCritical=false, mPlugType=1
04-18 12:21:57.528  1278  3558 I BatteryService: shutdownIfLowCurrentLocked batteryLevel = 100 , hasChargingCurrent = false(isPowered=true,batteryCurrent=7,hardware=qcom) , hitShutdownVoltage = true(batteryVoltage=4350,mBatteryMinVoltage=-1) , isSystemReady = true
04-18 12:21:57.528  1278  1333 D BatteryStatsImpl: resetWhenChargingLongTime resetTime=25200000 ,mchargingUPTime=1384006 , (resetTime-(uptime-mchargingUPTime))=18951397 ,onBattery=false
04-18 12:21:57.529  1278  3558 D BatteryService: Sending ACTION_BATTERY_CHANGED. scale:100, info:{.chargerAcOnline = true, .chargerUsbOnline = false, .chargerWirelessOnline = false, .maxChargingCurrent = 1400000, .maxChargingVoltage = 9000000, .batteryStatus = FULL, .batteryHealth = GOOD, .batteryPresent = true, .batteryLevel = 100, .batteryVoltage = 4350, .batteryTemperature = 210, .batteryCurrent = 7, .batteryCycleCount = 5, .batteryFullCharge = 3092385, .batteryChargeCounter = 3023080, .batteryTechnology = Li-ion}, EXTRA_WIRELESS_CHARGER_DISABLE = false
04-18 12:21:58.716  1278  7856 I ActivityManager: Killing 24367:com.android.chrome/u0a139 (adj 904): empty for 1802s
04-18 12:21:58.720  1278  7856 I ActivityManager: Killing 24351:com.google.android.marvin.talkback/u0a113 (adj 904): empty for 1804s
04-18 12:21:58.721  1278  7856 I ActivityManager: Killing 7281:android.process.media/u0a69 (adj 906): empty for 1804s
04-18 12:21:58.793  1278  6074 D ConnectivityService: ConnectivityService NetworkRequestInfo binderDied(NetworkRequest [ LISTEN id=65, [ Capabilities: INTERNET&NOT_RESTRICTED&TRUSTED Unwanted:  Uid: 10139] ], android.os.BinderProxy@ec6fdf7)
04-18 12:21:58.793  1278  4246 D ConnectivityService: ConnectivityService NetworkRequestInfo binderDied(NetworkRequest [ TRACK_DEFAULT id=66, [ Capabilities: INTERNET&NOT_RESTRICTED&TRUSTED Unwanted:  Uid: 10139] ], android.os.BinderProxy@259464)
04-18 12:21:58.793  1278  4529 D ConnectivityService: ConnectivityService NetworkRequestInfo binderDied(NetworkRequest [ TRACK_DEFAULT id=64, [ Capabilities: INTERNET&NOT_RESTRICTED&TRUSTED Unwanted:  Uid: 10139] ], android.os.BinderProxy@c8ed6cd)
04-18 12:21:58.794  1278  4529 D ConnectivityService: ConnectivityService NetworkRequestInfo binderDied(NetworkRequest [ LISTEN id=67, [ Capabilities: INTERNET&NOT_RESTRICTED&TRUSTED Unwanted:  Uid: 10139] ], android.os.BinderProxy@dd21b82)
04-18 12:21:58.795  1278  3336 D ConnectivityService: releasing NetworkRequest [ TRACK_DEFAULT id=66, [ Capabilities: INTERNET&NOT_RESTRICTED&TRUSTED Unwanted:  Uid: 10139] ] (release request)
04-18 12:21:58.798  1278  3336 D ConnectivityService: releasing NetworkRequest [ TRACK_DEFAULT id=64, [ Capabilities: INTERNET&NOT_RESTRICTED&TRUSTED Unwanted:  Uid: 10139] ] (release request)
04-18 12:22:20.804  1278  3558 D BatteryService: Processing new values: info={.chargerAcOnline = true, .chargerUsbOnline = false, .chargerWirelessOnline = false, .maxChargingCurrent = 1400000, .maxChargingVoltage = 9000000, .batteryStatus = FULL, .batteryHealth = GOOD, .batteryPresent = true, .batteryLevel = 100, .batteryVoltage = 4350, .batteryTemperature = 210, .batteryCurrent = 7, .batteryCycleCount = 5, .batteryFullCharge = 3092385, .batteryChargeCounter = 3023029, .batteryTechnology = Li-ion}, mBatteryLevelCritical=false, mPlugType=1
04-18 12:22:20.804  1278  3558 I BatteryService: shutdownIfLowCurrentLocked batteryLevel = 100 , hasChargingCurrent = false(isPowered=true,batteryCurrent=7,hardware=qcom) , hitShutdownVoltage = true(batteryVoltage=4350,mBatteryMinVoltage=-1) , isSystemReady = true
04-18 12:22:20.805  1278  3558 D BatteryService: Sending ACTION_BATTERY_CHANGED. scale:100, info:{.chargerAcOnline = true, .chargerUsbOnline = false, .chargerWirelessOnline = false, .maxChargingCurrent = 1400000, .maxChargingVoltage = 9000000, .batteryStatus = FULL, .batteryHealth = GOOD, .batteryPresent = true, .batteryLevel = 100, .batteryVoltage = 4350, .batteryTemperature = 210, .batteryCurrent = 7, .batteryCycleCount = 5, .batteryFullCharge = 3092385, .batteryChargeCounter = 3023029, .batteryTechnology = Li-ion}, EXTRA_WIRELESS_CHARGER_DISABLE = false
04-18 12:22:20.805  1278  1333 D BatteryStatsImpl: resetWhenChargingLongTime resetTime=25200000 ,mchargingUPTime=1384006 , (resetTime-(uptime-mchargingUPTime))=18947058 ,onBattery=false
04-18 12:22:29.194  1278  6074 I ActivityManager: Killing 24410:com.google.android.apps.photos/u0a122 (adj 906): empty for 1801s
04-18 12:22:39.968  1278  5927 I ActivityManager: Killing 22876:com.google.android.gms.ui/u0a65 (adj 904): empty for 1800s
04-18 12:22:39.968  1278  5927 I ActivityManager: Killing 24436:com.google.android.dialer/u0a86 (adj 906): empty for 1800s
04-18 12:22:40.058  1278  1325 I ActivityManager: Start proc 25826:android.process.media/u0a69 for content provider com.android.providers.media/.MediaProvider
04-18 12:22:40.059  1278  1325 D ActivityManager: handleProcessStartedLocked mDoneFinishBooting && app.pid != 0 ---> notifyProcessStart, app.processName = android.process.media, app.info = ApplicationInfo{6500d3d com.android.providers.media}, app.hostingType = content provider, getHostingName() = ComponentInfo{com.android.providers.media/com.android.providers.media.MediaProvider}, getIntentFlag() = 0, getIsPackageRunning() = false, app = ProcessRecord{e4c6932 25826:android.process.media/u0a69}, getExtraData() = null
04-18 12:22:40.059  1278  3369 V ActivityManager: notifyProcessStart: android.process.media for: content provider from: null packageName: com.android.providers.media className: com.android.providers.media.MediaProvider
04-18 12:22:57.318  1278  3558 D BatteryService: Processing new values: info={.chargerAcOnline = true, .chargerUsbOnline = false, .chargerWirelessOnline = false, .maxChargingCurrent = 1400000, .maxChargingVoltage = 9000000, .batteryStatus = FULL, .batteryHealth = GOOD, .batteryPresent = true, .batteryLevel = 100, .batteryVoltage = 4350, .batteryTemperature = 210, .batteryCurrent = 7, .batteryCycleCount = 5, .batteryFullCharge = 3092385, .batteryChargeCounter = 3022949, .batteryTechnology = Li-ion}, mBatteryLevelCritical=false, mPlugType=1
04-18 12:22:57.319  1278  3558 I BatteryService: shutdownIfLowCurrentLocked batteryLevel = 100 , hasChargingCurrent = false(isPowered=true,batteryCurrent=7,hardware=qcom) , hitShutdownVoltage = true(batteryVoltage=4350,mBatteryMinVoltage=-1) , isSystemReady = true
04-18 12:22:57.319  1278  3558 D BatteryService: Sending ACTION_BATTERY_CHANGED. scale:100, info:{.chargerAcOnline = true, .chargerUsbOnline = false, .chargerWirelessOnline = false, .maxChargingCurrent = 1400000, .maxChargingVoltage = 9000000, .batteryStatus = FULL, .batteryHealth = GOOD, .batteryPresent = true, .batteryLevel = 100, .batteryVoltage = 4350, .batteryTemperature = 210, .batteryCurrent = 7, .batteryCycleCount = 5, .batteryFullCharge = 3092385, .batteryChargeCounter = 3022949, .batteryTechnology = Li-ion}, EXTRA_WIRELESS_CHARGER_DISABLE = false
04-18 12:22:57.319  1278  1333 D BatteryStatsImpl: resetWhenChargingLongTime resetTime=25200000 ,mchargingUPTime=1384006 , (resetTime-(uptime-mchargingUPTime))=18940120 ,onBattery=false
04-18 12:23:24.550  1278  3558 D BatteryService: Processing new values: info={.chargerAcOnline = true, .chargerUsbOnline = false, .chargerWirelessOnline = false, .maxChargingCurrent = 1400000, .maxChargingVoltage = 9000000, .batteryStatus = FULL, .batteryHealth = GOOD, .batteryPresent = true, .batteryLevel = 100, .batteryVoltage = 4348, .batteryTemperature = 210, .batteryCurrent = 7, .batteryCycleCount = 5, .batteryFullCharge = 3092385, .batteryChargeCounter = 3022893, .batteryTechnology = Li-ion}, mBatteryLevelCritical=false, mPlugType=1
04-18 12:23:24.550  1278  3558 I BatteryService: shutdownIfLowCurrentLocked batteryLevel = 100 , hasChargingCurrent = false(isPowered=true,batteryCurrent=7,hardware=qcom) , hitShutdownVoltage = true(batteryVoltage=4348,mBatteryMinVoltage=-1) , isSystemReady = true
04-18 12:23:24.551  1278  3558 D BatteryService: Sending ACTION_BATTERY_CHANGED. scale:100, info:{.chargerAcOnline = true, .chargerUsbOnline = false, .chargerWirelessOnline = false, .maxChargingCurrent = 1400000, .maxChargingVoltage = 9000000, .batteryStatus = FULL, .batteryHealth = GOOD, .batteryPresent = true, .batteryLevel = 100, .batteryVoltage = 4348, .batteryTemperature = 210, .batteryCurrent = 7, .batteryCycleCount = 5, .batteryFullCharge = 3092385, .batteryChargeCounter = 3022893, .batteryTechnology = Li-ion}, EXTRA_WIRELESS_CHARGER_DISABLE = false
04-18 12:23:24.551  1278  1333 D BatteryStatsImpl: resetWhenChargingLongTime resetTime=25200000 ,mchargingUPTime=1384006 , (resetTime-(uptime-mchargingUPTime))=18933096 ,onBattery=false
04-18 12:23:57.563  1278  3558 D BatteryService: Processing new values: info={.chargerAcOnline = true, .chargerUsbOnline = false, .chargerWirelessOnline = false, .maxChargingCurrent = 1400000, .maxChargingVoltage = 9000000, .batteryStatus = FULL, .batteryHealth = GOOD, .batteryPresent = true, .batteryLevel = 100, .batteryVoltage = 4349, .batteryTemperature = 210, .batteryCurrent = 7, .batteryCycleCount = 5, .batteryFullCharge = 3092385, .batteryChargeCounter = 3022820, .batteryTechnology = Li-ion}, mBatteryLevelCritical=false, mPlugType=1
04-18 12:23:57.564  1278  3558 I BatteryService: shutdownIfLowCurrentLocked batteryLevel = 100 , hasChargingCurrent = false(isPowered=true,batteryCurrent=7,hardware=qcom) , hitShutdownVoltage = true(batteryVoltage=4349,mBatteryMinVoltage=-1) , isSystemReady = true
04-18 12:23:57.564  1278  1333 D BatteryStatsImpl: resetWhenChargingLongTime resetTime=25200000 ,mchargingUPTime=1384006 , (resetTime-(uptime-mchargingUPTime))=18927455 ,onBattery=false
04-18 12:23:57.564  1278  3558 D BatteryService: Sending ACTION_BATTERY_CHANGED. scale:100, info:{.chargerAcOnline = true, .chargerUsbOnline = false, .chargerWirelessOnline = false, .maxChargingCurrent = 1400000, .maxChargingVoltage = 9000000, .batteryStatus = FULL, .batteryHealth = GOOD, .batteryPresent = true, .batteryLevel = 100, .batteryVoltage = 4349, .batteryTemperature = 210, .batteryCurrent = 7, .batteryCycleCount = 5, .batteryFullCharge = 3092385, .batteryChargeCounter = 3022820, .batteryTechnology = Li-ion}, EXTRA_WIRELESS_CHARGER_DISABLE = false
04-18 12:24:29.948  1278  3558 D BatteryService: Processing new values: info={.chargerAcOnline = true, .chargerUsbOnline = false, .chargerWirelessOnline = false, .maxChargingCurrent = 1400000, .maxChargingVoltage = 9000000, .batteryStatus = FULL, .batteryHealth = GOOD, .batteryPresent = true, .batteryLevel = 100, .batteryVoltage = 4350, .batteryTemperature = 210, .batteryCurrent = 7, .batteryCycleCount = 5, .batteryFullCharge = 3092385, .batteryChargeCounter = 3022752, .batteryTechnology = Li-ion}, mBatteryLevelCritical=false, mPlugType=1
04-18 12:24:29.948  1278  3558 I BatteryService: shutdownIfLowCurrentLocked batteryLevel = 100 , hasChargingCurrent = false(isPowered=true,batteryCurrent=7,hardware=qcom) , hitShutdownVoltage = true(batteryVoltage=4350,mBatteryMinVoltage=-1) , isSystemReady = true
04-18 12:24:29.949  1278  3558 D BatteryService: Sending ACTION_BATTERY_CHANGED. scale:100, info:{.chargerAcOnline = true, .chargerUsbOnline = false, .chargerWirelessOnline = false, .maxChargingCurrent = 1400000, .maxChargingVoltage = 9000000, .batteryStatus = FULL, .batteryHealth = GOOD, .batteryPresent = true, .batteryLevel = 100, .batteryVoltage = 4350, .batteryTemperature = 210, .batteryCurrent = 7, .batteryCycleCount = 5, .batteryFullCharge = 3092385, .batteryChargeCounter = 3022752, .batteryTechnology = Li-ion}, EXTRA_WIRELESS_CHARGER_DISABLE = false
04-18 12:24:29.950  1278  1333 D BatteryStatsImpl: resetWhenChargingLongTime resetTime=25200000 ,mchargingUPTime=1384006 , (resetTime-(uptime-mchargingUPTime))=18922482 ,onBattery=false
04-18 12:24:57.156  1278  3558 D BatteryService: Processing new values: info={.chargerAcOnline = true, .chargerUsbOnline = false, .chargerWirelessOnline = false, .maxChargingCurrent = 1400000, .maxChargingVoltage = 9000000, .batteryStatus = FULL, .batteryHealth = GOOD, .batteryPresent = true, .batteryLevel = 100, .batteryVoltage = 4349, .batteryTemperature = 210, .batteryCurrent = 7, .batteryCycleCount = 5, .batteryFullCharge = 3092385, .batteryChargeCounter = 3022693, .batteryTechnology = Li-ion}, mBatteryLevelCritical=false, mPlugType=1
04-18 12:24:57.158  1278  1333 D BatteryStatsImpl: resetWhenChargingLongTime resetTime=25200000 ,mchargingUPTime=1384006 , (resetTime-(uptime-mchargingUPTime))=18917258 ,onBattery=false
04-18 12:24:57.158  1278  3558 I BatteryService: shutdownIfLowCurrentLocked batteryLevel = 100 , hasChargingCurrent = false(isPowered=true,batteryCurrent=7,hardware=qcom) , hitShutdownVoltage = true(batteryVoltage=4349,mBatteryMinVoltage=-1) , isSystemReady = true
