04-18 11:53:57.567  1278  1333 D BatteryStatsImpl: resetWhenChargingLongTime resetTime=25200000 ,mchargingUPTime=1384006 , (resetTime-(uptime-mchargingUPTime))=19195917 ,onBattery=false
04-18 11:54:19.170  1278  3558 D BatteryService: Processing new values: info={.chargerAcOnline = true, .chargerUsbOnline = false, .chargerWirelessOnline = false, .maxChargingCurrent = 1400000, .maxChargingVoltage = 9000000, .batteryStatus = FULL, .batteryHealth = GOOD, .batteryPresent = true, .batteryLevel = 100, .batteryVoltage = 4350, .batteryTemperature = 210, .batteryCurrent = 7, .batteryCycleCount = 5, .batteryFullCharge = 3092385, .batteryChargeCounter = 3026686, .batteryTechnology = Li-ion}, mBatteryLevelCritical=false, mPlugType=1
04-18 11:54:19.171  1278  3558 I BatteryService: shutdownIfLowCurrentLocked batteryLevel = 100 , hasChargingCurrent = false(isPowered=true,batteryCurrent=7,hardware=qcom) , hitShutdownVoltage = true(batteryVoltage=4350,mBatteryMinVoltage=-1) , isSystemReady = true
04-18 11:54:19.171  1278  1333 D BatteryStatsImpl: resetWhenChargingLongTime resetTime=25200000 ,mchargingUPTime=1384006 , (resetTime-(uptime-mchargingUPTime))=19191361 ,onBattery=false
04-18 11:54:19.171  1278  3558 D BatteryService: Sending ACTION_BATTERY_CHANGED. scale:100, info:{.chargerAcOnline = true, .chargerUsbOnline = false, .chargerWirelessOnline = false, .maxChargingCurrent = 1400000, .maxChargingVoltage = 9000000, .batteryStatus = FULL, .batteryHealth = GOOD, .batteryPresent = true, .batteryLevel = 100, .batteryVoltage = 4350, .batteryTemperature = 210, .batteryCurrent = 7, .batteryCycleCount = 5, .batteryFullCharge = 3092385, .batteryChargeCounter = 3026686, .batteryTechnology = Li-ion}, EXTRA_WIRELESS_CHARGER_DISABLE = false
04-18 11:54:57.156  1278  3558 D BatteryService: Processing new values: info={.chargerAcOnline = true, .chargerUsbOnline = false, .chargerWirelessOnline = false, .maxChargingCurrent = 1400000, .maxChargingVoltage = 9000000, .batteryStatus = FULL, .batteryHealth = GOOD, .batteryPresent = true, .batteryLevel = 100, .batteryVoltage = 4349, .batteryTemperature = 210, .batteryCurrent = 7, .batteryCycleCount = 5, .batteryFullCharge = 3092385, .batteryChargeCounter = 3026601, .batteryTechnology = Li-ion}, mBatteryLevelCritical=false, mPlugType=1
04-18 11:54:57.157  1278  3558 I BatteryService: shutdownIfLowCurrentLocked batteryLevel = 100 , hasChargingCurrent = false(isPowered=true,batteryCurrent=7,hardware=qcom) , hitShutdownVoltage = true(batteryVoltage=4349,mBatteryMinVoltage=-1) , isSystemReady = true
04-18 11:54:57.157  1278  1333 D BatteryStatsImpl: resetWhenChargingLongTime resetTime=25200000 ,mchargingUPTime=1384006 , (resetTime-(uptime-mchargingUPTime))=19186606 ,onBattery=false
04-18 11:54:57.157  1278  3558 D BatteryService: Sending ACTION_BATTERY_CHANGED. scale:100, info:{.chargerAcOnline = true, .chargerUsbOnline = false, .chargerWirelessOnline = false, .maxChargingCurrent = 1400000, .maxChargingVoltage = 9000000, .batteryStatus = FULL, .batteryHealth = GOOD, .batteryPresent = true, .batteryLevel = 100, .batteryVoltage = 4349, .batteryTemperature = 210, .batteryCurrent = 7, .batteryCycleCount = 5, .batteryFullCharge = 3092385, .batteryChargeCounter = 3026601, .batteryTechnology = Li-ion}, EXTRA_WIRELESS_CHARGER_DISABLE = false
04-18 11:55:23.000  1278  3558 D BatteryService: Processing new values: info={.chargerAcOnline = true, .chargerUsbOnline = false, .chargerWirelessOnline = false, .maxChargingCurrent = 1400000, .maxChargingVoltage = 9000000, .batteryStatus = FULL, .batteryHealth = GOOD, .batteryPresent = true, .batteryLevel = 100, .batteryVoltage = 4350, .batteryTemperature = 210, .batteryCurrent = 7, .batteryCycleCount = 5, .batteryFullCharge = 3092385, .batteryChargeCounter = 3026547, .batteryTechnology = Li-ion}, mBatteryLevelCritical=false, mPlugType=1
04-18 11:55:23.000  1278  3558 I BatteryService: shutdownIfLowCurrentLocked batteryLevel = 100 , hasChargingCurrent = false(isPowered=true,batteryCurrent=7,hardware=qcom) , hitShutdownVoltage = true(batteryVoltage=4350,mBatteryMinVoltage=-1) , isSystemReady = true
04-18 11:55:23.001  1278  1333 D BatteryStatsImpl: resetWhenChargingLongTime resetTime=25200000 ,mchargingUPTime=1384006 , (resetTime-(uptime-mchargingUPTime))=19184333 ,onBattery=false
04-18 11:55:23.001  1278  3558 D BatteryService: Sending ACTION_BATTERY_CHANGED. scale:100, info:{.chargerAcOnline = true, .chargerUsbOnline = false, .chargerWirelessOnline = false, .maxChargingCurrent = 1400000, .maxChargingVoltage = 9000000, .batteryStatus = FULL, .batteryHealth = GOOD, .batteryPresent = true, .batteryLevel = 100, .batteryVoltage = 4350, .batteryTemperature = 210, .batteryCurrent = 7, .batteryCycleCount = 5, .batteryFullCharge = 3092385, .batteryChargeCounter = 3026547, .batteryTechnology = Li-ion}, EXTRA_WIRELESS_CHARGER_DISABLE = false
04-18 11:55:57.561  1278  3558 D BatteryService: Processing new values: info={.chargerAcOnline = true, .chargerUsbOnline = false, .chargerWirelessOnline = false, .maxChargingCurrent = 1400000, .maxChargingVoltage = 9000000, .batteryStatus = FULL, .batteryHealth = GOOD, .batteryPresent = true, .batteryLevel = 100, .batteryVoltage = 4350, .batteryTemperature = 210, .batteryCurrent = 7, .batteryCycleCount = 5, .batteryFullCharge = 3092385, .batteryChargeCounter = 3026471, .batteryTechnology = Li-ion}, mBatteryLevelCritical=false, mPlugType=1
04-18 11:55:57.562  1278  3558 I BatteryService: shutdownIfLowCurrentLocked batteryLevel = 100 , hasChargingCurrent = false(isPowered=true,batteryCurrent=7,hardware=qcom) , hitShutdownVoltage = true(batteryVoltage=4350,mBatteryMinVoltage=-1) , isSystemReady = true
04-18 11:55:57.562  1278  1333 D BatteryStatsImpl: resetWhenChargingLongTime resetTime=25200000 ,mchargingUPTime=1384006 , (resetTime-(uptime-mchargingUPTime))=19180066 ,onBattery=false
04-18 11:55:57.562  1278  3558 D BatteryService: Sending ACTION_BATTERY_CHANGED. scale:100, info:{.chargerAcOnline = true, .chargerUsbOnline = false, .chargerWirelessOnline = false, .maxChargingCurrent = 1400000, .maxChargingVoltage = 9000000, .batteryStatus = FULL, .batteryHealth = GOOD, .batteryPresent = true, .batteryLevel = 100, .batteryVoltage = 4350, .batteryTemperature = 210, .batteryCurrent = 7, .batteryCycleCount = 5, .batteryFullCharge = 3092385, .batteryChargeCounter = 3026471, .batteryTechnology = Li-ion}, EXTRA_WIRELESS_CHARGER_DISABLE = false
04-18 11:56:28.289  1278  3558 D BatteryService: Processing new values: info={.chargerAcOnline = true, .chargerUsbOnline = false, .chargerWirelessOnline = false, .maxChargingCurrent = 1400000, .maxChargingVoltage = 9000000, .batteryStatus = FULL, .batteryHealth = GOOD, .batteryPresent = true, .batteryLevel = 100, .batteryVoltage = 4350, .batteryTemperature = 210, .batteryCurrent = 7, .batteryCycleCount = 5, .batteryFullCharge = 3092385, .batteryChargeCounter = 3026404, .batteryTechnology = Li-ion}, mBatteryLevelCritical=false, mPlugType=1
04-18 11:56:28.290  1278  3558 I BatteryService: shutdownIfLowCurrentLocked batteryLevel = 100 , hasChargingCurrent = false(isPowered=true,batteryCurrent=7,hardware=qcom) , hitShutdownVoltage = true(batteryVoltage=4350,mBatteryMinVoltage=-1) , isSystemReady = true
04-18 11:56:28.290  1278  3558 D BatteryService: Sending ACTION_BATTERY_CHANGED. scale:100, info:{.chargerAcOnline = true, .chargerUsbOnline = false, .chargerWirelessOnline = false, .maxChargingCurrent = 1400000, .maxChargingVoltage = 9000000, .batteryStatus = FULL, .batteryHealth = GOOD, .batteryPresent = true, .batteryLevel = 100, .batteryVoltage = 4350, .batteryTemperature = 210, .batteryCurrent = 7, .batteryCycleCount = 5, .batteryFullCharge = 3092385, .batteryChargeCounter = 3026404, .batteryTechnology = Li-ion}, EXTRA_WIRELESS_CHARGER_DISABLE = false
04-18 11:56:28.291  1278  1333 D BatteryStatsImpl: resetWhenChargingLongTime resetTime=25200000 ,mchargingUPTime=1384006 , (resetTime-(uptime-mchargingUPTime))=19176599 ,onBattery=false
04-18 11:56:57.549  1278  3558 D BatteryService: Processing new values: info={.chargerAcOnline = true, .chargerUsbOnline = false, .chargerWirelessOnline = false, .maxChargingCurrent = 1400000, .maxChargingVoltage = 9000000, .batteryStatus = FULL, .batteryHealth = GOOD, .batteryPresent = true, .batteryLevel = 100, .batteryVoltage = 4350, .batteryTemperature = 210, .batteryCurrent = 7, .batteryCycleCount = 5, .batteryFullCharge = 3092385, .batteryChargeCounter = 3026338, .batteryTechnology = Li-ion}, mBatteryLevelCritical=false, mPlugType=1
04-18 11:56:57.550  1278  3558 I BatteryService: shutdownIfLowCurrentLocked batteryLevel = 100 , hasChargingCurrent = false(isPowered=true,batteryCurrent=7,hardware=qcom) , hitShutdownVoltage = true(batteryVoltage=4350,mBatteryMinVoltage=-1) , isSystemReady = true
04-18 11:56:57.550  1278  1333 D BatteryStatsImpl: resetWhenChargingLongTime resetTime=25200000 ,mchargingUPTime=1384006 , (resetTime-(uptime-mchargingUPTime))=19172254 ,onBattery=false
04-18 11:56:57.550  1278  3558 D BatteryService: Sending ACTION_BATTERY_CHANGED. scale:100, info:{.chargerAcOnline = true, .chargerUsbOnline = false, .chargerWirelessOnline = false, .maxChargingCurrent = 1400000, .maxChargingVoltage = 9000000, .batteryStatus = FULL, .batteryHealth = GOOD, .batteryPresent = true, .batteryLevel = 100, .batteryVoltage = 4350, .batteryTemperature = 210, .batteryCurrent = 7, .batteryCycleCount = 5, .batteryFullCharge = 3092385, .batteryChargeCounter = 3026338, .batteryTechnology = Li-ion}, EXTRA_WIRELESS_CHARGER_DISABLE = false
04-18 11:57:32.132  1278  3558 D BatteryService: Processing new values: info={.chargerAcOnline = true, .chargerUsbOnline = false, .chargerWirelessOnline = false, .maxChargingCurrent = 1400000, .maxChargingVoltage = 9000000, .batteryStatus = FULL, .batteryHealth = GOOD, .batteryPresent = true, .batteryLevel = 100, .batteryVoltage = 4350, .batteryTemperature = 210, .batteryCurrent = 7, .batteryCycleCount = 5, .batteryFullCharge = 3092385, .batteryChargeCounter = 3026265, .batteryTechnology = Li-ion}, mBatteryLevelCritical=false, mPlugType=1
04-18 11:57:32.132  1278  3558 I BatteryService: shutdownIfLowCurrentLocked batteryLevel = 100 , hasChargingCurrent = false(isPowered=true,batteryCurrent=7,hardware=qcom) , hitShutdownVoltage = true(batteryVoltage=4350,mBatteryMinVoltage=-1) , isSystemReady = true
04-18 11:57:32.132  1278  3558 D BatteryService: Sending ACTION_BATTERY_CHANGED. scale:100, info:{.chargerAcOnline = true, .chargerUsbOnline = false, .chargerWirelessOnline = false, .maxChargingCurrent = 1400000, .maxChargingVoltage = 9000000, .batteryStatus = FULL, .batteryHealth = GOOD, .batteryPresent = true, .batteryLevel = 100, .batteryVoltage = 4350, .batteryTemperature = 210, .batteryCurrent = 7, .batteryCycleCount = 5, .batteryFullCharge = 3092385, .batteryChargeCounter = 3026265, .batteryTechnology = Li-ion}, EXTRA_WIRELESS_CHARGER_DISABLE = false
04-18 11:57:32.132  1278  1333 D BatteryStatsImpl: resetWhenChargingLongTime resetTime=25200000 ,mchargingUPTime=1384006 , (resetTime-(uptime-mchargingUPTime))=19166927 ,onBattery=false
04-18 11:57:57.561  1278  3558 D BatteryService: Processing new values: info={.chargerAcOnline = true, .chargerUsbOnline = false, .chargerWirelessOnline = false, .maxChargingCurrent = 1400000, .maxChargingVoltage = 9000000, .batteryStatus = FULL, .batteryHealth = GOOD, .batteryPresent = true, .batteryLevel = 100, .batteryVoltage = 4350, .batteryTemperature = 210, .batteryCurrent = 7, .batteryCycleCount = 5, .batteryFullCharge = 3092385, .batteryChargeCounter = 3026209, .batteryTechnology = Li-ion}, mBatteryLevelCritical=false, mPlugType=1
04-18 11:57:57.562  1278  3558 I BatteryService: shutdownIfLowCurrentLocked batteryLevel = 100 , hasChargingCurrent = false(isPowered=true,batteryCurrent=7,hardware=qcom) , hitShutdownVoltage = true(batteryVoltage=4350,mBatteryMinVoltage=-1) , isSystemReady = true
04-18 11:57:57.562  1278  3558 D BatteryService: Sending ACTION_BATTERY_CHANGED. scale:100, info:{.chargerAcOnline = true, .chargerUsbOnline = false, .chargerWirelessOnline = false, .maxChargingCurrent = 1400000, .maxChargingVoltage = 9000000, .batteryStatus = FULL, .batteryHealth = GOOD, .batteryPresent = true, .batteryLevel = 100, .batteryVoltage = 4350, .batteryTemperature = 210, .batteryCurrent = 7, .batteryCycleCount = 5, .batteryFullCharge = 3092385, .batteryChargeCounter = 3026209, .batteryTechnology = Li-ion}, EXTRA_WIRELESS_CHARGER_DISABLE = false
04-18 11:57:57.562  1278  1333 D BatteryStatsImpl: resetWhenChargingLongTime resetTime=25200000 ,mchargingUPTime=1384006 , (resetTime-(uptime-mchargingUPTime))=19165506 ,onBattery=false
04-18 11:58:37.427  1278  3558 D BatteryService: Processing new values: info={.chargerAcOnline = true, .chargerUsbOnline = false, .chargerWirelessOnline = false, .maxChargingCurrent = 1400000, .maxChargingVoltage = 9000000, .batteryStatus = FULL, .batteryHealth = GOOD, .batteryPresent = true, .batteryLevel = 100, .batteryVoltage = 4350, .batteryTemperature = 210, .batteryCurrent = 7, .batteryCycleCount = 5, .batteryFullCharge = 3092385, .batteryChargeCounter = 3026125, .batteryTechnology = Li-ion}, mBatteryLevelCritical=false, mPlugType=1
04-18 11:58:37.427  1278  3558 I BatteryService: shutdownIfLowCurrentLocked batteryLevel = 100 , hasChargingCurrent = false(isPowered=true,batteryCurrent=7,hardware=qcom) , hitShutdownVoltage = true(batteryVoltage=4350,mBatteryMinVoltage=-1) , isSystemReady = true
04-18 11:58:37.428  1278  1333 D BatteryStatsImpl: resetWhenChargingLongTime resetTime=25200000 ,mchargingUPTime=1384006 , (resetTime-(uptime-mchargingUPTime))=19158243 ,onBattery=false
04-18 11:58:37.428  1278  3558 D BatteryService: Sending ACTION_BATTERY_CHANGED. scale:100, info:{.chargerAcOnline = true, .chargerUsbOnline = false, .chargerWirelessOnline = false, .maxChargingCurrent = 1400000, .maxChargingVoltage = 9000000, .batteryStatus = FULL, .batteryHealth = GOOD, .batteryPresent = true, .batteryLevel = 100, .batteryVoltage = 4350, .batteryTemperature = 210, .batteryCurrent = 7, .batteryCycleCount = 5, .batteryFullCharge = 3092385, .batteryChargeCounter = 3026125, .batteryTechnology = Li-ion}, EXTRA_WIRELESS_CHARGER_DISABLE = false
04-18 11:58:57.564  1061  1184 E storaged: getDiskStats failed with result NOT_SUPPORTED and size 0
04-18 11:58:57.565  1278  3558 D BatteryService: Processing new values: info={.chargerAcOnline = true, .chargerUsbOnline = false, .chargerWirelessOnline = false, .maxChargingCurrent = 1400000, .maxChargingVoltage = 9000000, .batteryStatus = FULL, .batteryHealth = GOOD, .batteryPresent = true, .batteryLevel = 100, .batteryVoltage = 4350, .batteryTemperature = 210, .batteryCurrent = 7, .batteryCycleCount = 5, .batteryFullCharge = 3092385, .batteryChargeCounter = 3026081, .batteryTechnology = Li-ion}, mBatteryLevelCritical=false, mPlugType=1
04-18 11:58:57.565  1278  3558 I BatteryService: shutdownIfLowCurrentLocked batteryLevel = 100 , hasChargingCurrent = false(isPowered=true,batteryCurrent=7,hardware=qcom) , hitShutdownVoltage = true(batteryVoltage=4350,mBatteryMinVoltage=-1) , isSystemReady = true
04-18 11:58:57.565  1278  1333 D BatteryStatsImpl: resetWhenChargingLongTime resetTime=25200000 ,mchargingUPTime=1384006 , (resetTime-(uptime-mchargingUPTime))=19154691 ,onBattery=false
04-18 11:58:57.565  1278  3558 D BatteryService: Sending ACTION_BATTERY_CHANGED. scale:100, info:{.chargerAcOnline = true, .chargerUsbOnline = false, .chargerWirelessOnline = false, .maxChargingCurrent = 1400000, .maxChargingVoltage = 9000000, .batteryStatus = FULL, .batteryHealth = GOOD, .batteryPresent = true, .batteryLevel = 100, .batteryVoltage = 4350, .batteryTemperature = 210, .batteryCurrent = 7, .batteryCycleCount = 5, .batteryFullCharge = 3092385, .batteryChargeCounter = 3026081, .batteryTechnology = Li-ion}, EXTRA_WIRELESS_CHARGER_DISABLE = false
04-18 11:59:42.723  1278  3558 D BatteryService: Processing new values: info={.chargerAcOnline = true, .chargerUsbOnline = false, .chargerWirelessOnline = false, .maxChargingCurrent = 1400000, .maxChargingVoltage = 9000000, .batteryStatus = FULL, .batteryHealth = GOOD, .batteryPresent = true, .batteryLevel = 100, .batteryVoltage = 4350, .batteryTemperature = 210, .batteryCurrent = 7, .batteryCycleCount = 5, .batteryFullCharge = 3092385, .batteryChargeCounter = 3025984, .batteryTechnology = Li-ion}, mBatteryLevelCritical=false, mPlugType=1
04-18 11:59:42.723  1278  3558 I BatteryService: shutdownIfLowCurrentLocked batteryLevel = 100 , hasChargingCurrent = false(isPowered=true,batteryCurrent=7,hardware=qcom) , hitShutdownVoltage = true(batteryVoltage=4350,mBatteryMinVoltage=-1) , isSystemReady = true
04-18 11:59:42.724  1278  3558 D BatteryService: Sending ACTION_BATTERY_CHANGED. scale:100, info:{.chargerAcOnline = true, .chargerUsbOnline = false, .chargerWirelessOnline = false, .maxChargingCurrent = 1400000, .maxChargingVoltage = 9000000, .batteryStatus = FULL, .batteryHealth = GOOD, .batteryPresent = true, .batteryLevel = 100, .batteryVoltage = 4350, .batteryTemperature = 210, .batteryCurrent = 7, .batteryCycleCount = 5, .batteryFullCharge = 3092385, .batteryChargeCounter = 3025984, .batteryTechnology = Li-ion}, EXTRA_WIRELESS_CHARGER_DISABLE = false
04-18 11:59:42.724  1278  1333 D BatteryStatsImpl: resetWhenChargingLongTime resetTime=25200000 ,mchargingUPTime=1384006 , (resetTime-(uptime-mchargingUPTime))=19145641 ,onBattery=false
04-18 11:59:57.156  1278  3558 D BatteryService: Processing new values: info={.chargerAcOnline = true, .chargerUsbOnline = false, .chargerWirelessOnline = false, .maxChargingCurrent = 1400000, .maxChargingVoltage = 9000000, .batteryStatus = FULL, .batteryHealth = GOOD, .batteryPresent = true, .batteryLevel = 100, .batteryVoltage = 4349, .batteryTemperature = 210, .batteryCurrent = 6, .batteryCycleCount = 5, .batteryFullCharge = 3092385, .batteryChargeCounter = 3025953, .batteryTechnology = Li-ion}, mBatteryLevelCritical=false, mPlugType=1
04-18 11:59:57.157  1278  3558 I BatteryService: shutdownIfLowCurrentLocked batteryLevel = 100 , hasChargingCurrent = false(isPowered=true,batteryCurrent=6,hardware=qcom) , hitShutdownVoltage = true(batteryVoltage=4349,mBatteryMinVoltage=-1) , isSystemReady = true
04-18 11:59:57.157  1278  3558 D BatteryService: Sending ACTION_BATTERY_CHANGED. scale:100, info:{.chargerAcOnline = true, .chargerUsbOnline = false, .chargerWirelessOnline = false, .maxChargingCurrent = 1400000, .maxChargingVoltage = 9000000, .batteryStatus = FULL, .batteryHealth = GOOD, .batteryPresent = true, .batteryLevel = 100, .batteryVoltage = 4349, .batteryTemperature = 210, .batteryCurrent = 6, .batteryCycleCount = 5, .batteryFullCharge = 3092385, .batteryChargeCounter = 3025953, .batteryTechnology = Li-ion}, EXTRA_WIRELESS_CHARGER_DISABLE = false
04-18 11:59:57.157  1278  1333 D BatteryStatsImpl: resetWhenChargingLongTime resetTime=25200000 ,mchargingUPTime=1384006 , (resetTime-(uptime-mchargingUPTime))=19142814 ,onBattery=false
04-18 12:00:46.567  1278  3558 D BatteryService: Processing new values: info={.chargerAcOnline = true, .chargerUsbOnline = false, .chargerWirelessOnline = false, .maxChargingCurrent = 1400000, .maxChargingVoltage = 9000000, .batteryStatus = FULL, .batteryHealth = GOOD, .batteryPresent = true, .batteryLevel = 100, .batteryVoltage = 4350, .batteryTemperature = 210, .batteryCurrent = 7, .batteryCycleCount = 5, .batteryFullCharge = 3092385, .batteryChargeCounter = 3025845, .batteryTechnology = Li-ion}, mBatteryLevelCritical=false, mPlugType=1
04-18 12:00:46.568  1278  3558 I BatteryService: shutdownIfLowCurrentLocked batteryLevel = 100 , hasChargingCurrent = false(isPowered=true,batteryCurrent=7,hardware=qcom) , hitShutdownVoltage = true(batteryVoltage=4350,mBatteryMinVoltage=-1) , isSystemReady = true
04-18 12:00:46.568  1278  3558 D BatteryService: Sending ACTION_BATTERY_CHANGED. scale:100, info:{.chargerAcOnline = true, .chargerUsbOnline = false, .chargerWirelessOnline = false, .maxChargingCurrent = 1400000, .maxChargingVoltage = 9000000, .batteryStatus = FULL, .batteryHealth = GOOD, .batteryPresent = true, .batteryLevel = 100, .batteryVoltage = 4350, .batteryTemperature = 210, .batteryCurrent = 7, .batteryCycleCount = 5, .batteryFullCharge = 3092385, .batteryChargeCounter = 3025845, .batteryTechnology = Li-ion}, EXTRA_WIRELESS_CHARGER_DISABLE = false
04-18 12:00:46.569  1278  1333 D BatteryStatsImpl: resetWhenChargingLongTime resetTime=25200000 ,mchargingUPTime=1384006 , (resetTime-(uptime-mchargingUPTime))=19137812 ,onBattery=false
04-18 12:00:57.562  1278  3558 D BatteryService: Processing new values: info={.chargerAcOnline = true, .chargerUsbOnline = false, .chargerWirelessOnline = false, .maxChargingCurrent = 1400000, .maxChargingVoltage = 9000000, .batteryStatus = FULL, .batteryHealth = GOOD, .batteryPresent = true, .batteryLevel = 100, .batteryVoltage = 4350, .batteryTemperature = 210, .batteryCurrent = 7, .batteryCycleCount = 5, .batteryFullCharge = 3092385, .batteryChargeCounter = 3025820, .batteryTechnology = Li-ion}, mBatteryLevelCritical=false, mPlugType=1
04-18 12:00:57.562  1278  3558 I BatteryService: shutdownIfLowCurrentLocked batteryLevel = 100 , hasChargingCurrent = false(isPowered=true,batteryCurrent=7,hardware=qcom) , hitShutdownVoltage = true(batteryVoltage=4350,mBatteryMinVoltage=-1) , isSystemReady = true
04-18 12:00:57.562  1278  1333 D BatteryStatsImpl: resetWhenChargingLongTime resetTime=25200000 ,mchargingUPTime=1384006 , (resetTime-(uptime-mchargingUPTime))=19137194 ,onBattery=false
04-18 12:00:57.562  1278  3558 D BatteryService: Sending ACTION_BATTERY_CHANGED. scale:100, info:{.chargerAcOnline = true, .chargerUsbOnline = false, .chargerWirelessOnline = false, .maxChargingCurrent = 1400000, .maxChargingVoltage = 9000000, .batteryStatus = FULL, .batteryHealth = GOOD, .batteryPresent = true, .batteryLevel = 100, .batteryVoltage = 4350, .batteryTemperature = 210, .batteryCurrent = 7, .batteryCycleCount = 5, .batteryFullCharge = 3092385, .batteryChargeCounter = 3025820, .batteryTechnology = Li-ion}, EXTRA_WIRELESS_CHARGER_DISABLE = false
04-18 12:01:51.863  1278  3558 D BatteryService: Processing new values: info={.chargerAcOnline = true, .chargerUsbOnline = false, .chargerWirelessOnline = false, .maxChargingCurrent = 1400000, .maxChargingVoltage = 9000000, .batteryStatus = FULL, .batteryHealth = GOOD, .batteryPresent = true, .batteryLevel = 100, .batteryVoltage = 4350, .batteryTemperature = 210, .batteryCurrent = 7, .batteryCycleCount = 5, .batteryFullCharge = 3092385, .batteryChargeCounter = 3025704, .batteryTechnology = Li-ion}, mBatteryLevelCritical=false, mPlugType=1
04-18 12:01:51.864  1278  3558 I BatteryService: shutdownIfLowCurrentLocked batteryLevel = 100 , hasChargingCurrent = false(isPowered=true,batteryCurrent=7,hardware=qcom) , hitShutdownVoltage = true(batteryVoltage=4350,mBatteryMinVoltage=-1) , isSystemReady = true
04-18 12:01:51.864  1278  3558 D BatteryService: Sending ACTION_BATTERY_CHANGED. scale:100, info:{.chargerAcOnline = true, .chargerUsbOnline = false, .chargerWirelessOnline = false, .maxChargingCurrent = 1400000, .maxChargingVoltage = 9000000, .batteryStatus = FULL, .batteryHealth = GOOD, .batteryPresent = true, .batteryLevel = 100, .batteryVoltage = 4350, .batteryTemperature = 210, .batteryCurrent = 7, .batteryCycleCount = 5, .batteryFullCharge = 3092385, .batteryChargeCounter = 3025704, .batteryTechnology = Li-ion}, EXTRA_WIRELESS_CHARGER_DISABLE = false
04-18 12:01:51.864  1278  1333 D BatteryStatsImpl: resetWhenChargingLongTime resetTime=25200000 ,mchargingUPTime=1384006 , (resetTime-(uptime-mchargingUPTime))=19129949 ,onBattery=false
04-18 12:01:57.567  1278  3558 D BatteryService: Processing new values: info={.chargerAcOnline = true, .chargerUsbOnline = false, .chargerWirelessOnline = false, .maxChargingCurrent = 1400000, .maxChargingVoltage = 9000000, .batteryStatus = FULL, .batteryHealth = GOOD, .batteryPresent = true, .batteryLevel = 100, .batteryVoltage = 4350, .batteryTemperature = 210, .batteryCurrent = 7, .batteryCycleCount = 5, .batteryFullCharge = 3092385, .batteryChargeCounter = 3025692, .batteryTechnology = Li-ion}, mBatteryLevelCritical=false, mPlugType=1
04-18 12:01:57.567  1278  3558 I BatteryService: shutdownIfLowCurrentLocked batteryLevel = 100 , hasChargingCurrent = false(isPowered=true,batteryCurrent=7,hardware=qcom) , hitShutdownVoltage = true(batteryVoltage=4350,mBatteryMinVoltage=-1) , isSystemReady = true
04-18 12:01:57.567  1278  1333 D BatteryStatsImpl: resetWhenChargingLongTime resetTime=25200000 ,mchargingUPTime=1384006 , (resetTime-(uptime-mchargingUPTime))=19129312 ,onBattery=false
04-18 12:01:57.567  1278  3558 D BatteryService: Sending ACTION_BATTERY_CHANGED. scale:100, info:{.chargerAcOnline = true, .chargerUsbOnline = false, .chargerWirelessOnline = false, .maxChargingCurrent = 1400000, .maxChargingVoltage = 9000000, .batteryStatus = FULL, .batteryHealth = GOOD, .batteryPresent = true, .batteryLevel = 100, .batteryVoltage = 4350, .batteryTemperature = 210, .batteryCurrent = 7, .batteryCycleCount = 5, .batteryFullCharge = 3092385, .batteryChargeCounter = 3025692, .batteryTechnology = Li-ion}, EXTRA_WIRELESS_CHARGER_DISABLE = false
04-18 12:02:55.532  1278  3558 D BatteryService: Processing new values: info={.chargerAcOnline = true, .chargerUsbOnline = false, .chargerWirelessOnline = false, .maxChargingCurrent = 1400000, .maxChargingVoltage = 9000000, .batteryStatus = FULL, .batteryHealth = GOOD, .batteryPresent = true, .batteryLevel = 100, .batteryVoltage = 4350, .batteryTemperature = 210, .batteryCurrent = 7, .batteryCycleCount = 5, .batteryFullCharge = 3092385, .batteryChargeCounter = 3025565, .batteryTechnology = Li-ion}, mBatteryLevelCritical=false, mPlugType=1
04-18 12:02:55.533  1278  3558 I BatteryService: shutdownIfLowCurrentLocked batteryLevel = 100 , hasChargingCurrent = false(isPowered=true,batteryCurrent=7,hardware=qcom) , hitShutdownVoltage = true(batteryVoltage=4350,mBatteryMinVoltage=-1) , isSystemReady = true
04-18 12:02:55.533  1278  3558 D BatteryService: Sending ACTION_BATTERY_CHANGED. scale:100, info:{.chargerAcOnline = true, .chargerUsbOnline = false, .chargerWirelessOnline = false, .maxChargingCurrent = 1400000, .maxChargingVoltage = 9000000, .batteryStatus = FULL, .batteryHealth = GOOD, .batteryPresent = true, .batteryLevel = 100, .batteryVoltage = 4350, .batteryTemperature = 210, .batteryCurrent = 7, .batteryCycleCount = 5, .batteryFullCharge = 3092385, .batteryChargeCounter = 3025565, .batteryTechnology = Li-ion}, EXTRA_WIRELESS_CHARGER_DISABLE = false
04-18 12:02:55.533  1278  1333 D BatteryStatsImpl: resetWhenChargingLongTime resetTime=25200000 ,mchargingUPTime=1384006 , (resetTime-(uptime-mchargingUPTime))=19119227 ,onBattery=false
04-18 12:02:57.158  1278  3558 D BatteryService: Processing new values: info={.chargerAcOnline = true, .chargerUsbOnline = false, .chargerWirelessOnline = false, .maxChargingCurrent = 1400000, .maxChargingVoltage = 9000000, .batteryStatus = FULL, .batteryHealth = GOOD, .batteryPresent = true, .batteryLevel = 100, .batteryVoltage = 4349, .batteryTemperature = 210, .batteryCurrent = 7, .batteryCycleCount = 5, .batteryFullCharge = 3092385, .batteryChargeCounter = 3025562, .batteryTechnology = Li-ion}, mBatteryLevelCritical=false, mPlugType=1
04-18 12:02:57.158  1278  3558 I BatteryService: shutdownIfLowCurrentLocked batteryLevel = 100 , hasChargingCurrent = false(isPowered=true,batteryCurrent=7,hardware=qcom) , hitShutdownVoltage = true(batteryVoltage=4349,mBatteryMinVoltage=-1) , isSystemReady = true
04-18 12:02:57.158  1278  1333 D BatteryStatsImpl: resetWhenChargingLongTime resetTime=25200000 ,mchargingUPTime=1384006 , (resetTime-(uptime-mchargingUPTime))=19117602 ,onBattery=false
04-18 12:02:57.158  1278  3558 D BatteryService: Sending ACTION_BATTERY_CHANGED. scale:100, info:{.chargerAcOnline = true, .chargerUsbOnline = false, .chargerWirelessOnline = false, .maxChargingCurrent = 1400000, .maxChargingVoltage = 9000000, .batteryStatus = FULL, .batteryHealth = GOOD, .batteryPresent = true, .batteryLevel = 100, .batteryVoltage = 4349, .batteryTemperature = 210, .batteryCurrent = 7, .batteryCycleCount = 5, .batteryFullCharge = 3092385, .batteryChargeCounter = 3025562, .batteryTechnology = Li-ion}, EXTRA_WIRELESS_CHARGER_DISABLE = false
04-18 12:03:57.528  1278  3558 D BatteryService: Processing new values: info={.chargerAcOnline = true, .chargerUsbOnline = false, .chargerWirelessOnline = false, .maxChargingCurrent = 1400000, .maxChargingVoltage = 9000000, .batteryStatus = FULL, .batteryHealth = GOOD, .batteryPresent = true, .batteryLevel = 100, .batteryVoltage = 4350, .batteryTemperature = 210, .batteryCurrent = 7, .batteryCycleCount = 5, .batteryFullCharge = 3092385, .batteryChargeCounter = 3025429, .batteryTechnology = Li-ion}, mBatteryLevelCritical=false, mPlugType=1
04-18 12:03:57.529  1278  3558 I BatteryService: shutdownIfLowCurrentLocked batteryLevel = 100 , hasChargingCurrent = false(isPowered=true,batteryCurrent=7,hardware=qcom) , hitShutdownVoltage = true(batteryVoltage=4350,mBatteryMinVoltage=-1) , isSystemReady = true
04-18 12:03:57.529  1278  1333 D BatteryStatsImpl: resetWhenChargingLongTime resetTime=25200000 ,mchargingUPTime=1384006 , (resetTime-(uptime-mchargingUPTime))=19110395 ,onBattery=false
04-18 12:03:57.529  1278  3558 D BatteryService: Sending ACTION_BATTERY_CHANGED. scale:100, info:{.chargerAcOnline = true, .chargerUsbOnline = false, .chargerWirelessOnline = false, .maxChargingCurrent = 1400000, .maxChargingVoltage = 9000000, .batteryStatus = FULL, .batteryHealth = GOOD, .batteryPresent = true, .batteryLevel = 100, .batteryVoltage = 4350, .batteryTemperature = 210, .batteryCurrent = 7, .batteryCycleCount = 5, .batteryFullCharge = 3092385, .batteryChargeCounter = 3025429, .batteryTechnology = Li-ion}, EXTRA_WIRELESS_CHARGER_DISABLE = false
04-18 12:04:00.997  1278  3558 D BatteryService: Processing new values: info={.chargerAcOnline = true, .chargerUsbOnline = false, .chargerWirelessOnline = false, .maxChargingCurrent = 1400000, .maxChargingVoltage = 9000000, .batteryStatus = FULL, .batteryHealth = GOOD, .batteryPresent = true, .batteryLevel = 100, .batteryVoltage = 4350, .batteryTemperature = 210, .batteryCurrent = 7, .batteryCycleCount = 5, .batteryFullCharge = 3092385, .batteryChargeCounter = 3025423, .batteryTechnology = Li-ion}, mBatteryLevelCritical=false, mPlugType=1
04-18 12:04:00.998  1278  3558 I BatteryService: shutdownIfLowCurrentLocked batteryLevel = 100 , hasChargingCurrent = false(isPowered=true,batteryCurrent=7,hardware=qcom) , hitShutdownVoltage = true(batteryVoltage=4350,mBatteryMinVoltage=-1) , isSystemReady = true
04-18 12:04:00.998  1278  1333 D BatteryStatsImpl: resetWhenChargingLongTime resetTime=25200000 ,mchargingUPTime=1384006 , (resetTime-(uptime-mchargingUPTime))=19108443 ,onBattery=false
04-18 12:04:00.998  1278  3558 D BatteryService: Sending ACTION_BATTERY_CHANGED. scale:100, info:{.chargerAcOnline = true, .chargerUsbOnline = false, .chargerWirelessOnline = false, .maxChargingCurrent = 1400000, .maxChargingVoltage = 9000000, .batteryStatus = FULL, .batteryHealth = GOOD, .batteryPresent = true, .batteryLevel = 100, .batteryVoltage = 4350, .batteryTemperature = 210, .batteryCurrent = 7, .batteryCycleCount = 5, .batteryFullCharge = 3092385, .batteryChargeCounter = 3025423, .batteryTechnology = Li-ion}, EXTRA_WIRELESS_CHARGER_DISABLE = false
04-18 12:04:57.156  1278  3558 D BatteryService: Processing new values: info={.chargerAcOnline = true, .chargerUsbOnline = false, .chargerWirelessOnline = false, .maxChargingCurrent = 1400000, .maxChargingVoltage = 9000000, .batteryStatus = FULL, .batteryHealth = GOOD, .batteryPresent = true, .batteryLevel = 100, .batteryVoltage = 4350, .batteryTemperature = 210, .batteryCurrent = 7, .batteryCycleCount = 5, .batteryFullCharge = 3092385, .batteryChargeCounter = 3025299, .batteryTechnology = Li-ion}, mBatteryLevelCritical=false, mPlugType=1
04-18 12:04:57.157  1278  3558 I BatteryService: shutdownIfLowCurrentLocked batteryLevel = 100 , hasChargingCurrent = false(isPowered=true,batteryCurrent=7,hardware=qcom) , hitShutdownVoltage = true(batteryVoltage=4350,mBatteryMinVoltage=-1) , isSystemReady = true
04-18 12:04:57.158  1278  3558 D BatteryService: Sending ACTION_BATTERY_CHANGED. scale:100, info:{.chargerAcOnline = true, .chargerUsbOnline = false, .chargerWirelessOnline = false, .maxChargingCurrent = 1400000, .maxChargingVoltage = 9000000, .batteryStatus = FULL, .batteryHealth = GOOD, .batteryPresent = true, .batteryLevel = 100, .batteryVoltage = 4350, .batteryTemperature = 210, .batteryCurrent = 7, .batteryCycleCount = 5, .batteryFullCharge = 3092385, .batteryChargeCounter = 3025299, .batteryTechnology = Li-ion}, EXTRA_WIRELESS_CHARGER_DISABLE = false
04-18 12:04:57.158  1278  1333 D BatteryStatsImpl: resetWhenChargingLongTime resetTime=25200000 ,mchargingUPTime=1384006 , (resetTime-(uptime-mchargingUPTime))=19103000 ,onBattery=false
04-18 12:05:06.336  1278  3558 D BatteryService: Processing new values: info={.chargerAcOnline = true, .chargerUsbOnline = false, .chargerWirelessOnline = false, .maxChargingCurrent = 1400000, .maxChargingVoltage = 9000000, .batteryStatus = FULL, .batteryHealth = GOOD, .batteryPresent = true, .batteryLevel = 100, .batteryVoltage = 4349, .batteryTemperature = 210, .batteryCurrent = 7, .batteryCycleCount = 5, .batteryFullCharge = 3092385, .batteryChargeCounter = 3025277, .batteryTechnology = Li-ion}, mBatteryLevelCritical=false, mPlugType=1
04-18 12:05:06.337  1278  3558 I BatteryService: shutdownIfLowCurrentLocked batteryLevel = 100 , hasChargingCurrent = false(isPowered=true,batteryCurrent=7,hardware=qcom) , hitShutdownVoltage = true(batteryVoltage=4349,mBatteryMinVoltage=-1) , isSystemReady = true
04-18 12:05:06.337  1278  1333 D BatteryStatsImpl: resetWhenChargingLongTime resetTime=25200000 ,mchargingUPTime=1384006 , (resetTime-(uptime-mchargingUPTime))=19099584 ,onBattery=false
04-18 12:05:06.338  1278  3558 D BatteryService: Sending ACTION_BATTERY_CHANGED. scale:100, info:{.chargerAcOnline = true, .chargerUsbOnline = false, .chargerWirelessOnline = false, .maxChargingCurrent = 1400000, .maxChargingVoltage = 9000000, .batteryStatus = FULL, .batteryHealth = GOOD, .batteryPresent = true, .batteryLevel = 100, .batteryVoltage = 4349, .batteryTemperature = 210, .batteryCurrent = 7, .batteryCycleCount = 5, .batteryFullCharge = 3092385, .batteryChargeCounter = 3025277, .batteryTechnology = Li-ion}, EXTRA_WIRELESS_CHARGER_DISABLE = false
04-18 12:05:57.580  1278  3558 D BatteryService: Processing new values: info={.chargerAcOnline = true, .chargerUsbOnline = false, .chargerWirelessOnline = false, .maxChargingCurrent = 1400000, .maxChargingVoltage = 9000000, .batteryStatus = FULL, .batteryHealth = GOOD, .batteryPresent = true, .batteryLevel = 100, .batteryVoltage = 4350, .batteryTemperature = 210, .batteryCurrent = 7, .batteryCycleCount = 5, .batteryFullCharge = 3092385, .batteryChargeCounter = 3025165, .batteryTechnology = Li-ion}, mBatteryLevelCritical=false, mPlugType=1
04-18 12:05:57.580  1278  3558 I BatteryService: shutdownIfLowCurrentLocked batteryLevel = 100 , hasChargingCurrent = false(isPowered=true,batteryCurrent=7,hardware=qcom) , hitShutdownVoltage = true(batteryVoltage=4350,mBatteryMinVoltage=-1) , isSystemReady = true
04-18 12:05:57.580  1278  1333 D BatteryStatsImpl: resetWhenChargingLongTime resetTime=25200000 ,mchargingUPTime=1384006 , (resetTime-(uptime-mchargingUPTime))=19095032 ,onBattery=false
04-18 12:05:57.580  1278  3558 D BatteryService: Sending ACTION_BATTERY_CHANGED. scale:100, info:{.chargerAcOnline = true, .chargerUsbOnline = false, .chargerWirelessOnline = false, .maxChargingCurrent = 1400000, .maxChargingVoltage = 9000000, .batteryStatus = FULL, .batteryHealth = GOOD, .batteryPresent = true, .batteryLevel = 100, .batteryVoltage = 4350, .batteryTemperature = 210, .batteryCurrent = 7, .batteryCycleCount = 5, .batteryFullCharge = 3092385, .batteryChargeCounter = 3025165, .batteryTechnology = Li-ion}, EXTRA_WIRELESS_CHARGER_DISABLE = false
04-18 12:05:57.831  1278  1278 V BackupManagerConstants: getFullBackupIntervalMilliseconds(...) returns 86400000
04-18 12:05:57.831  1278  1278 V BackupManagerConstants: getKeyValueBackupIntervalMilliseconds(...) returns 14400000
04-18 12:05:57.831  1278  1278 I BackupManagerService: Beginning scheduled full backup operation
04-18 12:05:57.833  1278  1278 I BackupManagerService: Full backup time but com.android.smspush is busy; deferring to 2019-04-18 13:15:39
04-18 12:05:57.833  1278  1278 I BackupManagerService: Nothing pending full backup; rescheduling +913724
04-18 12:05:57.867  1278  4204 V BackupManagerConstants: getFullBackupRequiredNetworkType(...) returns 2
04-18 12:05:57.867  1278  4204 V BackupManagerConstants: getFullBackupRequireCharging(...) returns true
04-18 12:05:57.925  1061  1184 E storaged: getDiskStats failed with result NOT_SUPPORTED and size 0
04-18 12:05:58.005  1278  1278 D ZenModeAppConfig: updateConfigXml(): config size: 1, pkg size: 1
04-18 12:05:58.005  1278  1278 D ZenModeAppConfig: writeConfigToXml(),config: ZenModeAppConfig[,user=0,allowAlarm=false,allowCalls=true,allowRepeatCallers=false,allowMessages=false,allowCallsFrom=contacts,allowMessagesFrom=contacts,allowReminders=false,allowEvents=false,allowSwipeFingerPrint=false,allowSwipeNaviBar=false,allowAutoBrightness=false,allowSwipeFingerNaviBar=true,allowVisualDisturbances=false], pkgNames: null
04-18 12:06:09.590  1278  3558 D BatteryService: Processing new values: info={.chargerAcOnline = true, .chargerUsbOnline = false, .chargerWirelessOnline = false, .maxChargingCurrent = 1400000, .maxChargingVoltage = 9000000, .batteryStatus = FULL, .batteryHealth = GOOD, .batteryPresent = true, .batteryLevel = 100, .batteryVoltage = 4350, .batteryTemperature = 210, .batteryCurrent = 6, .batteryCycleCount = 5, .batteryFullCharge = 3092385, .batteryChargeCounter = 3025142, .batteryTechnology = Li-ion}, mBatteryLevelCritical=false, mPlugType=1
04-18 12:06:09.591  1278  3558 I BatteryService: shutdownIfLowCurrentLocked batteryLevel = 100 , hasChargingCurrent = false(isPowered=true,batteryCurrent=6,hardware=qcom) , hitShutdownVoltage = true(batteryVoltage=4350,mBatteryMinVoltage=-1) , isSystemReady = true
04-18 12:06:09.591  1278  1333 D BatteryStatsImpl: resetWhenChargingLongTime resetTime=25200000 ,mchargingUPTime=1384006 , (resetTime-(uptime-mchargingUPTime))=19087853 ,onBattery=false
04-18 12:06:09.591  1278  3558 D BatteryService: Sending ACTION_BATTERY_CHANGED. scale:100, info:{.chargerAcOnline = true, .chargerUsbOnline = false, .chargerWirelessOnline = false, .maxChargingCurrent = 1400000, .maxChargingVoltage = 9000000, .batteryStatus = FULL, .batteryHealth = GOOD, .batteryPresent = true, .batteryLevel = 100, .batteryVoltage = 4350, .batteryTemperature = 210, .batteryCurrent = 6, .batteryCycleCount = 5, .batteryFullCharge = 3092385, .batteryChargeCounter = 3025142, .batteryTechnology = Li-ion}, EXTRA_WIRELESS_CHARGER_DISABLE = false
04-18 12:06:57.563  1278  3558 D BatteryService: Processing new values: info={.chargerAcOnline = true, .chargerUsbOnline = false, .chargerWirelessOnline = false, .maxChargingCurrent = 1400000, .maxChargingVoltage = 9000000, .batteryStatus = FULL, .batteryHealth = GOOD, .batteryPresent = true, .batteryLevel = 100, .batteryVoltage = 4350, .batteryTemperature = 210, .batteryCurrent = 7, .batteryCycleCount = 5, .batteryFullCharge = 3092385, .batteryChargeCounter = 3025037, .batteryTechnology = Li-ion}, mBatteryLevelCritical=false, mPlugType=1
04-18 12:06:57.563  1278  3558 I BatteryService: shutdownIfLowCurrentLocked batteryLevel = 100 , hasChargingCurrent = false(isPowered=true,batteryCurrent=7,hardware=qcom) , hitShutdownVoltage = true(batteryVoltage=4350,mBatteryMinVoltage=-1) , isSystemReady = true
04-18 12:06:57.564  1278  1333 D BatteryStatsImpl: resetWhenChargingLongTime resetTime=25200000 ,mchargingUPTime=1384006 , (resetTime-(uptime-mchargingUPTime))=19080997 ,onBattery=false
04-18 12:06:57.564  1278  3558 D BatteryService: Sending ACTION_BATTERY_CHANGED. scale:100, info:{.chargerAcOnline = true, .chargerUsbOnline = false, .chargerWirelessOnline = false, .maxChargingCurrent = 1400000, .maxChargingVoltage = 9000000, .batteryStatus = FULL, .batteryHealth = GOOD, .batteryPresent = true, .batteryLevel = 100, .batteryVoltage = 4350, .batteryTemperature = 210, .batteryCurrent = 7, .batteryCycleCount = 5, .batteryFullCharge = 3092385, .batteryChargeCounter = 3025037, .batteryTechnology = Li-ion}, EXTRA_WIRELESS_CHARGER_DISABLE = false
04-18 12:07:15.487  1278  3558 D BatteryService: Processing new values: info={.chargerAcOnline = true, .chargerUsbOnline = false, .chargerWirelessOnline = false, .maxChargingCurrent = 1400000, .maxChargingVoltage = 9000000, .batteryStatus = FULL, .batteryHealth = GOOD, .batteryPresent = true, .batteryLevel = 100, .batteryVoltage = 4349, .batteryTemperature = 210, .batteryCurrent = 7, .batteryCycleCount = 5, .batteryFullCharge = 3092385, .batteryChargeCounter = 3024997, .batteryTechnology = Li-ion}, mBatteryLevelCritical=false, mPlugType=1
04-18 12:07:15.488  1278  3558 I BatteryService: shutdownIfLowCurrentLocked batteryLevel = 100 , hasChargingCurrent = false(isPowered=true,batteryCurrent=7,hardware=qcom) , hitShutdownVoltage = true(batteryVoltage=4349,mBatteryMinVoltage=-1) , isSystemReady = true
04-18 12:07:15.488  1278  1333 D BatteryStatsImpl: resetWhenChargingLongTime resetTime=25200000 ,mchargingUPTime=1384006 , (resetTime-(uptime-mchargingUPTime))=19074184 ,onBattery=false
04-18 12:07:15.488  1278  3558 D BatteryService: Sending ACTION_BATTERY_CHANGED. scale:100, info:{.chargerAcOnline = true, .chargerUsbOnline = false, .chargerWirelessOnline = false, .maxChargingCurrent = 1400000, .maxChargingVoltage = 9000000, .batteryStatus = FULL, .batteryHealth = GOOD, .batteryPresent = true, .batteryLevel = 100, .batteryVoltage = 4349, .batteryTemperature = 210, .batteryCurrent = 7, .batteryCycleCount = 5, .batteryFullCharge = 3092385, .batteryChargeCounter = 3024997, .batteryTechnology = Li-ion}, EXTRA_WIRELESS_CHARGER_DISABLE = false
04-18 12:07:57.550  1278  3558 D BatteryService: Processing new values: info={.chargerAcOnline = true, .chargerUsbOnline = false, .chargerWirelessOnline = false, .maxChargingCurrent = 1400000, .maxChargingVoltage = 9000000, .batteryStatus = FULL, .batteryHealth = GOOD, .batteryPresent = true, .batteryLevel = 100, .batteryVoltage = 4350, .batteryTemperature = 210, .batteryCurrent = 7, .batteryCycleCount = 5, .batteryFullCharge = 3092385, .batteryChargeCounter = 3024908, .batteryTechnology = Li-ion}, mBatteryLevelCritical=false, mPlugType=1
04-18 12:07:57.550  1278  3558 I BatteryService: shutdownIfLowCurrentLocked batteryLevel = 100 , hasChargingCurrent = false(isPowered=true,batteryCurrent=7,hardware=qcom) , hitShutdownVoltage = true(batteryVoltage=4350,mBatteryMinVoltage=-1) , isSystemReady = true
04-18 12:07:57.551  1278  1333 D BatteryStatsImpl: resetWhenChargingLongTime resetTime=25200000 ,mchargingUPTime=1384006 , (resetTime-(uptime-mchargingUPTime))=19069706 ,onBattery=false
04-18 12:07:57.551  1278  3558 D BatteryService: Sending ACTION_BATTERY_CHANGED. scale:100, info:{.chargerAcOnline = true, .chargerUsbOnline = false, .chargerWirelessOnline = false, .maxChargingCurrent = 1400000, .maxChargingVoltage = 9000000, .batteryStatus = FULL, .batteryHealth = GOOD, .batteryPresent = true, .batteryLevel = 100, .batteryVoltage = 4350, .batteryTemperature = 210, .batteryCurrent = 7, .batteryCycleCount = 5, .batteryFullCharge = 3092385, .batteryChargeCounter = 3024908, .batteryTechnology = Li-ion}, EXTRA_WIRELESS_CHARGER_DISABLE = false
04-18 12:08:18.971  1278  3558 D BatteryService: Processing new values: info={.chargerAcOnline = true, .chargerUsbOnline = false, .chargerWirelessOnline = false, .maxChargingCurrent = 1400000, .maxChargingVoltage = 9000000, .batteryStatus = FULL, .batteryHealth = GOOD, .batteryPresent = true, .batteryLevel = 100, .batteryVoltage = 4349, .batteryTemperature = 210, .batteryCurrent = 7, .batteryCycleCount = 5, .batteryFullCharge = 3092385, .batteryChargeCounter = 3024860, .batteryTechnology = Li-ion}, mBatteryLevelCritical=false, mPlugType=1
04-18 12:08:18.971  1278  3558 I BatteryService: shutdownIfLowCurrentLocked batteryLevel = 100 , hasChargingCurrent = false(isPowered=true,batteryCurrent=7,hardware=qcom) , hitShutdownVoltage = true(batteryVoltage=4349,mBatteryMinVoltage=-1) , isSystemReady = true
04-18 12:08:18.972  1278  1333 D BatteryStatsImpl: resetWhenChargingLongTime resetTime=25200000 ,mchargingUPTime=1384006 , (resetTime-(uptime-mchargingUPTime))=19066613 ,onBattery=false
04-18 12:08:18.972  1278  3558 D BatteryService: Sending ACTION_BATTERY_CHANGED. scale:100, info:{.chargerAcOnline = true, .chargerUsbOnline = false, .chargerWirelessOnline = false, .maxChargingCurrent = 1400000, .maxChargingVoltage = 9000000, .batteryStatus = FULL, .batteryHealth = GOOD, .batteryPresent = true, .batteryLevel = 100, .batteryVoltage = 4349, .batteryTemperature = 210, .batteryCurrent = 7, .batteryCycleCount = 5, .batteryFullCharge = 3092385, .batteryChargeCounter = 3024860, .batteryTechnology = Li-ion}, EXTRA_WIRELESS_CHARGER_DISABLE = false
04-18 12:08:57.552  1278  3558 D BatteryService: Processing new values: info={.chargerAcOnline = true, .chargerUsbOnline = false, .chargerWirelessOnline = false, .maxChargingCurrent = 1400000, .maxChargingVoltage = 9000000, .batteryStatus = FULL, .batteryHealth = GOOD, .batteryPresent = true, .batteryLevel = 100, .batteryVoltage = 4350, .batteryTemperature = 210, .batteryCurrent = 7, .batteryCycleCount = 5, .batteryFullCharge = 3092385, .batteryChargeCounter = 3024774, .batteryTechnology = Li-ion}, mBatteryLevelCritical=false, mPlugType=1
04-18 12:08:57.552  1278  1333 D BatteryStatsImpl: resetWhenChargingLongTime resetTime=25200000 ,mchargingUPTime=1384006 , (resetTime-(uptime-mchargingUPTime))=19064092 ,onBattery=false
04-18 12:08:57.553  1278  3558 I BatteryService: shutdownIfLowCurrentLocked batteryLevel = 100 , hasChargingCurrent = false(isPowered=true,batteryCurrent=7,hardware=qcom) , hitShutdownVoltage = true(batteryVoltage=4350,mBatteryMinVoltage=-1) , isSystemReady = true
04-18 12:08:57.553  1278  3558 D BatteryService: Sending ACTION_BATTERY_CHANGED. scale:100, info:{.chargerAcOnline = true, .chargerUsbOnline = false, .chargerWirelessOnline = false, .maxChargingCurrent = 1400000, .maxChargingVoltage = 9000000, .batteryStatus = FULL, .batteryHealth = GOOD, .batteryPresent = true, .batteryLevel = 100, .batteryVoltage = 4350, .batteryTemperature = 210, .batteryCurrent = 7, .batteryCycleCount = 5, .batteryFullCharge = 3092385, .batteryChargeCounter = 3024774, .batteryTechnology = Li-ion}, EXTRA_WIRELESS_CHARGER_DISABLE = false
04-18 12:09:24.611  1278  3558 D BatteryService: Processing new values: info={.chargerAcOnline = true, .chargerUsbOnline = false, .chargerWirelessOnline = false, .maxChargingCurrent = 1400000, .maxChargingVoltage = 9000000, .batteryStatus = FULL, .batteryHealth = GOOD, .batteryPresent = true, .batteryLevel = 100, .batteryVoltage = 4349, .batteryTemperature = 210, .batteryCurrent = 6, .batteryCycleCount = 5, .batteryFullCharge = 3092385, .batteryChargeCounter = 3024715, .batteryTechnology = Li-ion}, mBatteryLevelCritical=false, mPlugType=1
04-18 12:09:24.612  1278  3558 I BatteryService: shutdownIfLowCurrentLocked batteryLevel = 100 , hasChargingCurrent = false(isPowered=true,batteryCurrent=6,hardware=qcom) , hitShutdownVoltage = true(batteryVoltage=4349,mBatteryMinVoltage=-1) , isSystemReady = true
04-18 12:09:24.612  1278  3558 D BatteryService: Sending ACTION_BATTERY_CHANGED. scale:100, info:{.chargerAcOnline = true, .chargerUsbOnline = false, .chargerWirelessOnline = false, .maxChargingCurrent = 1400000, .maxChargingVoltage = 9000000, .batteryStatus = FULL, .batteryHealth = GOOD, .batteryPresent = true, .batteryLevel = 100, .batteryVoltage = 4349, .batteryTemperature = 210, .batteryCurrent = 6, .batteryCycleCount = 5, .batteryFullCharge = 3092385, .batteryChargeCounter = 3024715, .batteryTechnology = Li-ion}, EXTRA_WIRELESS_CHARGER_DISABLE = false
04-18 12:09:24.613  1278  1333 D BatteryStatsImpl: resetWhenChargingLongTime resetTime=25200000 ,mchargingUPTime=1384006 , (resetTime-(uptime-mchargingUPTime))=19060541 ,onBattery=false
04-18 12:09:25.789  1278  1323 W Looper  : Slow dispatch took 412ms android.ui h=com.android.server.am.ActivityManagerService$UiHandler c=null m=53
04-18 12:09:57.160  1278  3558 D BatteryService: Processing new values: info={.chargerAcOnline = true, .chargerUsbOnline = false, .chargerWirelessOnline = false, .maxChargingCurrent = 1400000, .maxChargingVoltage = 9000000, .batteryStatus = FULL, .batteryHealth = GOOD, .batteryPresent = true, .batteryLevel = 100, .batteryVoltage = 4349, .batteryTemperature = 210, .batteryCurrent = 7, .batteryCycleCount = 5, .batteryFullCharge = 3092385, .batteryChargeCounter = 3024647, .batteryTechnology = Li-ion}, mBatteryLevelCritical=false, mPlugType=1
04-18 12:09:57.160  1278  3558 I BatteryService: shutdownIfLowCurrentLocked batteryLevel = 100 , hasChargingCurrent = false(isPowered=true,batteryCurrent=7,hardware=qcom) , hitShutdownVoltage = true(batteryVoltage=4349,mBatteryMinVoltage=-1) , isSystemReady = true
04-18 12:09:57.160  1278  1333 D BatteryStatsImpl: resetWhenChargingLongTime resetTime=25200000 ,mchargingUPTime=1384006 , (resetTime-(uptime-mchargingUPTime))=19054971 ,onBattery=false
