04-18 02:07:25.696  1061  1184 E storaged: getDiskStats failed with result NOT_SUPPORTED and size 0
04-18 02:07:28.627  1278  3558 I chatty  : uid=1000(system) HwBinder:1278_4 expire 171 lines
04-18 02:07:28.627  1278  1333 I chatty  : uid=1000(system) batterystats-wo expire 60 lines
04-18 02:08:39.397  1278  1278 I chatty  : uid=1000 system_server expire 2 lines
04-18 02:09:29.786  1278  3558 I chatty  : uid=1000(system) HwBinder:1278_4 expire 47 lines
04-18 02:09:29.787  1278  1333 I chatty  : uid=1000(system) batterystats-wo expire 17 lines
04-18 02:10:05.317  1061  1184 E storaged: getDiskStats failed with result NOT_SUPPORTED and size 0
04-18 02:10:06.932  1278  3558 I chatty  : uid=1000(system) HwBinder:1278_4 expire 6 lines
04-18 02:10:06.932  1278  1333 I chatty  : uid=1000(system) batterystats-wo expire 44 lines
04-18 02:10:06.959  1278  3534 I chatty  : uid=1000(system) HwBinder:1278_3 expire 118 lines
04-18 02:11:05.319  1061  1184 E storaged: getDiskStats failed with result NOT_SUPPORTED and size 0
04-18 02:11:21.592  1278  3534 I chatty  : uid=1000(system) HwBinder:1278_3 expire 18 lines
04-18 02:11:21.597  1278  1333 I chatty  : uid=1000(system) batterystats-wo expire 34 lines
04-18 02:11:21.649  1278  3534 I chatty  : uid=1000(system) HwBinder:1278_3 expire 76 lines
04-18 02:11:35.917  1278  4530 I chatty  : uid=1000(system) Binder:1278_11 expire 28 lines
04-18 02:12:05.323  1061  1184 E storaged: getDiskStats failed with result NOT_SUPPORTED and size 0
04-18 02:12:14.921  1278  3534 I chatty  : uid=1000(system) HwBinder:1278_3 expire 31 lines
04-18 02:12:14.922  1278  1333 I chatty  : uid=1000(system) batterystats-wo expire 12 lines
04-18 02:13:05.325  1061  1184 E storaged: getDiskStats failed with result NOT_SUPPORTED and size 0
04-18 02:13:05.373  1278  3534 I chatty  : uid=1000(system) HwBinder:1278_3 expire 74 lines
04-18 02:13:05.374  1278  1333 I chatty  : uid=1000(system) batterystats-wo expire 26 lines
04-18 02:13:47.548  1278 11933 I chatty  : uid=1000(system) Binder:1278_1E expire 2 lines
04-18 02:13:57.596  1278  3370 I chatty  : uid=1000(system) Binder:1278_4 expire 1 line
04-18 02:14:05.339  1061  1184 E storaged: getDiskStats failed with result NOT_SUPPORTED and size 0
04-18 02:14:09.025  1278  3534 I chatty  : uid=1000(system) HwBinder:1278_3 expire 3 lines
04-18 02:14:09.025  1278  1333 I chatty  : uid=1000(system) batterystats-wo expire 26 lines
04-18 02:14:09.097  1278  3534 I chatty  : uid=1000(system) HwBinder:1278_3 expire 72 lines
04-18 02:15:05.343  1061  1184 E storaged: getDiskStats failed with result NOT_SUPPORTED and size 0
04-18 02:15:06.973  1278  3534 I chatty  : uid=1000(system) HwBinder:1278_3 expire 86 lines
04-18 02:15:06.973  1278  1333 I chatty  : uid=1000(system) batterystats-wo expire 29 lines
04-18 02:15:07.973  1278  4492 I chatty  : uid=1000(system) Binder:1278_F expire 2 lines
04-18 02:15:22.611  1278  4530 I chatty  : uid=1000(system) Binder:1278_11 expire 4 lines
04-18 02:15:22.685  1278 12050 I chatty  : uid=1000(system) Binder:1278_1F expire 1 line
04-18 02:15:22.685  1278  5927 I chatty  : uid=1000(system) Binder:1278_13 expire 1 line
04-18 02:15:22.686  1278  3336 I chatty  : uid=1000(system) ConnectivitySer expire 1 line
04-18 02:15:23.706  1278  1325 I chatty  : uid=1000(system) ActivityManager expire 8 lines
04-18 02:15:23.706  1278  3369 I chatty  : uid=1000(system) ActivityManager expire 4 lines
04-18 02:15:45.612  1278  2777 I chatty  : uid=1000(system) NetworkWatchlis expire 2 lines
04-18 02:15:45.719  7281  8354 D DownloadManager: Removed 0 stale downloads
04-18 02:15:45.772  7281  8354 D DownloadManager: Found 0 files in database
04-18 02:15:45.772  7281  8354 D DownloadManager: Found 0 files on disk
04-18 02:15:46.053  1278  3534 I chatty  : uid=1000(system) HwBinder:1278_3 expire 14 lines
04-18 02:15:46.054  1278  1333 I chatty  : uid=1000(system) batterystats-wo expire 4 lines
04-18 02:15:46.947  1278  3487 I chatty  : uid=1000(system) Binder:1278_5 expire 1 line
04-18 02:15:48.270 15645 15645 W ContextImpl: Calling a method in the system process without a qualified user: android.app.ContextImpl.sendBroadcast:1017 android.content.ContextWrapper.sendBroadcast:444 com.evenwell.batteryprotect.DetectBatteryService.onStartCommand:215 android.app.ActivityThread.handleServiceArgs:3692 android.app.ActivityThread.access$1600:200 
04-18 02:15:48.400  1278  6074 I chatty  : uid=1000(system) Binder:1278_14 expire 1 line
04-18 02:15:48.876  1278  1333 I chatty  : uid=1000(system) batterystats-wo expire 23 lines
04-18 02:15:48.876  1278  3534 I chatty  : uid=1000(system) HwBinder:1278_3 expire 60 lines
04-18 02:15:48.982  1278 12050 I chatty  : uid=1000(system) Binder:1278_1F expire 3 lines
04-18 02:15:49.236  1278  4246 I chatty  : uid=1000(system) Binder:1278_9 expire 3 lines
04-18 02:15:49.568  1278  1322 I chatty  : uid=1000(system) ActivityManager expire 1 line
04-18 02:15:49.621  1278  1325 I chatty  : uid=1000(system) ActivityManager expire 8 lines
04-18 02:15:49.622  1278  3369 I chatty  : uid=1000(system) ActivityManager expire 4 lines
04-18 02:15:50.981  1278  4530 I chatty  : uid=1000(system) Binder:1278_11 expire 2 lines
04-18 02:15:51.120  1278 12469 I chatty  : uid=1000(system) Binder:1278_20 expire 6 lines
04-18 02:15:51.819  1278  1278 I chatty  : uid=1000 system_server expire 8 lines
04-18 02:15:51.823  1278 11933 I chatty  : uid=1000(system) Binder:1278_1E expire 5 lines
04-18 02:15:51.845  1278  4204 I chatty  : uid=1000(system) backup expire 2 lines
04-18 02:15:51.942  1278  4253 I chatty  : uid=1000(system) Binder:1278_A expire 8 lines
04-18 02:15:52.537  1278  8067 I chatty  : uid=1000(system) Binder:1278_18 expire 1 line
04-18 02:15:54.313  1278  3487 I chatty  : uid=1000(system) Binder:1278_5 expire 1 line
04-18 02:16:05.347  1061  1184 E storaged: getDiskStats failed with result NOT_SUPPORTED and size 0
04-18 02:16:14.034  1278  3534 I chatty  : uid=1000(system) HwBinder:1278_3 expire 68 lines
04-18 02:16:14.034  1278  1333 I chatty  : uid=1000(system) batterystats-wo expire 24 lines
04-18 02:17:05.350  1061  1184 E storaged: getDiskStats failed with result NOT_SUPPORTED and size 0
04-18 02:17:08.841  1278  3534 I chatty  : uid=1000(system) HwBinder:1278_3 expire 21 lines
04-18 02:17:08.842  1278  1333 I chatty  : uid=1000(system) batterystats-wo expire 24 lines
04-18 02:17:09.192  1278  3534 I chatty  : uid=1000(system) HwBinder:1278_3 expire 47 lines
04-18 02:17:18.529  1278  4530 I chatty  : uid=1000(system) Binder:1278_11 expire 1 line
04-18 02:17:22.754  1278 12469 I chatty  : uid=1000(system) Binder:1278_20 expire 1 line
04-18 02:17:49.057  1278  8067 I chatty  : uid=1000(system) Binder:1278_18 expire 1 line
04-18 02:18:05.359  1061  1184 E storaged: getDiskStats failed with result NOT_SUPPORTED and size 0
04-18 02:18:12.598  1278  3534 I chatty  : uid=1000(system) HwBinder:1278_3 expire 73 lines
04-18 02:18:12.599  1278  1333 I chatty  : uid=1000(system) batterystats-wo expire 26 lines
04-18 02:18:38.447  1278  1325 I chatty  : uid=1000(system) ActivityManager expire 2 lines
04-18 02:18:38.448  1278  3369 I chatty  : uid=1000(system) ActivityManager expire 1 line
04-18 02:18:39.045  1278  3487 I chatty  : uid=1000(system) Binder:1278_5 expire 1 line
04-18 02:18:39.493  1278  1278 I chatty  : uid=1000 system_server expire 6 lines
04-18 02:18:48.581  1278  5030 I chatty  : uid=1000(system) Binder:1278_12 expire 1 line
04-18 02:19:05.258  1278  3841 I chatty  : uid=1000(system) Binder:1278_7 expire 1 line
04-18 02:19:05.363  1061  1184 E storaged: getDiskStats failed with result NOT_SUPPORTED and size 0
04-18 02:19:24.175  1278  3534 I chatty  : uid=1000(system) HwBinder:1278_3 expire 57 lines
04-18 02:19:24.175  1278  1333 I chatty  : uid=1000(system) batterystats-wo expire 19 lines
04-18 02:19:38.628  1278  9615 I chatty  : uid=1000(system) Binder:1278_1A expire 1 line
04-18 02:19:57.156  1278  1333 I chatty  : uid=1000(system) batterystats-wo expire 29 lines
04-18 02:20:05.365  1061  1184 E storaged: getDiskStats failed with result NOT_SUPPORTED and size 0
04-18 02:20:12.623  1278  3534 I chatty  : uid=1000(system) HwBinder:1278_3 expire 80 lines
04-18 02:20:48.752  1278  6476 I chatty  : uid=1000(system) Binder:1278_15 expire 6 lines
04-18 02:21:05.366  1061  1184 E storaged: getDiskStats failed with result NOT_SUPPORTED and size 0
04-18 02:21:17.130  1278  6074 I chatty  : uid=1000(system) Binder:1278_14 expire 3 lines
04-18 02:21:18.156  1278  1325 I chatty  : uid=1000(system) ActivityManager expire 2 lines
04-18 02:21:18.157  1278  3369 I chatty  : uid=1000(system) ActivityManager expire 1 line
04-18 02:21:27.996  1278  3534 I chatty  : uid=1000(system) HwBinder:1278_3 expire 14 lines
04-18 02:21:27.997  1278  1333 I chatty  : uid=1000(system) batterystats-wo expire 35 lines
04-18 02:22:05.368  1061  1184 E storaged: getDiskStats failed with result NOT_SUPPORTED and size 0
04-18 02:22:05.501  1278  3534 I chatty  : uid=1000(system) HwBinder:1278_3 expire 84 lines
04-18 02:22:05.629  1278  1278 I chatty  : uid=1000 system_server expire 3 lines
04-18 02:22:44.932  1278  3534 I chatty  : uid=1000(system) HwBinder:1278_3 expire 35 lines
04-18 02:22:44.932  1278  1333 I chatty  : uid=1000(system) batterystats-wo expire 12 lines
04-18 02:22:49.947  1278  1322 I chatty  : uid=1000(system) ActivityManager expire 1 line
04-18 02:23:05.370  1061  1184 E storaged: getDiskStats failed with result NOT_SUPPORTED and size 0
04-18 02:23:08.600  1278 15561 I chatty  : uid=1000 system_server expire 1 line
04-18 02:23:09.508  1278  3534 I chatty  : uid=1000(system) HwBinder:1278_3 expire 100 lines
04-18 02:23:09.510  1278  1333 I chatty  : uid=1000(system) batterystats-wo expire 35 lines
04-18 02:23:39.225  1278  4246 I chatty  : uid=1000(system) Binder:1278_9 expire 1 line
04-18 02:25:46.850  1278  1325 I chatty  : uid=1000(system) ActivityManager expire 2 lines
04-18 02:25:46.851  1278  3369 I chatty  : uid=1000(system) ActivityManager expire 1 line
04-18 02:25:49.281  1278  3841 I chatty  : uid=1000(system) Binder:1278_7 expire 1 line
04-18 02:26:58.492  1061  1184 E storaged: getDiskStats failed with result NOT_SUPPORTED and size 0
04-18 02:27:03.733  1278  3534 I chatty  : uid=1000(system) HwBinder:1278_3 expire 47 lines
04-18 02:27:03.735  1278  1333 I chatty  : uid=1000(system) batterystats-wo expire 16 lines
04-18 02:31:46.409  1278  4253 I chatty  : uid=1000(system) Binder:1278_A expire 3 lines
04-18 02:32:32.298  1278  3534 I chatty  : uid=1000(system) HwBinder:1278_3 expire 33 lines
04-18 02:32:32.299  1278  1333 I chatty  : uid=1000(system) batterystats-wo expire 11 lines
04-18 02:32:35.864  1061  1184 E storaged: getDiskStats failed with result NOT_SUPPORTED and size 0
04-18 02:35:40.550  1061  1184 E storaged: getDiskStats failed with result NOT_SUPPORTED and size 0
04-18 02:35:57.546  1278  3534 I chatty  : uid=1000(system) HwBinder:1278_3 expire 48 lines
04-18 02:35:57.547  1278  1333 I chatty  : uid=1000(system) batterystats-wo expire 16 lines
04-18 02:41:01.655  1278  4276 I chatty  : uid=1000(system) Binder:1278_B expire 1 line
04-18 02:41:01.676  1278  1325 I chatty  : uid=1000(system) ActivityManager expire 2 lines
04-18 02:41:01.676  1278  3369 I chatty  : uid=1000(system) ActivityManager expire 1 line
04-18 02:41:37.186  1061  1184 E storaged: getDiskStats failed with result NOT_SUPPORTED and size 0
04-18 02:41:49.045  1278  3534 I chatty  : uid=1000(system) HwBinder:1278_3 expire 50 lines
04-18 02:41:49.047  1278  1333 I chatty  : uid=1000(system) batterystats-wo expire 17 lines
04-18 02:42:46.094  1278  1278 I chatty  : uid=1000 system_server expire 9 lines
04-18 02:47:18.268  1061  1184 E storaged: getDiskStats failed with result NOT_SUPPORTED and size 0
04-18 02:47:41.072  1278  3534 I chatty  : uid=1000(system) HwBinder:1278_3 expire 29 lines
04-18 02:47:41.073  1278  1333 I chatty  : uid=1000(system) batterystats-wo expire 10 lines
04-18 02:47:43.769  1278  1321 I chatty  : uid=1000(system) android.bg expire 1 line
04-18 02:47:46.945  1278  6074 I chatty  : uid=1000(system) Binder:1278_14 expire 1 line
04-18 02:50:50.368  1278 10680 I chatty  : uid=1000(system) Binder:1278_1B expire 1 line
04-18 02:51:07.664  1061  1184 E storaged: getDiskStats failed with result NOT_SUPPORTED and size 0
04-18 02:51:09.037  1278  3534 I chatty  : uid=1000(system) HwBinder:1278_3 expire 18 lines
04-18 02:51:09.037  1278  1333 I chatty  : uid=1000(system) batterystats-wo expire 5 lines
04-18 02:51:13.149  1278  1323 I chatty  : uid=1000(system) android.ui expire 3 lines
04-18 02:53:47.024  1278  1333 I chatty  : uid=1000(system) batterystats-wo expire 14 lines
04-18 02:53:57.157  1278  3534 I chatty  : uid=1000(system) HwBinder:1278_3 expire 38 lines
04-18 02:54:48.996  1278  1325 I chatty  : uid=1000(system) ActivityManager expire 2 lines
04-18 02:54:48.997  1278  3369 I chatty  : uid=1000(system) ActivityManager expire 1 line
04-18 02:54:49.040  1278 10680 I chatty  : uid=1000(system) Binder:1278_1B expire 2 lines
04-18 02:54:49.244  1278  6476 I chatty  : uid=1000(system) Binder:1278_15 expire 1 line
04-18 02:54:49.311  1278  3841 I chatty  : uid=1000(system) Binder:1278_7 expire 2 lines
04-18 02:59:26.683  1061  1184 E storaged: getDiskStats failed with result NOT_SUPPORTED and size 0
04-18 02:59:57.584  1278  3534 I chatty  : uid=1000(system) HwBinder:1278_3 expire 33 lines
04-18 02:59:57.585  1278  1333 I chatty  : uid=1000(system) batterystats-wo expire 11 lines
04-18 03:02:28.664  1278  1278 I chatty  : uid=1000 system_server expire 4 lines
04-18 03:04:01.205  1061  1184 E storaged: getDiskStats failed with result NOT_SUPPORTED and size 0
04-18 03:04:38.703  1278  3534 I chatty  : uid=1000(system) HwBinder:1278_3 expire 53 lines
04-18 03:04:38.704  1278  1333 I chatty  : uid=1000(system) batterystats-wo expire 18 lines
04-18 03:13:11.596  1061  1184 E storaged: getDiskStats failed with result NOT_SUPPORTED and size 0
04-18 03:13:19.606  1278  3534 I chatty  : uid=1000(system) HwBinder:1278_3 expire 54 lines
04-18 03:13:19.607  1278  1333 I chatty  : uid=1000(system) batterystats-wo expire 18 lines
04-18 03:21:13.048  1061  1184 E storaged: getDiskStats failed with result NOT_SUPPORTED and size 0
04-18 03:21:57.538  1278  3534 I chatty  : uid=1000(system) HwBinder:1278_3 expire 35 lines
04-18 03:21:57.539  1278  1333 I chatty  : uid=1000(system) batterystats-wo expire 12 lines
04-18 03:23:20.886  1278  4276 I chatty  : uid=1000(system) Binder:1278_B expire 1 line
04-18 03:26:57.548  1061  1184 E storaged: getDiskStats failed with result NOT_SUPPORTED and size 0
04-18 03:26:57.549  1278  3534 I chatty  : uid=1000(system) HwBinder:1278_3 expire 62 lines
04-18 03:26:57.549  1278  1333 I chatty  : uid=1000(system) batterystats-wo expire 21 lines
04-18 03:30:59.993  1278  1278 I chatty  : uid=1000 system_server expire 9 lines
04-18 03:37:07.621  1061  1184 E storaged: getDiskStats failed with result NOT_SUPPORTED and size 0
04-18 03:37:34.171  1278  3534 I chatty  : uid=1000(system) HwBinder:1278_3 expire 51 lines
04-18 03:37:34.172  1278  1333 I chatty  : uid=1000(system) batterystats-wo expire 17 lines
04-18 03:45:56.768  1061  1184 E storaged: getDiskStats failed with result NOT_SUPPORTED and size 0
04-18 03:45:57.156  1278  3534 I chatty  : uid=1000(system) HwBinder:1278_3 expire 38 lines
04-18 03:45:57.158  1278  1333 I chatty  : uid=1000(system) batterystats-wo expire 21 lines
04-18 03:52:15.642  1278  3534 I chatty  : uid=1000(system) HwBinder:1278_3 expire 25 lines
04-18 03:56:50.480  1061  1184 E storaged: getDiskStats failed with result NOT_SUPPORTED and size 0
04-18 03:56:57.507  1278  3534 I chatty  : uid=1000(system) HwBinder:1278_3 expire 74 lines
04-18 03:56:57.507  1278  1333 I chatty  : uid=1000(system) batterystats-wo expire 25 lines
04-18 04:00:45.897  1278  1278 I chatty  : uid=1000 system_server expire 8 lines
04-18 04:09:00.087  1061  1184 E storaged: getDiskStats failed with result NOT_SUPPORTED and size 0
04-18 04:09:31.649  1278  3534 I chatty  : uid=1000(system) HwBinder:1278_3 expire 66 lines
04-18 04:09:31.651  1278  1333 I chatty  : uid=1000(system) batterystats-wo expire 22 lines
04-18 04:20:00.567  1061  1184 E storaged: getDiskStats failed with result NOT_SUPPORTED and size 0
04-18 04:20:19.490  1278  3534 I chatty  : uid=1000(system) HwBinder:1278_3 expire 20 lines
04-18 04:20:19.491  1278  1333 I chatty  : uid=1000(system) batterystats-wo expire 14 lines
04-18 04:23:32.639  1278  3534 I chatty  : uid=1000(system) HwBinder:1278_3 expire 22 lines
04-18 04:23:47.991  1278  4253 I chatty  : uid=1000(system) Binder:1278_A expire 2 lines
04-18 04:27:49.871  1061  1184 E storaged: getDiskStats failed with result NOT_SUPPORTED and size 0
04-18 04:27:50.991  1278  3487 I chatty  : uid=1000(system) Binder:1278_5 expire 1 line
04-18 04:27:51.607  1278  3534 I chatty  : uid=1000(system) HwBinder:1278_3 expire 69 lines
04-18 04:27:51.608  1278  1333 I chatty  : uid=1000(system) batterystats-wo expire 23 lines
04-18 04:30:45.989  1278  1278 I chatty  : uid=1000 system_server expire 15 lines
04-18 04:38:57.651  1061  1184 E storaged: getDiskStats failed with result NOT_SUPPORTED and size 0
04-18 04:39:44.181  1278  3534 I chatty  : uid=1000(system) HwBinder:1278_3 expire 44 lines
04-18 04:39:44.182  1278  1333 I chatty  : uid=1000(system) batterystats-wo expire 15 lines
04-18 04:41:02.105  1278 10680 I chatty  : uid=1000(system) Binder:1278_1B expire 2 lines
04-18 04:46:53.710  1278  4204 I chatty  : uid=1000(system) backup expire 47 lines
04-18 04:46:55.644  1278  4246 I chatty  : uid=1000(system) Binder:1278_9 expire 1 line
04-18 04:46:59.337  1278  1325 I chatty  : uid=1000(system) ActivityManager expire 4 lines
04-18 04:46:59.337  1278  3369 I chatty  : uid=1000(system) ActivityManager expire 2 lines
04-18 04:46:59.745  1278  6074 I chatty  : uid=1000(system) Binder:1278_14 expire 7 lines
04-18 04:47:02.855  1278 10680 I chatty  : uid=1000(system) Binder:1278_1B expire 3 lines
04-18 04:47:02.864  1278  4204 I chatty  : uid=1000(system) backup expire 92 lines
04-18 04:47:03.458  1278  1278 I chatty  : uid=1000 system_server expire 17 lines
04-18 04:47:04.140  1278  1325 I chatty  : uid=1000(system) ActivityManager expire 24 lines
04-18 04:47:04.141  1278  3369 I chatty  : uid=1000(system) ActivityManager expire 12 lines
04-18 04:47:04.345  1061  1184 E storaged: getDiskStats failed with result NOT_SUPPORTED and size 0
04-18 04:47:04.405  1278  4253 I chatty  : uid=1000(system) Binder:1278_A expire 5 lines
04-18 04:47:05.621  1278  3841 I chatty  : uid=1000(system) Binder:1278_7 expire 5 lines
04-18 04:47:09.771  1278  4246 I chatty  : uid=1000(system) Binder:1278_9 expire 2 lines
04-18 04:47:12.874 21968 21968 D ActivityThread: Loading provider com.google.android.gm.sapi: com.google.android.gm.sapi.SapiUiProvider
04-18 04:47:13.005  1278  5030 I chatty  : uid=1000(system) Binder:1278_12 expire 2 lines
04-18 04:47:13.006  1278  4204 I chatty  : uid=1000(system) backup expire 52 lines
04-18 04:47:13.629  1278  6476 I chatty  : uid=1000(system) Binder:1278_15 expire 2 lines
04-18 04:47:14.722  1278  9615 I chatty  : uid=1000(system) Binder:1278_1A expire 1 line
04-18 04:47:16.499  1278  7856 I chatty  : uid=1000(system) Binder:1278_17 expire 1 line
04-18 04:47:16.568  1278  4237 I chatty  : uid=1000(system) Binder:1278_8 expire 1 line
04-18 04:47:16.568  1278  3336 I chatty  : uid=1000(system) ConnectivitySer expire 2 lines
04-18 04:47:16.793  1278  3534 I chatty  : uid=1000(system) HwBinder:1278_3 expire 18 lines
04-18 04:47:16.794  1278  1333 I chatty  : uid=1000(system) batterystats-wo expire 6 lines
04-18 04:47:17.478  1278  1322 I chatty  : uid=1000(system) ActivityManager expire 2 lines
04-18 04:47:17.784  1278  4530 I chatty  : uid=1000(system) Binder:1278_11 expire 2 lines
04-18 04:50:05.315  1278  1278 I chatty  : uid=1000 system_server expire 8 lines
04-18 04:50:32.017  1278  3534 I chatty  : uid=1000(system) HwBinder:1278_3 expire 18 lines
04-18 04:50:32.018  1278  1333 I chatty  : uid=1000(system) batterystats-wo expire 31 lines
04-18 04:50:44.936  1278  3370 I chatty  : uid=1000(system) Binder:1278_4 expire 1 line
04-18 04:52:57.791  1278  4253 I chatty  : uid=1000(system) Binder:1278_A expire 1 line
04-18 04:53:46.549  1061  1184 E storaged: getDiskStats failed with result NOT_SUPPORTED and size 0
04-18 04:53:46.587  1278  3534 I chatty  : uid=1000(system) HwBinder:1278_3 expire 75 lines
04-18 04:55:45.832  1278  4416 I chatty  : uid=1000(system) Binder:1278_D expire 3 lines
04-18 04:55:45.838  1278  1302 I chatty  : uid=1000(system) Binder:1278_1 expire 2 lines
04-18 05:05:22.066  1278  1323 I chatty  : uid=1000(system) android.ui expire 3 lines
04-18 05:06:28.534  1061  1184 E storaged: getDiskStats failed with result NOT_SUPPORTED and size 0
04-18 05:06:42.240  1278  3534 I chatty  : uid=1000(system) HwBinder:1278_3 expire 66 lines
04-18 05:06:42.240  1278  1333 I chatty  : uid=1000(system) batterystats-wo expire 22 lines
04-18 05:17:30.940  1061  1184 E storaged: getDiskStats failed with result NOT_SUPPORTED and size 0
04-18 05:17:57.537  1278  3534 I chatty  : uid=1000(system) HwBinder:1278_3 expire 19 lines
04-18 05:17:57.538  1278  1333 I chatty  : uid=1000(system) batterystats-wo expire 24 lines
04-18 05:20:57.554  1278  3534 I chatty  : uid=1000(system) HwBinder:1278_3 expire 52 lines
04-18 05:29:57.792  1061  1184 E storaged: getDiskStats failed with result NOT_SUPPORTED and size 0
04-18 05:30:27.532  1278  3534 I chatty  : uid=1000(system) HwBinder:1278_3 expire 68 lines
04-18 05:30:27.534  1278  1333 I chatty  : uid=1000(system) batterystats-wo expire 23 lines
04-18 05:30:45.878  1278  1278 I chatty  : uid=1000 system_server expire 9 lines
04-18 05:41:57.574  1061  1184 E storaged: getDiskStats failed with result NOT_SUPPORTED and size 0
04-18 05:42:18.779  1278  3534 I chatty  : uid=1000(system) HwBinder:1278_3 expire 64 lines
04-18 05:42:18.780  1278  1333 I chatty  : uid=1000(system) batterystats-wo expire 28 lines
04-18 05:53:04.984  1278  3534 I chatty  : uid=1000(system) HwBinder:1278_3 expire 19 lines
04-18 05:56:19.276  1061  1184 E storaged: getDiskStats failed with result NOT_SUPPORTED and size 0
04-18 05:56:57.537  1278  3534 I chatty  : uid=1000(system) HwBinder:1278_3 expire 77 lines
04-18 05:56:57.538  1278  1333 I chatty  : uid=1000(system) batterystats-wo expire 26 lines
04-18 05:58:13.721  1278  1321 I chatty  : uid=1000(system) android.bg expire 1 line
04-18 06:00:45.932  1278  1278 I chatty  : uid=1000 system_server expire 19 lines
04-18 06:09:37.525  1061  1184 E storaged: getDiskStats failed with result NOT_SUPPORTED and size 0
04-18 06:09:57.522  1278  3534 I chatty  : uid=1000(system) HwBinder:1278_3 expire 48 lines
04-18 06:09:57.523  1278  1333 I chatty  : uid=1000(system) batterystats-wo expire 16 lines
04-18 06:15:52.366  1278 22779 I chatty  : uid=1000 system_server expire 7 lines
04-18 06:15:52.379  1278  3487 I chatty  : uid=1000(system) Binder:1278_5 expire 2 lines
04-18 06:16:49.179  1278  4204 I chatty  : uid=1000(system) backup expire 4 lines
04-18 06:16:49.221  1278 22783 I chatty  : uid=1000 system_server expire 11 lines
04-18 06:16:49.578  1278 22785 I chatty  : uid=1000 system_server expire 4 lines
04-18 06:16:49.767  1278  1325 I chatty  : uid=1000(system) ActivityManager expire 2 lines
04-18 06:16:49.768  1278  3369 I chatty  : uid=1000(system) ActivityManager expire 1 line
04-18 06:16:50.048  1278  4246 I chatty  : uid=1000(system) Binder:1278_9 expire 1 line
04-18 06:16:50.141  1278 22805 I chatty  : uid=1000 system_server expire 2 lines
04-18 06:16:50.434  1278  7183 I chatty  : uid=1000(system) Binder:1278_16 expire 1 line
04-18 06:17:53.836  1278 22811 I chatty  : uid=1000 system_server expire 7 lines
04-18 06:17:53.849  1278 12050 I chatty  : uid=1000(system) Binder:1278_1F expire 7 lines
04-18 06:17:56.593  1278  4204 I chatty  : uid=1000(system) backup expire 24 lines
04-18 06:17:56.605  1278  1278 I chatty  : uid=1000 system_server expire 23 lines
04-18 06:17:56.648  1278 22818 I chatty  : uid=1000 system_server expire 7 lines
04-18 06:17:56.660  1278  4237 I chatty  : uid=1000(system) Binder:1278_8 expire 4 lines
04-18 06:17:57.157  1278  3534 I chatty  : uid=1000(system) HwBinder:1278_3 expire 18 lines
04-18 06:17:57.158  1278  1333 I chatty  : uid=1000(system) batterystats-wo expire 12 lines
04-18 06:19:23.124  1278 22819 I chatty  : uid=1000 system_server expire 11 lines
04-18 06:19:23.132  1278  7183 I chatty  : uid=1000(system) Binder:1278_16 expire 2 lines
04-18 06:19:23.284  1278 22821 I chatty  : uid=1000 system_server expire 3 lines
04-18 06:20:02.742  1278 22826 I chatty  : uid=1000 system_server expire 11 lines
04-18 06:20:02.893  1278 22828 I chatty  : uid=1000 system_server expire 5 lines
04-18 06:20:02.968  1278  3487 I chatty  : uid=1000(system) Binder:1278_5 expire 6 lines
04-18 06:20:03.058  1278 22832 I chatty  : uid=1000 system_server expire 2 lines
04-18 06:20:04.208  1278  1325 I chatty  : uid=1000(system) ActivityManager expire 6 lines
04-18 06:20:04.209  1278  3369 I chatty  : uid=1000(system) ActivityManager expire 3 lines
04-18 06:20:57.621  1278 22850 I chatty  : uid=1000 system_server expire 7 lines
04-18 06:20:58.621  1061  1184 E storaged: getDiskStats failed with result NOT_SUPPORTED and size 0
04-18 06:21:07.387  1278  1278 I chatty  : uid=1000 system_server expire 35 lines
04-18 06:21:07.411  1278 22861 I chatty  : uid=1000 system_server expire 7 lines
04-18 06:21:08.372  1278  3534 I chatty  : uid=1000(system) HwBinder:1278_3 expire 18 lines
04-18 06:22:12.175  1278 22863 I chatty  : uid=1000 system_server expire 7 lines
04-18 06:22:42.096  1278 22872 I chatty  : uid=1000 system_server expire 7 lines
04-18 06:22:57.825  1278 22914 I chatty  : uid=1000 system_server expire 7 lines
04-18 06:23:40.743  1278 22916 I chatty  : uid=1000 system_server expire 7 lines
04-18 06:23:40.765  1278  6074 I chatty  : uid=1000(system) Binder:1278_14 expire 1 line
04-18 06:23:52.335  1278 22923 I chatty  : uid=1000 system_server expire 7 lines
04-18 06:23:54.946  1278 22954 I chatty  : uid=1000 system_server expire 7 lines
04-18 06:23:54.957  1278  3345 I chatty  : uid=1000(system) Binder:1278_3 expire 1 line
04-18 06:23:55.736  1278  3336 I chatty  : uid=1000(system) ConnectivitySer expire 1 line
04-18 06:23:57.558  1278  1278 I chatty  : uid=1000 system_server expire 26 lines
04-18 06:23:57.606  1278 22958 I chatty  : uid=1000 system_server expire 11 lines
04-18 06:23:57.611  1278  4237 I chatty  : uid=1000(system) Binder:1278_8 expire 2 lines
04-18 06:23:57.732  1278 22960 I chatty  : uid=1000 system_server expire 3 lines
04-18 06:23:57.749  1278  1325 I chatty  : uid=1000(system) ActivityManager expire 8 lines
04-18 06:23:57.749  1278  3369 I chatty  : uid=1000(system) ActivityManager expire 4 lines
04-18 06:23:57.888  1278  3345 I chatty  : uid=1000(system) Binder:1278_3 expire 3 lines
04-18 06:24:21.852  1278  4204 I chatty  : uid=1000(system) backup expire 20 lines
04-18 06:24:21.899  1278 22978 I chatty  : uid=1000 system_server expire 7 lines
04-18 06:24:22.895  1278  3534 I chatty  : uid=1000(system) HwBinder:1278_3 expire 24 lines
04-18 06:24:22.896  1278  1333 I chatty  : uid=1000(system) batterystats-wo expire 8 lines
04-18 06:24:30.883  1278 22988 I chatty  : uid=1000 system_server expire 7 lines
04-18 06:24:30.892  1278  6074 I chatty  : uid=1000(system) Binder:1278_14 expire 3 lines
04-18 06:24:57.622  1278 22992 I chatty  : uid=1000 system_server expire 7 lines
04-18 06:24:57.633  1278  4246 I chatty  : uid=1000(system) Binder:1278_9 expire 1 line
04-18 06:25:26.331  1278 22993 I chatty  : uid=1000 system_server expire 11 lines
04-18 06:25:26.509  1278 22995 I chatty  : uid=1000 system_server expire 5 lines
04-18 06:25:26.677  1278 22998 I chatty  : uid=1000 system_server expire 2 lines
04-18 06:25:28.441  1278  3370 I chatty  : uid=1000(system) Binder:1278_4 expire 6 lines
04-18 06:25:28.466  1278  4416 I chatty  : uid=1000(system) Binder:1278_D expire 3 lines
04-18 06:25:28.484  1278  1348 I chatty  : uid=1000(system) android.display expire 1 line
04-18 06:25:29.127  1278  1322 I chatty  : uid=1000(system) ActivityManager expire 1 line
04-18 06:25:29.536 23000 23000 E SchedPolicy: set_timerslack_ns write failed: Operation not permitted
04-18 06:25:29.565 23000 23000 E SchedPolicy: set_timerslack_ns write failed: Operation not permitted
04-18 06:25:32.903 23000 23000 E SchedPolicy: set_timerslack_ns write failed: Operation not permitted
04-18 06:25:39.832  1278  1278 I chatty  : uid=1000 system_server expire 31 lines
04-18 06:25:39.865  1278 23040 I chatty  : uid=1000 system_server expire 7 lines
04-18 06:25:39.901  1278  5927 I chatty  : uid=1000(system) Binder:1278_13 expire 3 lines
04-18 06:25:58.160  1278 23049 I chatty  : uid=1000 system_server expire 7 lines
04-18 06:26:31.087  1278 23056 I chatty  : uid=1000 system_server expire 11 lines
04-18 06:26:31.243  1278 23058 I chatty  : uid=1000 system_server expire 3 lines
04-18 06:26:31.582  1278 12469 I chatty  : uid=1000(system) Binder:1278_20 expire 5 lines
04-18 06:26:46.419  1278 23077 I chatty  : uid=1000 system_server expire 7 lines
04-18 06:27:35.799  1278 23078 I chatty  : uid=1000 system_server expire 7 lines
04-18 06:27:50.007  1278 23086 I chatty  : uid=1000 system_server expire 5 lines
04-18 06:27:50.140  1278 23089 I chatty  : uid=1000 system_server expire 4 lines
04-18 06:27:50.333  1278 23109 I chatty  : uid=1000 system_server expire 2 lines
04-18 06:27:50.572  1278  5927 I chatty  : uid=1000(system) Binder:1278_13 expire 1 line
04-18 06:27:50.572  1278  3370 I chatty  : uid=1000(system) Binder:1278_4 expire 1 line
04-18 06:27:50.573  1278  3336 I chatty  : uid=1000(system) ConnectivitySer expire 1 line
04-18 06:27:53.008  1278 23086 I chatty  : uid=1000 system_server expire 7 lines
04-18 06:27:55.939  1061  1184 E storaged: getDiskStats failed with result NOT_SUPPORTED and size 0
04-18 06:27:56.488  1278  1302 I chatty  : uid=1000(system) Binder:1278_1 expire 1 line
04-18 06:27:56.933  1278  4204 I chatty  : uid=1000(system) backup expire 22 lines
04-18 06:27:56.946  1278  1278 I chatty  : uid=1000 system_server expire 62 lines
04-18 06:27:56.980  1278 23111 I chatty  : uid=1000 system_server expire 7 lines
04-18 06:27:56.989  1278 12469 I chatty  : uid=1000(system) Binder:1278_20 expire 4 lines
04-18 06:27:57.156  1278  3534 I chatty  : uid=1000(system) HwBinder:1278_3 expire 27 lines
04-18 06:27:57.158  1278  1333 I chatty  : uid=1000(system) batterystats-wo expire 9 lines
04-18 06:28:39.071  1278 23112 I chatty  : uid=1000 system_server expire 7 lines
04-18 06:28:39.085  1278  4246 I chatty  : uid=1000(system) Binder:1278_9 expire 5 lines
04-18 06:28:57.753  1278 23114 I chatty  : uid=1000 system_server expire 7 lines
04-18 06:29:32.214  1278 23115 I chatty  : uid=1000 system_server expire 7 lines
04-18 06:29:46.020  1278 23116 I chatty  : uid=1000 system_server expire 7 lines
04-18 06:29:57.593  1278 23117 I chatty  : uid=1000 system_server expire 7 lines
04-18 06:29:57.605  1278  7856 I chatty  : uid=1000(system) Binder:1278_17 expire 1 line
04-18 06:30:45.828  1278 23120 I chatty  : uid=1000 system_server expire 7 lines
04-18 06:30:45.843  1278  9615 I chatty  : uid=1000(system) Binder:1278_1A expire 4 lines
04-18 06:30:51.193  1278 23133 I chatty  : uid=1000 system_server expire 11 lines
04-18 06:30:51.352  1278 23135 I chatty  : uid=1000 system_server expire 3 lines
04-18 06:30:51.370  1278  1325 I chatty  : uid=1000(system) ActivityManager expire 8 lines
04-18 06:30:51.370  1278  3369 I chatty  : uid=1000(system) ActivityManager expire 4 lines
04-18 06:30:51.616  1278  6476 I chatty  : uid=1000(system) Binder:1278_15 expire 7 lines
04-18 06:31:52.269  1278 23168 I chatty  : uid=1000 system_server expire 7 lines
04-18 06:31:55.456  1278  4529 I chatty  : uid=1000(system) Binder:1278_10 expire 1 line
04-18 06:31:55.481  1278  1322 I chatty  : uid=1000(system) ActivityManager expire 1 line
04-18 06:31:56.635  1278 23244 I chatty  : uid=1000 system_server expire 7 lines
04-18 06:32:02.467  1278 23245 I chatty  : uid=1000 system_server expire 9 lines
04-18 06:32:02.610  1278 23247 I chatty  : uid=1000 system_server expire 3 lines
04-18 06:32:02.789  1278 23245 I chatty  : uid=1000 system_server expire 2 lines
04-18 06:32:02.795  1278  9615 I chatty  : uid=1000(system) Binder:1278_1A expire 3 lines
04-18 06:32:57.533  1278  3534 I chatty  : uid=1000(system) HwBinder:1278_3 expire 21 lines
04-18 06:32:57.533  1278  1333 I chatty  : uid=1000(system) batterystats-wo expire 9 lines
04-18 06:32:57.540  1278  6476 I chatty  : uid=1000(system) Binder:1278_15 expire 5 lines
04-18 06:32:57.542  1278  8589 I chatty  : uid=1000(system) Binder:1278_19 expire 5 lines
04-18 06:32:59.764  1278  4204 I chatty  : uid=1000(system) backup expire 20 lines
04-18 06:32:59.779  1278  1278 I chatty  : uid=1000 system_server expire 53 lines
04-18 06:32:59.807  1278 23266 I chatty  : uid=1000 system_server expire 7 lines
04-18 06:33:57.617  1278 23270 I chatty  : uid=1000 system_server expire 11 lines
04-18 06:33:57.631  1278 12469 I chatty  : uid=1000(system) Binder:1278_20 expire 3 lines
04-18 06:33:57.775  1278 23273 I chatty  : uid=1000 system_server expire 4 lines
04-18 06:33:57.929  1278 23277 I chatty  : uid=1000 system_server expire 2 lines
04-18 06:34:05.042  1278 23284 I chatty  : uid=1000 system_server expire 7 lines
04-18 06:34:34.648  1278  1323 I chatty  : uid=1000(system) android.ui expire 1 line
04-18 06:34:40.972  1278 23293 I chatty  : uid=1000 system_server expire 7 lines
04-18 06:34:40.978  1278  4246 I chatty  : uid=1000(system) Binder:1278_9 expire 3 lines
04-18 06:34:57.590  1278 23296 I chatty  : uid=1000 system_server expire 7 lines
04-18 06:35:41.563  1278 23302 I chatty  : uid=1000 system_server expire 11 lines
04-18 06:35:41.654  1278 23305 I chatty  : uid=1000 system_server expire 3 lines
04-18 06:35:41.669  1278  1325 I chatty  : uid=1000(system) ActivityManager expire 10 lines
04-18 06:35:41.669  1278  3369 I chatty  : uid=1000(system) ActivityManager expire 5 lines
04-18 06:35:44.382  1278 23324 I chatty  : uid=1000 system_server expire 11 lines
04-18 06:35:44.390  1278  3489 I chatty  : uid=1000(system) Binder:1278_6 expire 4 lines
04-18 06:35:44.477  1278 23326 I chatty  : uid=1000 system_server expire 3 lines
04-18 06:35:44.598  1278  3841 I chatty  : uid=1000(system) Binder:1278_7 expire 2 lines
04-18 06:35:47.241  1278 23346 I chatty  : uid=1000 system_server expire 11 lines
04-18 06:35:47.251  1278  7856 I chatty  : uid=1000(system) Binder:1278_17 expire 3 lines
04-18 06:35:47.367  1278 23348 I chatty  : uid=1000 system_server expire 3 lines
04-18 06:35:50.135  1278 23368 I chatty  : uid=1000 system_server expire 7 lines
04-18 06:35:57.624  1278 23438 I chatty  : uid=1000 system_server expire 3 lines
04-18 06:35:59.237  1061  1184 E storaged: getDiskStats failed with result NOT_SUPPORTED and size 0
04-18 06:36:00.169  1278  4204 I chatty  : uid=1000(system) backup expire 2 lines
04-18 06:36:16.510  1278  3534 I chatty  : uid=1000(system) HwBinder:1278_3 expire 6 lines
04-18 06:37:13.801  1278  1278 I chatty  : uid=1000 system_server expire 21 lines
04-18 06:37:19.673  1278  3534 I chatty  : uid=1000(system) HwBinder:1278_3 expire 24 lines
04-18 06:37:19.675  1278  1333 I chatty  : uid=1000(system) batterystats-wo expire 27 lines
04-18 06:41:02.969  1278  6476 I chatty  : uid=1000(system) Binder:1278_15 expire 1 line
04-18 06:41:03.221  1061  1184 E storaged: getDiskStats failed with result NOT_SUPPORTED and size 0
04-18 06:41:38.108  1278  3534 I chatty  : uid=1000(system) HwBinder:1278_3 expire 57 lines
04-18 06:45:57.539  1278  3489 I chatty  : uid=1000(system) Binder:1278_6 expire 3 lines
04-18 06:51:01.828  1278  3841 I chatty  : uid=1000(system) Binder:1278_7 expire 1 line
04-18 06:51:20.122  1061  1184 E storaged: getDiskStats failed with result NOT_SUPPORTED and size 0
04-18 06:51:20.254  1278  3534 I chatty  : uid=1000(system) HwBinder:1278_3 expire 71 lines
04-18 06:51:20.255  1278  1333 I chatty  : uid=1000(system) batterystats-wo expire 24 lines
04-18 06:55:49.741  1278  1323 I chatty  : uid=1000(system) android.ui expire 1 line
04-18 06:55:49.944  1278  4492 I chatty  : uid=1000(system) Binder:1278_F expire 1 line
04-18 06:55:50.584  1278  4246 I chatty  : uid=1000(system) Binder:1278_9 expire 1 line
04-18 07:03:11.579  1061  1184 E storaged: getDiskStats failed with result NOT_SUPPORTED and size 0
04-18 07:03:12.936  1278  3534 I chatty  : uid=1000(system) HwBinder:1278_3 expire 19 lines
04-18 07:03:12.937  1278  1333 I chatty  : uid=1000(system) batterystats-wo expire 22 lines
04-18 07:06:26.003  1278  3534 I chatty  : uid=1000(system) HwBinder:1278_3 expire 46 lines
04-18 07:07:30.464  1278 12469 I chatty  : uid=1000(system) Binder:1278_20 expire 1 line
04-18 07:14:50.957  1061  1184 E storaged: getDiskStats failed with result NOT_SUPPORTED and size 0
04-18 07:14:57.568  1278  3534 I chatty  : uid=1000(system) HwBinder:1278_3 expire 78 lines
04-18 07:14:57.569  1278  1333 I chatty  : uid=1000(system) batterystats-wo expire 26 lines
04-18 07:15:50.579  1278  1278 I chatty  : uid=1000 system_server expire 7 lines
04-18 07:24:50.989  1278  4204 I chatty  : uid=1000(system) backup expire 3 lines
04-18 07:27:59.570  1061  1184 E storaged: getDiskStats failed with result NOT_SUPPORTED and size 0
04-18 07:28:00.586  1278  3534 I chatty  : uid=1000(system) HwBinder:1278_3 expire 59 lines
04-18 07:28:00.587  1278  1333 I chatty  : uid=1000(system) batterystats-wo expire 26 lines
04-18 07:37:57.564  1278  3534 I chatty  : uid=1000(system) HwBinder:1278_3 expire 19 lines
04-18 07:40:59.166  1061  1184 E storaged: getDiskStats failed with result NOT_SUPPORTED and size 0
04-18 07:41:16.239  1278  1321 I chatty  : uid=1000(system) android.bg expire 1 line
04-18 07:41:57.564  1278  3534 I chatty  : uid=1000(system) HwBinder:1278_3 expire 57 lines
04-18 07:41:57.565  1278  1333 I chatty  : uid=1000(system) batterystats-wo expire 19 lines
04-18 07:46:03.099  1278  9615 I chatty  : uid=1000(system) Binder:1278_1A expire 2 lines
04-18 07:46:03.266  1278  1278 I chatty  : uid=1000 system_server expire 11 lines
04-18 07:51:02.400  1278  3841 I chatty  : uid=1000(system) Binder:1278_7 expire 1 line
04-18 07:51:12.395  1278  7856 I chatty  : uid=1000(system) Binder:1278_17 expire 1 line
04-18 07:51:17.858  1061  1184 E storaged: getDiskStats failed with result NOT_SUPPORTED and size 0
04-18 07:51:44.409  1278  3534 I chatty  : uid=1000(system) HwBinder:1278_3 expire 69 lines
04-18 07:51:44.410  1278  1333 I chatty  : uid=1000(system) batterystats-wo expire 23 lines
04-18 08:03:35.077  1061  1184 E storaged: getDiskStats failed with result NOT_SUPPORTED and size 0
04-18 08:03:35.619  1278  3534 I chatty  : uid=1000(system) HwBinder:1278_3 expire 35 lines
04-18 08:03:35.621  1278  1333 I chatty  : uid=1000(system) batterystats-wo expire 25 lines
04-18 08:08:58.605  1278  3534 I chatty  : uid=1000(system) HwBinder:1278_3 expire 40 lines
04-18 08:14:51.990  1278  1278 I chatty  : uid=1000 system_server expire 20 lines
04-18 08:16:25.458  1061  1184 E storaged: getDiskStats failed with result NOT_SUPPORTED and size 0
04-18 08:16:32.021  1278  3534 I chatty  : uid=1000(system) HwBinder:1278_3 expire 75 lines
04-18 08:16:32.022  1278  1333 I chatty  : uid=1000(system) batterystats-wo expire 25 lines
04-18 08:22:44.960  1278  4204 I chatty  : uid=1000(system) backup expire 4 lines
04-18 08:28:57.734  1061  1184 E storaged: getDiskStats failed with result NOT_SUPPORTED and size 0
04-18 08:29:28.294  1278  3534 I chatty  : uid=1000(system) HwBinder:1278_3 expire 58 lines
04-18 08:29:28.295  1278  1333 I chatty  : uid=1000(system) batterystats-wo expire 23 lines
04-18 08:39:10.268  1278  3534 I chatty  : uid=1000(system) HwBinder:1278_3 expire 10 lines
04-18 08:40:57.569  1061  1184 E storaged: getDiskStats failed with result NOT_SUPPORTED and size 0
04-18 08:41:20.876  1278  3534 I chatty  : uid=1000(system) HwBinder:1278_3 expire 71 lines
04-18 08:41:20.877  1278  1333 I chatty  : uid=1000(system) batterystats-wo expire 24 lines
04-18 08:42:11.846  1278  1323 I chatty  : uid=1000(system) android.ui expire 3 lines
04-18 08:46:04.227  1278  1278 I chatty  : uid=1000 system_server expire 15 lines
04-18 08:47:25.801  1278  3336 I chatty  : uid=1000(system) ConnectivitySer expire 2 lines
04-18 08:47:26.207  1278  1322 I chatty  : uid=1000(system) ActivityManager expire 1 line
04-18 08:51:02.591  1278  4530 I chatty  : uid=1000(system) Binder:1278_11 expire 3 lines
04-18 08:53:42.810  1061  1184 E storaged: getDiskStats failed with result NOT_SUPPORTED and size 0
04-18 08:53:57.570  1278  3534 I chatty  : uid=1000(system) HwBinder:1278_3 expire 15 lines
04-18 08:53:57.570  1278  1333 I chatty  : uid=1000(system) batterystats-wo expire 5 lines
04-18 08:54:48.630  1278  8589 I chatty  : uid=1000(system) Binder:1278_19 expire 4 lines
04-18 08:54:48.637  1278 12469 I chatty  : uid=1000(system) Binder:1278_20 expire 3 lines
04-18 08:54:48.676  1278  4204 I chatty  : uid=1000(system) backup expire 81 lines
04-18 08:56:09.823  1278  1325 I chatty  : uid=1000(system) ActivityManager expire 6 lines
04-18 08:56:09.823  1278  3369 I chatty  : uid=1000(system) ActivityManager expire 3 lines
04-18 08:56:11.018  1278  3841 I chatty  : uid=1000(system) Binder:1278_7 expire 5 lines
04-18 08:56:11.084  1278  5927 I chatty  : uid=1000(system) Binder:1278_13 expire 2 lines
04-18 08:56:12.732  1278  4204 I chatty  : uid=1000(system) backup expire 114 lines
04-18 08:56:12.734  1278 12469 I chatty  : uid=1000(system) Binder:1278_20 expire 12 lines
04-18 08:56:13.293  1278  1325 I chatty  : uid=1000(system) ActivityManager expire 6 lines
04-18 08:56:13.293  1278  3369 I chatty  : uid=1000(system) ActivityManager expire 3 lines
04-18 08:56:14.110  1278  1278 I chatty  : uid=1000 system_server expire 6 lines
04-18 08:56:14.356  1278  4530 I chatty  : uid=1000(system) Binder:1278_11 expire 1 line
04-18 08:56:14.391  1278  1322 I chatty  : uid=1000(system) ActivityManager expire 1 line
04-18 08:56:15.160  1278  3345 I chatty  : uid=1000(system) Binder:1278_3 expire 1 line
04-18 08:56:15.185  1278  4417 I chatty  : uid=1000(system) Binder:1278_E expire 4 lines
04-18 08:56:16.593  1278  7856 I chatty  : uid=1000(system) Binder:1278_17 expire 1 line
04-18 08:56:17.213  1278  3489 I chatty  : uid=1000(system) Binder:1278_6 expire 3 lines
04-18 08:56:26.399  1278  3534 I chatty  : uid=1000(system) HwBinder:1278_3 expire 12 lines
04-18 08:56:26.401  1278  1333 I chatty  : uid=1000(system) batterystats-wo expire 25 lines
04-18 08:58:03.521  1061  1184 E storaged: getDiskStats failed with result NOT_SUPPORTED and size 0
04-18 08:58:35.611  1278  3534 I chatty  : uid=1000(system) HwBinder:1278_3 expire 66 lines
04-18 09:09:22.779  1278  1333 I chatty  : uid=1000(system) batterystats-wo expire 23 lines
04-18 09:09:50.970  1061  1184 E storaged: getDiskStats failed with result NOT_SUPPORTED and size 0
04-18 09:09:57.156  1278  3534 I chatty  : uid=1000(system) HwBinder:1278_3 expire 66 lines
04-18 09:13:58.356  1278  1278 I chatty  : uid=1000 system_server expire 16 lines
04-18 09:21:13.064  1061  1184 E storaged: getDiskStats failed with result NOT_SUPPORTED and size 0
04-18 09:21:13.726  1278  3534 I chatty  : uid=1000(system) HwBinder:1278_3 expire 63 lines
04-18 09:21:13.728  1278  1333 I chatty  : uid=1000(system) batterystats-wo expire 21 lines
04-18 09:25:54.536  1278  4204 I chatty  : uid=1000(system) backup expire 4 lines
04-18 09:31:59.620  1061  1184 E storaged: getDiskStats failed with result NOT_SUPPORTED and size 0
04-18 09:32:00.804  1278  3534 I chatty  : uid=1000(system) HwBinder:1278_3 expire 45 lines
04-18 09:32:00.806  1278  1333 I chatty  : uid=1000(system) batterystats-wo expire 15 lines
04-18 09:33:57.522  1278  1321 I chatty  : uid=1000(system) android.bg expire 1 line
04-18 09:39:57.572  1278  3534 I chatty  : uid=1000(system) HwBinder:1278_3 expire 33 lines
04-18 09:39:57.574  1278  1333 I chatty  : uid=1000(system) batterystats-wo expire 11 lines
04-18 09:44:54.824  1278  1278 I chatty  : uid=1000 system_server expire 14 lines
04-18 09:44:57.408  1061  1184 E storaged: getDiskStats failed with result NOT_SUPPORTED and size 0
04-18 09:45:57.604  1278  3534 I chatty  : uid=1000(system) HwBinder:1278_3 expire 27 lines
04-18 09:45:57.604  1278  1333 I chatty  : uid=1000(system) batterystats-wo expire 13 lines
04-18 09:49:52.830  1278  8589 I chatty  : uid=1000(system) Binder:1278_19 expire 1 line
04-18 09:50:02.831  1278  4417 I chatty  : uid=1000(system) Binder:1278_E expire 2 lines
04-18 09:50:20.474  1278  3558 I chatty  : uid=1000(system) HwBinder:1278_4 expire 12 lines
04-18 09:51:57.496  1061  1184 E storaged: getDiskStats failed with result NOT_SUPPORTED and size 0
04-18 09:52:29.579  1278  3558 I chatty  : uid=1000(system) HwBinder:1278_4 expire 36 lines
04-18 09:52:29.581  1278  1333 I chatty  : uid=1000(system) batterystats-wo expire 12 lines
04-18 09:55:37.164  1278  1325 I chatty  : uid=1000(system) ActivityManager expire 4 lines
04-18 09:55:37.164  1278  3369 I chatty  : uid=1000(system) ActivityManager expire 2 lines
04-18 09:55:37.205  1278  1343 I chatty  : uid=1000(system) android.fg expire 4 lines
04-18 09:55:37.229  1278  5927 I chatty  : uid=1000(system) Binder:1278_13 expire 2 lines
04-18 09:55:37.560  1278  4237 I chatty  : uid=1000(system) Binder:1278_8 expire 1 line
04-18 09:55:37.676  1278 10767 I chatty  : uid=1000(system) Binder:1278_1C expire 1 line
04-18 09:55:55.531  1278  4204 I chatty  : uid=1000(system) backup expire 2 lines
04-18 09:58:11.191  1278  1323 I chatty  : uid=1000(system) android.ui expire 1 line
04-18 09:58:54.738  1061  1184 E storaged: getDiskStats failed with result NOT_SUPPORTED and size 0
04-18 09:58:56.803  1278  3558 I chatty  : uid=1000(system) HwBinder:1278_4 expire 42 lines
04-18 09:58:56.804  1278  1333 I chatty  : uid=1000(system) batterystats-wo expire 16 lines
04-18 10:00:46.842  1278  1278 I chatty  : uid=1000 system_server expire 4 lines
04-18 10:05:26.246  1061  1184 E storaged: getDiskStats failed with result NOT_SUPPORTED and size 0
04-18 10:05:57.176  1278  3558 I chatty  : uid=1000(system) HwBinder:1278_4 expire 11 lines
04-18 10:05:57.176  1278  1333 I chatty  : uid=1000(system) batterystats-wo expire 3 lines
04-18 10:06:07.596  1278  3489 I chatty  : uid=1000(system) Binder:1278_6 expire 1 line
04-18 10:07:06.286  1278  1303 I chatty  : uid=1000(system) Binder:1278_2 expire 1 line
04-18 10:07:34.853  1278  1333 I chatty  : uid=1000(system) batterystats-wo expire 22 lines
04-18 10:07:34.853  1278  3558 I chatty  : uid=1000(system) HwBinder:1278_4 expire 22 lines
04-18 10:09:58.575  1278  1278 I chatty  : uid=1000 system_server expire 11 lines
04-18 10:09:58.665  1278  4204 I chatty  : uid=1000(system) backup expire 2 lines
04-18 10:11:37.799  1061  1184 E storaged: getDiskStats failed with result NOT_SUPPORTED and size 0
04-18 10:11:53.145  1278  3558 I chatty  : uid=1000(system) HwBinder:1278_4 expire 41 lines
04-18 10:18:55.545  1061  1184 E storaged: getDiskStats failed with result NOT_SUPPORTED and size 0
04-18 10:18:57.156  1278  3558 I chatty  : uid=1000(system) HwBinder:1278_4 expire 30 lines
04-18 10:18:57.157  1278  1333 I chatty  : uid=1000(system) batterystats-wo expire 10 lines
04-18 10:23:50.804  1061  1184 E storaged: getDiskStats failed with result NOT_SUPPORTED and size 0
04-18 10:23:57.156  1278  3558 I chatty  : uid=1000(system) HwBinder:1278_4 expire 27 lines
04-18 10:23:57.157  1278  1333 I chatty  : uid=1000(system) batterystats-wo expire 18 lines
04-18 10:28:50.715  1278  1302 I chatty  : uid=1000(system) Binder:1278_1 expire 1 line
04-18 10:28:51.595  1061  1184 E storaged: getDiskStats failed with result NOT_SUPPORTED and size 0
04-18 10:28:57.155  1278  3558 I chatty  : uid=1000(system) HwBinder:1278_4 expire 27 lines
04-18 10:29:00.721  1278  4417 I chatty  : uid=1000(system) Binder:1278_E expire 1 line
04-18 10:30:47.203  1278  1278 I chatty  : uid=1000 system_server expire 4 lines
04-18 10:33:26.713  1061  1184 E storaged: getDiskStats failed with result NOT_SUPPORTED and size 0
04-18 10:33:26.714  1278  3558 I chatty  : uid=1000(system) HwBinder:1278_4 expire 29 lines
04-18 10:33:26.715  1278  1333 I chatty  : uid=1000(system) batterystats-wo expire 12 lines
04-18 10:37:57.586  1278  3558 I chatty  : uid=1000(system) HwBinder:1278_4 expire 37 lines
04-18 10:39:19.073  1061  1184 E storaged: getDiskStats failed with result NOT_SUPPORTED and size 0
04-18 10:39:54.817  1278  1333 I chatty  : uid=1000(system) batterystats-wo expire 10 lines
04-18 10:44:51.467  1061  1184 E storaged: getDiskStats failed with result NOT_SUPPORTED and size 0
04-18 10:44:57.169  1278  3558 I chatty  : uid=1000(system) HwBinder:1278_4 expire 27 lines
04-18 10:44:57.170  1278  1333 I chatty  : uid=1000(system) batterystats-wo expire 15 lines
04-18 10:46:06.312  1278  1278 I chatty  : uid=1000 system_server expire 12 lines
04-18 10:49:36.040  1061  1184 E storaged: getDiskStats failed with result NOT_SUPPORTED and size 0
04-18 10:49:37.008  1278  3558 I chatty  : uid=1000(system) HwBinder:1278_4 expire 18 lines
04-18 10:52:53.370  1061  1184 E storaged: getDiskStats failed with result NOT_SUPPORTED and size 0
04-18 10:52:53.932  1278  3558 I chatty  : uid=1000(system) HwBinder:1278_4 expire 36 lines
04-18 10:52:53.934  1278  1333 I chatty  : uid=1000(system) batterystats-wo expire 12 lines
04-18 10:52:58.261  1278  5927 I chatty  : uid=1000(system) Binder:1278_13 expire 1 line
04-18 10:53:54.989  1278  4204 I chatty  : uid=1000(system) backup expire 2 lines
04-18 10:55:16.976  1278  3489 I chatty  : uid=1000(system) Binder:1278_6 expire 1 line
